Archive member included to satisfy reference by file (symbol)

.\CortexM3\ARM_GCC_541\Release\Seat.a(Seat_ADC.o)
                              .\CortexM3\ARM_GCC_541\Release\main.o (Seat_ADC_Start)
.\CortexM3\ARM_GCC_541\Release\Seat.a(Seat_ADC_INT.o)
                              .\CortexM3\ARM_GCC_541\Release\Seat.a(Seat_ADC.o) (Seat_ADC_ISR)
.\CortexM3\ARM_GCC_541\Release\Seat.a(Seat_ADC_SAR.o)
                              .\CortexM3\ARM_GCC_541\Release\Seat.a(Seat_ADC.o) (Seat_ADC_SAR_Stop)
.\CortexM3\ARM_GCC_541\Release\Seat.a(Seat_ADC_TempBuf_dma.o)
                              .\CortexM3\ARM_GCC_541\Release\Seat.a(Seat_ADC.o) (Seat_ADC_TempBuf_DmaInitialize)
.\CortexM3\ARM_GCC_541\Release\Seat.a(Seat_ADC_FinalBuf_dma.o)
                              .\CortexM3\ARM_GCC_541\Release\Seat.a(Seat_ADC.o) (Seat_ADC_FinalBuf_DmaInitialize)
.\CortexM3\ARM_GCC_541\Release\Seat.a(Seat_ADC_IRQ.o)
                              .\CortexM3\ARM_GCC_541\Release\Seat.a(Seat_ADC.o) (Seat_ADC_IRQ_SetVector)
.\CortexM3\ARM_GCC_541\Release\Seat.a(CyDmac.o)
                              .\CortexM3\ARM_GCC_541\Release\Cm3Start.o (CyDmacConfigure)
.\CortexM3\ARM_GCC_541\Release\Seat.a(CyLib.o)
                              .\CortexM3\ARM_GCC_541\Release\Cm3Start.o (CyHalt)
.\CortexM3\ARM_GCC_541\Release\Seat.a(cyPm.o)
                              .\CortexM3\ARM_GCC_541\Release\Seat.a(CyLib.o) (CyPmReadStatus)
.\CortexM3\ARM_GCC_541\Release\Seat.a(USBUART.o)
                              .\CortexM3\ARM_GCC_541\Release\main.o (USBUART_Init)
.\CortexM3\ARM_GCC_541\Release\Seat.a(USBUART_cdc.o)
                              .\CortexM3\ARM_GCC_541\Release\main.o (USBUART_CDC_Init)
.\CortexM3\ARM_GCC_541\Release\Seat.a(USBUART_drv.o)
                              .\CortexM3\ARM_GCC_541\Release\Seat.a(USBUART.o) (USBUART_lastPacketSize)
.\CortexM3\ARM_GCC_541\Release\Seat.a(USBUART_episr.o)
                              .\CortexM3\ARM_GCC_541\Release\Seat.a(USBUART.o) (USBUART_EP_1_ISR)
.\CortexM3\ARM_GCC_541\Release\Seat.a(USBUART_pm.o)
                              .\CortexM3\ARM_GCC_541\Release\Seat.a(USBUART.o) (USBUART_DP_ISR)
.\CortexM3\ARM_GCC_541\Release\Seat.a(USBUART_std.o)
                              .\CortexM3\ARM_GCC_541\Release\Seat.a(USBUART_pm.o) (USBUART_ConfigReg)
.\CortexM3\ARM_GCC_541\Release\Seat.a(USBUART_vnd.o)
                              .\CortexM3\ARM_GCC_541\Release\Seat.a(USBUART_drv.o) (USBUART_HandleVendorRqst)
.\CortexM3\ARM_GCC_541\Release\Seat.a(USBUART_Dp.o)
                              .\CortexM3\ARM_GCC_541\Release\Seat.a(USBUART.o) (USBUART_Dp_ClearInterrupt)
.\CortexM3\ARM_GCC_541\Release\Seat.a(LED.o)
                              .\CortexM3\ARM_GCC_541\Release\main.o (LED_Write)
.\CortexM3\ARM_GCC_541\Release\Seat.a(Sample_Timer.o)
                              .\CortexM3\ARM_GCC_541\Release\main.o (Sample_Timer_Start)
.\CortexM3\ARM_GCC_541\Release\Seat.a(Sample_Interrupt.o)
                              .\CortexM3\ARM_GCC_541\Release\main.o (Sample_Interrupt_StartEx)
.\CortexM3\ARM_GCC_541\Release\Seat.a(CyBootAsmGnu.o)
                              .\CortexM3\ARM_GCC_541\Release\cyfitter_cfg.o (CyDelayCycles)
.\CortexM3\ARM_GCC_541\Release\Seat.a(CyFlash.o)
                              .\CortexM3\ARM_GCC_541\Release\Seat.a(cyPm.o) (CyFlash_SetWaitCycles)
.\CortexM3\ARM_GCC_541\Release\Seat.a(CySpc.o)
                              .\CortexM3\ARM_GCC_541\Release\Seat.a(CyFlash.o) (CySpcStart)
.\CortexM3\ARM_GCC_541\Release\Seat.a(USBUART_cls.o)
                              .\CortexM3\ARM_GCC_541\Release\Seat.a(USBUART_drv.o) (USBUART_DispatchClassRqst)
.\CortexM3\ARM_GCC_541\Release\Seat.a(USBUART_descr.o)
                              .\CortexM3\ARM_GCC_541\Release\Seat.a(USBUART_std.o) (USBUART_idSerialNumberStringDescriptor)
c:/program files (x86)/cypress/psoc creator/4.2/psoc creator/import/gnu/arm/5.4.1/bin/../lib/gcc/arm-none-eabi/5.4.1/armv7-m\libgcc.a(_arm_addsubsf3.o)
                              .\CortexM3\ARM_GCC_541\Release\Seat.a(Seat_ADC_SAR.o) (__aeabi_i2f)
c:/program files (x86)/cypress/psoc creator/4.2/psoc creator/import/gnu/arm/5.4.1/bin/../lib/gcc/arm-none-eabi/5.4.1/armv7-m\libgcc.a(_arm_muldivsf3.o)
                              .\CortexM3\ARM_GCC_541\Release\Seat.a(Seat_ADC_SAR.o) (__aeabi_fmul)
c:/program files (x86)/cypress/psoc creator/4.2/psoc creator/import/gnu/arm/5.4.1/bin/../lib/gcc/arm-none-eabi/5.4.1/armv7-m\libgcc.a(_aeabi_ldivmod.o)
                              .\CortexM3\ARM_GCC_541\Release\Seat.a(Seat_ADC_SAR.o) (__aeabi_ldivmod)
c:/program files (x86)/cypress/psoc creator/4.2/psoc creator/import/gnu/arm/5.4.1/bin/../lib/gcc/arm-none-eabi/5.4.1/armv7-m\libgcc.a(_udivmoddi4.o)
                              c:/program files (x86)/cypress/psoc creator/4.2/psoc creator/import/gnu/arm/5.4.1/bin/../lib/gcc/arm-none-eabi/5.4.1/armv7-m\libgcc.a(_aeabi_ldivmod.o) (__udivmoddi4)
[...]
Memory Configuration

Name             Origin             Length             Attributes
rom              0x00000000         0x00040000         xr
ram              0x1fff8000         0x00010000         xrw
*default*        0x00000000         0xffffffff

Linker script and memory map

LOAD c:/program files (x86)/cypress/psoc creator/4.2/psoc creator/import/gnu/arm/5.4.1/bin/../lib/gcc/arm-none-eabi/5.4.1/armv7-m/crti.o
LOAD c:/program files (x86)/cypress/psoc creator/4.2/psoc creator/import/gnu/arm/5.4.1/bin/../lib/gcc/arm-none-eabi/5.4.1/armv7-m/crtbegin.o
LOAD c:/program files (x86)/cypress/psoc creator/4.2/psoc creator/import/gnu/arm/5.4.1/bin/../lib/gcc/arm-none-eabi/5.4.1/../../../../arm-none-eabi/lib/armv7-m/crt0.o
START GROUP
LOAD .\CortexM3\ARM_GCC_541\Release\main.o
LOAD .\CortexM3\ARM_GCC_541\Release\cyfitter_cfg.o
LOAD .\CortexM3\ARM_GCC_541\Release\cymetadata.o
LOAD .\CortexM3\ARM_GCC_541\Release\Cm3Start.o
LOAD .\CortexM3\ARM_GCC_541\Release\Seat.a
LOAD C:\Program Files (x86)\Cypress\PSoC Creator\4.2\PSoC Creator\psoc\content\cycomponentlibrary\CyComponentLibrary.cylib\CortexM3\ARM_GCC_541\Release\CyComponentLibrary.a
END GROUP
START GROUP
LOAD c:/program files (x86)/cypress/psoc creator/4.2/psoc creator/import/gnu/arm/5.4.1/bin/../lib/gcc/arm-none-eabi/5.4.1/armv7-m\libgcc.a
LOAD c:/program files (x86)/cypress/psoc creator/4.2/psoc creator/import/gnu/arm/5.4.1/bin/../lib/gcc/arm-none-eabi/5.4.1/../../../../arm-none-eabi/lib/armv7-m\libg_nano.a
LOAD c:/program files (x86)/cypress/psoc creator/4.2/psoc creator/import/gnu/arm/5.4.1/bin/../lib/gcc/arm-none-eabi/5.4.1/../../../../arm-none-eabi/lib/armv7-m\libc_nano.a
END GROUP
START GROUP
LOAD c:/program files (x86)/cypress/psoc creator/4.2/psoc creator/import/gnu/arm/5.4.1/bin/../lib/gcc/arm-none-eabi/5.4.1/armv7-m\libgcc.a
LOAD c:/program files (x86)/cypress/psoc creator/4.2/psoc creator/import/gnu/arm/5.4.1/bin/../lib/gcc/arm-none-eabi/5.4.1/../../../../arm-none-eabi/lib/armv7-m\libc_nano.a
END GROUP
LOAD c:/program files (x86)/cypress/psoc creator/4.2/psoc creator/import/gnu/arm/5.4.1/bin/../lib/gcc/arm-none-eabi/5.4.1/armv7-m/crtend.o
LOAD c:/program files (x86)/cypress/psoc creator/4.2/psoc creator/import/gnu/arm/5.4.1/bin/../lib/gcc/arm-none-eabi/5.4.1/armv7-m/crtn.o
START GROUP
LOAD c:/program files (x86)/cypress/psoc creator/4.2/psoc creator/import/gnu/arm/5.4.1/bin/../lib/gcc/arm-none-eabi/5.4.1/armv7-m\libgcc.a
LOAD c:/program files (x86)/cypress/psoc creator/4.2/psoc creator/import/gnu/arm/5.4.1/bin/../lib/gcc/arm-none-eabi/5.4.1/../../../../arm-none-eabi/lib/armv7-m\libc.a
LOAD c:/program files (x86)/cypress/psoc creator/4.2/psoc creator/import/gnu/arm/5.4.1/bin/../lib/gcc/arm-none-eabi/5.4.1/../../../../arm-none-eabi/lib/armv7-m\libnosys.a
END GROUP
                0x00000000                CY_APPL_ORIGIN = 0x0
                0x00000100                CY_FLASH_ROW_SIZE = 0x100
                0x00000020                CY_ECC_ROW_SIZE = 0x20
                0x00000000                CY_EE_IN_BTLDR = 0x0
                0x00000000                CY_APPL_LOADABLE = 0x0
                0x00000800                CY_EE_SIZE = 0x800
                0x00000001                CY_APPL_NUM = 0x1
                0x00000001                CY_APPL_MAX = 0x1
                0x00000040                CY_METADATA_SIZE = 0x40
                0x00000000                CY_APPL_LOADABLE = 0x0
                0x00000000                CY_CHECKSUM_EXCLUDE_SIZE = ALIGN (0x0, CY_FLASH_ROW_SIZE)
                [!provide]                PROVIDE (__cy_heap_start, _end)
                0x00000001                PROVIDE (__cy_region_num, ((__cy_regions_end - __cy_regions) / 0x10))
                0x20008000                PROVIDE (__cy_stack, (ORIGIN (ram) + LENGTH (ram)))
                [!provide]                PROVIDE (__cy_heap_end, (__cy_stack - 0x800))

.cybootloader   0x00000000        0x0
 *(.cybootloader)
                0x00000000                appl1_start = CY_APPL_ORIGIN?CY_APPL_ORIGIN:ALIGN (CY_FLASH_ROW_SIZE)
                0x0001ff00                appl2_start = (appl1_start + ALIGN ((((LENGTH (rom) - appl1_start) - (0x2 * CY_FLASH_ROW_SIZE)) / 0x2), CY_FLASH_ROW_SIZE))
                0x00000000                appl_start = (CY_APPL_NUM == 0x1)?appl1_start:appl2_start
                0x00000000                ecc_offset = ((appl_start / CY_FLASH_ROW_SIZE) * CY_ECC_ROW_SIZE)
                0x00000000                ee_offset = (CY_APPL_LOADABLE && ! (CY_EE_IN_BTLDR))?((CY_EE_SIZE / CY_APPL_MAX) * (CY_APPL_NUM - 0x1)):0x0
                0x00000800                ee_size = (CY_APPL_LOADABLE && ! (CY_EE_IN_BTLDR))?(CY_EE_SIZE / CY_APPL_MAX):CY_EE_SIZE
                [!provide]                PROVIDE (CY_ECC_OFFSET, ecc_offset)

.text           0x00000000     0x1cd4
 CREATE_OBJECT_SYMBOLS
                0x00000000                PROVIDE (__cy_interrupt_vector, RomVectors)
 *(.romvectors)
 .romvectors    0x00000000       0x10 .\CortexM3\ARM_GCC_541\Release\Cm3Start.o
                0x00000000                RomVectors
                0x00000001                ASSERT ((. != __cy_interrupt_vector), No interrupt vector)
                0x00000001                ASSERT (CY_APPL_ORIGIN?(SIZEOF (.cybootloader) <= CY_APPL_ORIGIN):0x1, Wrong image location)
                0x00000010                PROVIDE (__cy_reset, Reset)
 *(.text.Reset)
 .text.Reset    0x00000010       0x18 .\CortexM3\ARM_GCC_541\Release\Cm3Start.o
                0x00000010                Reset
                0x00000001                ASSERT ((. != __cy_reset), No reset code)
 *(.dma_init)
                0x00000001                ASSERT ((((appl_start + .) <= 0x10000) || 0x1), DMA Init must be within the first 64k of flash)
 *(.text .text.* .gnu.linkonce.t.*)
 .text          0x00000028       0x5c c:/program files (x86)/cypress/psoc creator/4.2/psoc creator/import/gnu/arm/5.4.1/bin/../lib/gcc/arm-none-eabi/5.4.1/armv7-m/crtbegin.o
 .text.sample_isr
                0x00000084       0x14 .\CortexM3\ARM_GCC_541\Release\main.o
                0x00000084                sample_isr
 .text.set_checksum
                0x00000098       0x22 .\CortexM3\ARM_GCC_541\Release\main.o
                0x00000098                set_checksum
 *fill*         0x000000ba        0x2 
 .text.startup.main
                0x000000bc       0xc0 .\CortexM3\ARM_GCC_541\Release\main.o
                0x000000bc                main
 .text.cyfitter_cfg
                0x0000017c      0x240 .\CortexM3\ARM_GCC_541\Release\cyfitter_cfg.o
                0x0000017c                cyfitter_cfg
 .text.IntDefaultHandler
                0x000003bc       0x10 .\CortexM3\ARM_GCC_541\Release\Cm3Start.o
                0x000003bc                IntDefaultHandler
 .text.Start_c  0x000003cc       0x50 .\CortexM3\ARM_GCC_541\Release\Cm3Start.o
                0x000003cc                Start_c
 .text.startup.initialize_psoc
                0x0000041c       0x70 .\CortexM3\ARM_GCC_541\Release\Cm3Start.o
                0x0000041c                initialize_psoc
 .text.Seat_ADC_Init
                0x0000048c       0x40 .\CortexM3\ARM_GCC_541\Release\Seat.a(Seat_ADC.o)
                0x0000048c                Seat_ADC_Init
 .text.Seat_ADC_Enable
                0x000004cc       0xcc .\CortexM3\ARM_GCC_541\Release\Seat.a(Seat_ADC.o)
                0x000004cc                Seat_ADC_Enable
 .text.Seat_ADC_Start
                0x00000598       0x28 .\CortexM3\ARM_GCC_541\Release\Seat.a(Seat_ADC.o)
                0x00000598                Seat_ADC_Start
 .text.Seat_ADC_StartConvert
                0x000005c0       0x10 .\CortexM3\ARM_GCC_541\Release\Seat.a(Seat_ADC.o)
                0x000005c0                Seat_ADC_StartConvert
 .text.Seat_ADC_IsEndConversion
                0x000005d0       0x18 .\CortexM3\ARM_GCC_541\Release\Seat.a(Seat_ADC.o)
                0x000005d0                Seat_ADC_IsEndConversion
 .text.Seat_ADC_GetResult16
                0x000005e8       0x1c .\CortexM3\ARM_GCC_541\Release\Seat.a(Seat_ADC.o)
                0x000005e8                Seat_ADC_GetResult16
 .text.Seat_ADC_ISR
                0x00000604        0x2 .\CortexM3\ARM_GCC_541\Release\Seat.a(Seat_ADC_INT.o)
                0x00000604                Seat_ADC_ISR
 *fill*         0x00000606        0x2 
 .text.Seat_ADC_SAR_Enable
                0x00000608       0x7c .\CortexM3\ARM_GCC_541\Release\Seat.a(Seat_ADC_SAR.o)
                0x00000608                Seat_ADC_SAR_Enable
 .text.Seat_ADC_SAR_SetResolution
                0x00000684       0x6c .\CortexM3\ARM_GCC_541\Release\Seat.a(Seat_ADC_SAR.o)
                0x00000684                Seat_ADC_SAR_SetResolution
 .text.Seat_ADC_SAR_Init
                0x000006f0       0x24 .\CortexM3\ARM_GCC_541\Release\Seat.a(Seat_ADC_SAR.o)
                0x000006f0                Seat_ADC_SAR_Init
 .text.Seat_ADC_SAR_Start
                0x00000714       0x1c .\CortexM3\ARM_GCC_541\Release\Seat.a(Seat_ADC_SAR.o)
                0x00000714                Seat_ADC_SAR_Start
 .text.Seat_ADC_TempBuf_DmaInitialize
                0x00000730       0x38 .\CortexM3\ARM_GCC_541\Release\Seat.a(Seat_ADC_TempBuf_dma.o)
                0x00000730                Seat_ADC_TempBuf_DmaInitialize
 .text.Seat_ADC_FinalBuf_DmaInitialize
                0x00000768       0x38 .\CortexM3\ARM_GCC_541\Release\Seat.a(Seat_ADC_FinalBuf_dma.o)
                0x00000768                Seat_ADC_FinalBuf_DmaInitialize
 .text.Seat_ADC_IRQ_SetVector
                0x000007a0        0xc .\CortexM3\ARM_GCC_541\Release\Seat.a(Seat_ADC_IRQ.o)
                0x000007a0                Seat_ADC_IRQ_SetVector
 .text.Seat_ADC_IRQ_SetPriority
                0x000007ac       0x10 .\CortexM3\ARM_GCC_541\Release\Seat.a(Seat_ADC_IRQ.o)
                0x000007ac                Seat_ADC_IRQ_SetPriority
 .text.CyDmacConfigure
                0x000007bc       0x2c .\CortexM3\ARM_GCC_541\Release\Seat.a(CyDmac.o)
                0x000007bc                CyDmacConfigure
 .text.CyDmaChEnable
                0x000007e8       0x2c .\CortexM3\ARM_GCC_541\Release\Seat.a(CyDmac.o)
                0x000007e8                CyDmaChEnable
 .text.CyDmaClearPendingDrq
                0x00000814       0x28 .\CortexM3\ARM_GCC_541\Release\Seat.a(CyDmac.o)
                0x00000814                CyDmaClearPendingDrq
 .text.CyDmaChPriority
                0x0000083c       0x24 .\CortexM3\ARM_GCC_541\Release\Seat.a(CyDmac.o)
                0x0000083c                CyDmaChPriority
 .text.CyDmaChSetExtendedAddress
                0x00000860       0x2e .\CortexM3\ARM_GCC_541\Release\Seat.a(CyDmac.o)
                0x00000860                CyDmaChSetExtendedAddress
 *fill*         0x0000088e        0x2 
 .text.CyDmaChSetInitialTd
                0x00000890       0x18 .\CortexM3\ARM_GCC_541\Release\Seat.a(CyDmac.o)
                0x00000890                CyDmaChSetInitialTd
 .text.CyDmaChSetConfiguration
                0x000008a8       0x40 .\CortexM3\ARM_GCC_541\Release\Seat.a(CyDmac.o)
                0x000008a8                CyDmaChSetConfiguration
 .text.CyDmaTdAllocate
                0x000008e8       0x34 .\CortexM3\ARM_GCC_541\Release\Seat.a(CyDmac.o)
                0x000008e8                CyDmaTdAllocate
 .text.CyDmaTdSetConfiguration
                0x0000091c       0x24 .\CortexM3\ARM_GCC_541\Release\Seat.a(CyDmac.o)
                0x0000091c                CyDmaTdSetConfiguration
 .text.CyDmaTdSetAddress
                0x00000940       0x1a .\CortexM3\ARM_GCC_541\Release\Seat.a(CyDmac.o)
                0x00000940                CyDmaTdSetAddress
 *fill*         0x0000095a        0x2 
 .text.CyDelayUs
                0x0000095c       0x10 .\CortexM3\ARM_GCC_541\Release\Seat.a(CyLib.o)
                0x0000095c                CyDelayUs
 .text.CyIntSetVector
                0x0000096c       0x1c .\CortexM3\ARM_GCC_541\Release\Seat.a(CyLib.o)
                0x0000096c                CyIntSetVector
 .text.CyIntSetPriority
                0x00000988       0x14 .\CortexM3\ARM_GCC_541\Release\Seat.a(CyLib.o)
                0x00000988                CyIntSetPriority
 .text.CyGetUniqueId
                0x0000099c       0x70 .\CortexM3\ARM_GCC_541\Release\Seat.a(CyLib.o)
                0x0000099c                CyGetUniqueId
 .text.USBUART_Init
                0x00000a0c      0x13c .\CortexM3\ARM_GCC_541\Release\Seat.a(USBUART.o)
                0x00000a0c                USBUART_Init
 .text.USBUART_InitComponent
                0x00000b48       0xa4 .\CortexM3\ARM_GCC_541\Release\Seat.a(USBUART.o)
                0x00000b48                USBUART_InitComponent
 .text.USBUART_Start
                0x00000bec       0x24 .\CortexM3\ARM_GCC_541\Release\Seat.a(USBUART.o)
                0x00000bec                USBUART_Start
 .text.USBUART_ReInitComponent
                0x00000c10       0x4c .\CortexM3\ARM_GCC_541\Release\Seat.a(USBUART.o)
                0x00000c10                USBUART_ReInitComponent
 .text.USBUART_GetEPState
                0x00000c5c       0x10 .\CortexM3\ARM_GCC_541\Release\Seat.a(USBUART.o)
                0x00000c5c                USBUART_GetEPState
 .text.USBUART_LoadInEP
                0x00000c6c       0x7c .\CortexM3\ARM_GCC_541\Release\Seat.a(USBUART.o)
                0x00000c6c                USBUART_LoadInEP
 .text.USBUART_EnableOutEP
                0x00000ce8       0x28 .\CortexM3\ARM_GCC_541\Release\Seat.a(USBUART.o)
                0x00000ce8                USBUART_EnableOutEP
 .text.USBUART_GetInterfaceComPort
                0x00000d10       0x30 .\CortexM3\ARM_GCC_541\Release\Seat.a(USBUART_cdc.o)
                0x00000d10                USBUART_GetInterfaceComPort
 .text.USBUART_DispatchCDCClassRqst
                0x00000d40       0x90 .\CortexM3\ARM_GCC_541\Release\Seat.a(USBUART_cdc.o)
                0x00000d40                USBUART_DispatchCDCClassRqst
 .text.USBUART_CDC_Init
                0x00000dd0       0x70 .\CortexM3\ARM_GCC_541\Release\Seat.a(USBUART_cdc.o)
                0x00000dd0                USBUART_CDC_Init
 .text.USBUART_PutData
                0x00000e40       0x3c .\CortexM3\ARM_GCC_541\Release\Seat.a(USBUART_cdc.o)
                0x00000e40                USBUART_PutData
 .text.USBUART_CDCIsReady
                0x00000e7c       0x14 .\CortexM3\ARM_GCC_541\Release\Seat.a(USBUART_cdc.o)
                0x00000e7c                USBUART_CDCIsReady
 .text.USBUART_Cdc_EpInit
                0x00000e90       0x50 .\CortexM3\ARM_GCC_541\Release\Seat.a(USBUART_cdc.o)
                0x00000e90                USBUART_Cdc_EpInit
 .text.USBUART_LoadEP0
                0x00000ee0       0x8c .\CortexM3\ARM_GCC_541\Release\Seat.a(USBUART_drv.o)
                0x00000ee0                USBUART_LoadEP0
 .text.USBUART_InitZeroLengthControlTransfer
                0x00000f6c       0x34 .\CortexM3\ARM_GCC_541\Release\Seat.a(USBUART_drv.o)
                0x00000f6c                USBUART_InitZeroLengthControlTransfer
 .text.USBUART_ControlWriteDataStage
                0x00000fa0       0x78 .\CortexM3\ARM_GCC_541\Release\Seat.a(USBUART_drv.o)
                0x00000fa0                USBUART_ControlWriteDataStage
 .text.USBUART_InitNoDataControlTransfer
                0x00001018       0x2c .\CortexM3\ARM_GCC_541\Release\Seat.a(USBUART_drv.o)
                0x00001018                USBUART_InitNoDataControlTransfer
 .text.USBUART_UpdateStatusBlock
                0x00001044       0x20 .\CortexM3\ARM_GCC_541\Release\Seat.a(USBUART_drv.o)
                0x00001044                USBUART_UpdateStatusBlock
 .text.USBUART_HandleSetup
                0x00001064       0x58 .\CortexM3\ARM_GCC_541\Release\Seat.a(USBUART_drv.o)
                0x00001064                USBUART_HandleSetup
 .text.USBUART_ControlReadStatusStage
                0x000010bc       0x34 .\CortexM3\ARM_GCC_541\Release\Seat.a(USBUART_drv.o)
                0x000010bc                USBUART_ControlReadStatusStage
 .text.USBUART_HandleOUT
                0x000010f0       0x3c .\CortexM3\ARM_GCC_541\Release\Seat.a(USBUART_drv.o)
                0x000010f0                USBUART_HandleOUT
 .text.USBUART_ControlWriteStatusStage
                0x0000112c       0x20 .\CortexM3\ARM_GCC_541\Release\Seat.a(USBUART_drv.o)
                0x0000112c                USBUART_ControlWriteStatusStage
 .text.USBUART_NoDataControlStatusStage
                0x0000114c       0x3c .\CortexM3\ARM_GCC_541\Release\Seat.a(USBUART_drv.o)
                0x0000114c                USBUART_NoDataControlStatusStage
 .text.USBUART_HandleIN
                0x00001188       0x24 .\CortexM3\ARM_GCC_541\Release\Seat.a(USBUART_drv.o)
                0x00001188                USBUART_HandleIN
 .text.USBUART_EP_0_ISR
                0x000011ac       0x8c .\CortexM3\ARM_GCC_541\Release\Seat.a(USBUART_drv.o)
                0x000011ac                USBUART_EP_0_ISR
 .text.USBUART_InitializeStatusBlock
                0x00001238       0x20 .\CortexM3\ARM_GCC_541\Release\Seat.a(USBUART_drv.o)
                0x00001238                USBUART_InitializeStatusBlock
 .text.USBUART_InitControlRead
                0x00001258       0x4c .\CortexM3\ARM_GCC_541\Release\Seat.a(USBUART_drv.o)
                0x00001258                USBUART_InitControlRead
 .text.USBUART_InitControlWrite
                0x000012a4       0x48 .\CortexM3\ARM_GCC_541\Release\Seat.a(USBUART_drv.o)
                0x000012a4                USBUART_InitControlWrite
 .text.USBUART_EP_1_ISR
                0x000012ec       0x2c .\CortexM3\ARM_GCC_541\Release\Seat.a(USBUART_episr.o)
                0x000012ec                USBUART_EP_1_ISR
 .text.USBUART_EP_2_ISR
                0x00001318       0x30 .\CortexM3\ARM_GCC_541\Release\Seat.a(USBUART_episr.o)
                0x00001318                USBUART_EP_2_ISR
 .text.USBUART_EP_3_ISR
                0x00001348       0x38 .\CortexM3\ARM_GCC_541\Release\Seat.a(USBUART_episr.o)
                0x00001348                USBUART_EP_3_ISR
 .text.USBUART_SOF_ISR
                0x00001380        0x2 .\CortexM3\ARM_GCC_541\Release\Seat.a(USBUART_episr.o)
                0x00001380                USBUART_SOF_ISR
 .text.USBUART_BUS_RESET_ISR
                0x00001382        0x4 .\CortexM3\ARM_GCC_541\Release\Seat.a(USBUART_episr.o)
                0x00001382                USBUART_BUS_RESET_ISR
 .text.USBUART_DP_ISR
                0x00001386        0x4 .\CortexM3\ARM_GCC_541\Release\Seat.a(USBUART_pm.o)
                0x00001386                USBUART_DP_ISR
 *fill*         0x0000138a        0x2 
 .text.USBUART_ReadDieID
                0x0000138c       0x6c .\CortexM3\ARM_GCC_541\Release\Seat.a(USBUART_std.o)
                0x0000138c                USBUART_ReadDieID
 .text.USBUART_ConfigReg
                0x000013f8       0x80 .\CortexM3\ARM_GCC_541\Release\Seat.a(USBUART_std.o)
                0x000013f8                USBUART_ConfigReg
 .text.USBUART_GetConfigTablePtr
                0x00001478       0x24 .\CortexM3\ARM_GCC_541\Release\Seat.a(USBUART_std.o)
                0x00001478                USBUART_GetConfigTablePtr
 .text.USBUART_ConfigAltChanged
                0x0000149c      0x128 .\CortexM3\ARM_GCC_541\Release\Seat.a(USBUART_std.o)
                0x0000149c                USBUART_ConfigAltChanged
 .text.USBUART_GetInterfaceClassTablePtr
                0x000015c4       0x20 .\CortexM3\ARM_GCC_541\Release\Seat.a(USBUART_std.o)
                0x000015c4                USBUART_GetInterfaceClassTablePtr
 .text.USBUART_Config
                0x000015e4      0x17c .\CortexM3\ARM_GCC_541\Release\Seat.a(USBUART_std.o)
                0x000015e4                USBUART_Config
 .text.USBUART_SetEndpointHalt
                0x00001760       0x54 .\CortexM3\ARM_GCC_541\Release\Seat.a(USBUART_std.o)
                0x00001760                USBUART_SetEndpointHalt
 .text.USBUART_ClearEndpointHalt
                0x000017b4       0x74 .\CortexM3\ARM_GCC_541\Release\Seat.a(USBUART_std.o)
                0x000017b4                USBUART_ClearEndpointHalt
 .text.USBUART_ValidateAlternateSetting
                0x00001828       0x48 .\CortexM3\ARM_GCC_541\Release\Seat.a(USBUART_std.o)
                0x00001828                USBUART_ValidateAlternateSetting
 .text.USBUART_HandleStandardRqst
                0x00001870      0x268 .\CortexM3\ARM_GCC_541\Release\Seat.a(USBUART_std.o)
                0x00001870                USBUART_HandleStandardRqst
 .text.USBUART_HandleVendorRqst
                0x00001ad8       0x14 .\CortexM3\ARM_GCC_541\Release\Seat.a(USBUART_vnd.o)
                0x00001ad8                USBUART_HandleVendorRqst
 .text.USBUART_Dp_ClearInterrupt
                0x00001aec       0x10 .\CortexM3\ARM_GCC_541\Release\Seat.a(USBUART_Dp.o)
                0x00001aec                USBUART_Dp_ClearInterrupt
 .text.LED_Write
                0x00001afc       0x18 .\CortexM3\ARM_GCC_541\Release\Seat.a(LED.o)
                0x00001afc                LED_Write
 .text.LED_Read
                0x00001b14       0x10 .\CortexM3\ARM_GCC_541\Release\Seat.a(LED.o)
                0x00001b14                LED_Read
 .text.Sample_Timer_Init
                0x00001b24       0x60 .\CortexM3\ARM_GCC_541\Release\Seat.a(Sample_Timer.o)
                0x00001b24                Sample_Timer_Init
 .text.Sample_Timer_Enable
                0x00001b84       0x24 .\CortexM3\ARM_GCC_541\Release\Seat.a(Sample_Timer.o)
                0x00001b84                Sample_Timer_Enable
 .text.Sample_Timer_Start
                0x00001ba8       0x1c .\CortexM3\ARM_GCC_541\Release\Seat.a(Sample_Timer.o)
                0x00001ba8                Sample_Timer_Start
 .text.Sample_Timer_ReadStatusRegister
                0x00001bc4        0xc .\CortexM3\ARM_GCC_541\Release\Seat.a(Sample_Timer.o)
                0x00001bc4                Sample_Timer_ReadStatusRegister
 .text.Sample_Interrupt_StartEx
                0x00001bd0       0x2c .\CortexM3\ARM_GCC_541\Release\Seat.a(Sample_Interrupt.o)
                0x00001bd0                Sample_Interrupt_StartEx
 *fill*         0x00001bfc        0x4 
 .text          0x00001c00       0x20 .\CortexM3\ARM_GCC_541\Release\Seat.a(CyBootAsmGnu.o)
                0x00001c00                CyDelayCycles
                0x00001c10                CyEnterCriticalSection
                0x00001c18                CyExitCriticalSection
 .text.USBUART_DispatchClassRqst
                0x00001c20       0x4c .\CortexM3\ARM_GCC_541\Release\Seat.a(USBUART_cls.o)
                0x00001c20                USBUART_DispatchClassRqst
 .text.__errno  0x00001c6c        0xc c:/program files (x86)/cypress/psoc creator/4.2/psoc creator/import/gnu/arm/5.4.1/bin/../lib/gcc/arm-none-eabi/5.4.1/../../../../arm-none-eabi/lib/armv7-m\libg_nano.a(lib_a-errno.o)
                0x00001c6c                __errno
 .text.__libc_init_array
                0x00001c78       0x4c c:/program files (x86)/cypress/psoc creator/4.2/psoc creator/import/gnu/arm/5.4.1/bin/../lib/gcc/arm-none-eabi/5.4.1/../../../../arm-none-eabi/lib/armv7-m\libg_nano.a(lib_a-init.o)
                0x00001c78                __libc_init_array
 .text.memset   0x00001cc4       0x10 c:/program files (x86)/cypress/psoc creator/4.2/psoc creator/import/gnu/arm/5.4.1/bin/../lib/gcc/arm-none-eabi/5.4.1/../../../../arm-none-eabi/lib/armv7-m\libg_nano.a(lib_a-memset.o)
                0x00001cc4                memset
 *(.plt)
 *(.gnu.warning)
 *(.glue_7t)
 .glue_7t       0x00001cd4        0x0 linker stubs
 *(.glue_7)
 .glue_7        0x00001cd4        0x0 linker stubs
 *(.vfp11_veneer)
 .vfp11_veneer  0x00001cd4        0x0 linker stubs
 *(.bootloader)
 *(.ARM.extab* .gnu.linkonce.armextab.*)
 *(.gcc_except_table)

.v4_bx          0x00001cd4        0x0
 .v4_bx         0x00001cd4        0x0 linker stubs

.iplt           0x00001cd4        0x0
 .iplt          0x00001cd4        0x0 c:/program files (x86)/cypress/psoc creator/4.2/psoc creator/import/gnu/arm/5.4.1/bin/../lib/gcc/arm-none-eabi/5.4.1/armv7-m/crtbegin.o

.eh_frame_hdr
 *(.eh_frame_hdr)

.eh_frame       0x00001cd4        0x4
 *(.eh_frame)
 .eh_frame      0x00001cd4        0x0 c:/program files (x86)/cypress/psoc creator/4.2/psoc creator/import/gnu/arm/5.4.1/bin/../lib/gcc/arm-none-eabi/5.4.1/armv7-m/crtbegin.o
 .eh_frame      0x00001cd4        0x4 c:/program files (x86)/cypress/psoc creator/4.2/psoc creator/import/gnu/arm/5.4.1/bin/../lib/gcc/arm-none-eabi/5.4.1/armv7-m/crtend.o
                [!provide]                PROVIDE (__exidx_start, .)

.ARM.exidx
 *(.ARM.exidx* .gnu.linkonce.armexidx.*)
                0x00001cd8                __exidx_end = .

.rodata         0x00001cd8      0x1e8
 *(.rodata .rodata.* .gnu.linkonce.r.*)
 .rodata        0x00001cd8       0x30 .\CortexM3\ARM_GCC_541\Release\cyfitter_cfg.o
 .rodata        0x00001d08       0x14 .\CortexM3\ARM_GCC_541\Release\Seat.a(Seat_ADC_SAR.o)
 .rodata.str1.1
                0x00001d1c       0x11 .\CortexM3\ARM_GCC_541\Release\Seat.a(USBUART_std.o)
 *fill*         0x00001d2d        0x3 
 .rodata        0x00001d30      0x158 .\CortexM3\ARM_GCC_541\Release\Seat.a(USBUART_descr.o)
                0x00001d30                USBUART_TABLE
                0x00001d38                USBUART_DEVICE0_TABLE
                0x00001d50                USBUART_DEVICE0_CONFIGURATION0_TABLE
                0x00001d78                USBUART_DEVICE0_CONFIGURATION0_INTERFACE_CLASS
                0x00001d7a                USBUART_DEVICE0_CONFIGURATION0_EP_SETTINGS_TABLE
                0x00001d92                USBUART_SN_STRING_DESCRIPTOR
                0x00001d94                USBUART_STRING_DESCRIPTORS
                0x00001e33                USBUART_DEVICE0_CONFIGURATION0_DESCR
                0x00001e76                USBUART_DEVICE0_DESCR
 .rodata.str1.1
                0x00001e88        0x2 c:/program files (x86)/cypress/psoc creator/4.2/psoc creator/import/gnu/arm/5.4.1/bin/../lib/gcc/arm-none-eabi/5.4.1/../../../../arm-none-eabi/lib/armv7-m\libg_nano.a(lib_a-impure.o)
                0x00001e8c                . = ALIGN (0x4)
 *fill*         0x00001e8a        0x2 
 *(.init)
 .init          0x00001e8c        0x4 c:/program files (x86)/cypress/psoc creator/4.2/psoc creator/import/gnu/arm/5.4.1/bin/../lib/gcc/arm-none-eabi/5.4.1/armv7-m/crti.o
                0x00001e8c                _init
 .init          0x00001e90        0x8 c:/program files (x86)/cypress/psoc creator/4.2/psoc creator/import/gnu/arm/5.4.1/bin/../lib/gcc/arm-none-eabi/5.4.1/armv7-m/crtn.o
                0x00001e98                . = ALIGN (0x4)
                0x00001e98                __preinit_array_start = .
 *(.preinit_array)
                0x00001e98                __preinit_array_end = .
                0x00001e98                . = ALIGN (0x4)
                0x00001e98                __init_array_start = .
 *(SORT(.init_array.*))
 *(.init_array)
 .init_array    0x00001e98        0x4 c:/program files (x86)/cypress/psoc creator/4.2/psoc creator/import/gnu/arm/5.4.1/bin/../lib/gcc/arm-none-eabi/5.4.1/armv7-m/crtbegin.o
 .init_array    0x00001e9c        0x4 .\CortexM3\ARM_GCC_541\Release\Cm3Start.o
                0x00001ea0                __init_array_end = .
                0x00001ea0                . = ALIGN (0x4)
 *(.fini)
 .fini          0x00001ea0        0x4 c:/program files (x86)/cypress/psoc creator/4.2/psoc creator/import/gnu/arm/5.4.1/bin/../lib/gcc/arm-none-eabi/5.4.1/armv7-m/crti.o
                0x00001ea0                _fini
 .fini          0x00001ea4        0x8 c:/program files (x86)/cypress/psoc creator/4.2/psoc creator/import/gnu/arm/5.4.1/bin/../lib/gcc/arm-none-eabi/5.4.1/armv7-m/crtn.o
                0x00001eac                . = ALIGN (0x4)
                0x00001eac                __fini_array_start = .
 *(.fini_array)
 .fini_array    0x00001eac        0x4 c:/program files (x86)/cypress/psoc creator/4.2/psoc creator/import/gnu/arm/5.4.1/bin/../lib/gcc/arm-none-eabi/5.4.1/armv7-m/crtbegin.o
 *(SORT(.fini_array.*))
                0x00001eb0                __fini_array_end = .
                0x00001eb0                . = ALIGN (0x4)
 *crtbegin.o(.ctors)
 *(EXCLUDE_FILE(*crtend.o) .ctors)
 *(SORT(.ctors.*))
 *crtend.o(.ctors)
                0x00001eb0                . = ALIGN (0x4)
 *crtbegin.o(.dtors)
 *(EXCLUDE_FILE(*crtend.o) .dtors)
 *(SORT(.dtors.*))
 *crtend.o(.dtors)
                0x00001eb0                . = ALIGN (0x4)
                0x00001eb0                __cy_regions = .
                0x00001eb0        0x4 LONG 0x1ec0 __cy_region_init_ram
                0x00001eb4        0x4 LONG 0x1fff80c8 __cy_region_start_data
                0x00001eb8        0x4 LONG 0xa0 __cy_region_init_size_ram
                0x00001ebc        0x4 LONG 0x110 __cy_region_zero_size_ram
                0x00001ec0                __cy_regions_end = .
                0x00001ec0                . = ALIGN (0x8)
                0x00001ec0                _etext = .

.cy_checksum_exclude
                0x00001ec0        0x0
 *(.cy_checksum_exclude)

.ramvectors     0x1fff8000       0xc0
                0x1fff8000                __cy_region_start_ram = .
 *(.ramvectors)
 .ramvectors    0x1fff8000       0xc0 .\CortexM3\ARM_GCC_541\Release\Cm3Start.o
                0x1fff8000                CyRamVectors

.noinit         0x1fff80c0        0x1
 *(.noinit)
 .noinit        0x1fff80c0        0x1 .\CortexM3\ARM_GCC_541\Release\Seat.a(CyLib.o)
                0x1fff80c0                CyResetStatus

.data           0x1fff80c8       0xa0 load address 0x00001ec0
                0x1fff80c8                __cy_region_start_data = .
 *(.jcr)
 .jcr           0x1fff80c8        0x0 c:/program files (x86)/cypress/psoc creator/4.2/psoc creator/import/gnu/arm/5.4.1/bin/../lib/gcc/arm-none-eabi/5.4.1/armv7-m/crtbegin.o
 .jcr           0x1fff80c8        0x4 c:/program files (x86)/cypress/psoc creator/4.2/psoc creator/import/gnu/arm/5.4.1/bin/../lib/gcc/arm-none-eabi/5.4.1/armv7-m/crtend.o
 *(.got.plt)
 *(.got)
 *(.shdata)
 *(.data .data.* .gnu.linkonce.d.*)
 .data          0x1fff80cc        0x2 .\CortexM3\ARM_GCC_541\Release\Seat.a(Seat_ADC.o)
 .data          0x1fff80ce        0x1 .\CortexM3\ARM_GCC_541\Release\Seat.a(Seat_ADC_TempBuf_dma.o)
                0x1fff80ce                Seat_ADC_TempBuf_DmaHandle
 .data          0x1fff80cf        0x1 .\CortexM3\ARM_GCC_541\Release\Seat.a(Seat_ADC_FinalBuf_dma.o)
                0x1fff80cf                Seat_ADC_FinalBuf_DmaHandle
 .data          0x1fff80d0        0x8 .\CortexM3\ARM_GCC_541\Release\Seat.a(CyDmac.o)
 .data          0x1fff80d8       0x10 .\CortexM3\ARM_GCC_541\Release\Seat.a(CyLib.o)
                0x1fff80d8                cydelay_32k_ms
                0x1fff80dc                cydelay_freq_khz
                0x1fff80e0                cydelay_freq_mhz
                0x1fff80e4                cydelay_freq_hz
 .data          0x1fff80e8       0x18 .\CortexM3\ARM_GCC_541\Release\Seat.a(USBUART_cdc.o)
                0x1fff80e8                USBUART_linesCoding
 .data.impure_data
                0x1fff8100       0x60 c:/program files (x86)/cypress/psoc creator/4.2/psoc creator/import/gnu/arm/5.4.1/bin/../lib/gcc/arm-none-eabi/5.4.1/../../../../arm-none-eabi/lib/armv7-m\libg_nano.a(lib_a-impure.o)
 .data._impure_ptr
                0x1fff8160        0x4 c:/program files (x86)/cypress/psoc creator/4.2/psoc creator/import/gnu/arm/5.4.1/bin/../lib/gcc/arm-none-eabi/5.4.1/../../../../arm-none-eabi/lib/armv7-m\libg_nano.a(lib_a-impure.o)
                0x1fff8160                _impure_ptr
                0x1fff8168                . = ALIGN (0x8)
 *fill*         0x1fff8164        0x4 
 *(.ram)
                0x1fff8168                _edata = .

.igot.plt       0x1fff8168        0x0 load address 0x00001f60
 .igot.plt      0x1fff8168        0x0 c:/program files (x86)/cypress/psoc creator/4.2/psoc creator/import/gnu/arm/5.4.1/bin/../lib/gcc/arm-none-eabi/5.4.1/armv7-m/crtbegin.o

.bss            0x1fff8168      0x110 load address 0x00001f60
                0x1fff8168                PROVIDE (__bss_start__, .)
 *(.shbss)
 *(.bss .bss.* .gnu.linkonce.b.*)
 .bss           0x1fff8168       0x1c c:/program files (x86)/cypress/psoc creator/4.2/psoc creator/import/gnu/arm/5.4.1/bin/../lib/gcc/arm-none-eabi/5.4.1/armv7-m/crtbegin.o
 .bss           0x1fff8184        0x4 .\CortexM3\ARM_GCC_541\Release\main.o
                0x1fff8184                take_sample
 .bss           0x1fff8188        0xc .\CortexM3\ARM_GCC_541\Release\Seat.a(Seat_ADC.o)
                0x1fff8190                Seat_ADC_initVar
 .bss           0x1fff8194        0x1 .\CortexM3\ARM_GCC_541\Release\Seat.a(Seat_ADC_SAR.o)
                0x1fff8194                Seat_ADC_SAR_initVar
 .bss           0x1fff8195        0x1 .\CortexM3\ARM_GCC_541\Release\Seat.a(USBUART.o)
                0x1fff8195                USBUART_initVar
 .bss           0x1fff8196        0x1 .\CortexM3\ARM_GCC_541\Release\Seat.a(USBUART_cdc.o)
 .bss           0x1fff8197        0x2 .\CortexM3\ARM_GCC_541\Release\Seat.a(USBUART_std.o)
 .bss           0x1fff8199        0x1 .\CortexM3\ARM_GCC_541\Release\Seat.a(Sample_Timer.o)
                0x1fff8199                Sample_Timer_initVar
 *(COMMON)
 COMMON         0x1fff819a        0x6 .\CortexM3\ARM_GCC_541\Release\Seat.a(Seat_ADC.o)
                0x1fff819a                Seat_ADC_finalArray
 COMMON         0x1fff81a0        0xa .\CortexM3\ARM_GCC_541\Release\Seat.a(Seat_ADC_SAR.o)
                0x1fff81a0                Seat_ADC_SAR_countsPer10Volt
                0x1fff81a4                Seat_ADC_SAR_offset
                0x1fff81a6                Seat_ADC_SAR_countsPerVolt
                0x1fff81a8                Seat_ADC_SAR_shift
 COMMON         0x1fff81aa       0x10 .\CortexM3\ARM_GCC_541\Release\Seat.a(USBUART_cdc.o)
                0x1fff81aa                USBUART_linesChanged
                0x1fff81ac                USBUART_cdcDataInEp
                0x1fff81ae                USBUART_cdcCommInInterruptEp
                0x1fff81b0                USBUART_cdcDataOutEp
                0x1fff81b2                USBUART_serialStateBitmap
                0x1fff81b6                USBUART_linesControlBitmap
 *fill*         0x1fff81ba        0x2 
 COMMON         0x1fff81bc       0x93 .\CortexM3\ARM_GCC_541\Release\Seat.a(USBUART_drv.o)
                0x1fff81bc                USBUART_lastPacketSize
                0x1fff81bd                USBUART_device
                0x1fff81be                USBUART_transferByteCount
                0x1fff81c0                USBUART_transferState
                0x1fff81c1                USBUART_interfaceSettingLast
                0x1fff81c4                USBUART_currentTD
                0x1fff81d0                USBUART_interfaceNumber
                0x1fff81d4                USBUART_interfaceClass
                0x1fff81d8                USBUART_configurationChanged
                0x1fff81d9                USBUART_ep0Mode
                0x1fff81da                USBUART_deviceAddress
                0x1fff81db                USBUART_configuration
                0x1fff81dc                USBUART_ep0Count
                0x1fff81dd                USBUART_deviceStatus
                0x1fff81de                USBUART_EP
                0x1fff824a                USBUART_interfaceSetting
                0x1fff824c                USBUART_ep0Toggle
                0x1fff824d                USBUART_interfaceStatus
 COMMON         0x1fff824f       0x22 .\CortexM3\ARM_GCC_541\Release\Seat.a(USBUART_descr.o)
                0x1fff824f                USBUART_idSerialNumberStringDescriptor
                0x1fff8278                . = ALIGN (0x8)
 *fill*         0x1fff8271        0x7 
 *(.ram.b)
                0x1fff8278                _end = .
                0x1fff8278                __end = .
                0x1fff8278                PROVIDE (end, .)
                0x1fff8278                PROVIDE (__bss_end__, .)
                0x00001ec0                __cy_region_init_ram = LOADADDR (.data)
                0x000000a0                __cy_region_init_size_ram = (_edata - ADDR (.data))
                0x00000110                __cy_region_zero_size_ram = (_end - _edata)

.heap           0x1fff8278       0x80 load address 0x00001f60
                0x1fff8278                . = _end
                0x1fff82f8                . = (. + 0x80)
 *fill*         0x1fff8278       0x80 
                0x1fff82f8                __cy_heap_limit = .

.stack          0x20007800      0x800
                0x20007800                __cy_stack_limit = .
                0x20008000                . = (. + 0x800)
 *fill*         0x20007800      0x800 
                0x00000001                ASSERT ((__cy_stack_limit >= __cy_heap_limit), region RAM overflowed with stack)
                0x00000000                cy_checksum_exclude_size = (CY_APPL_LOADABLE == 0x1)?SIZEOF (.cy_checksum_exclude):0x0
                0x00000001                ASSERT ((cy_checksum_exclude_size <= CY_CHECKSUM_EXCLUDE_SIZE), CY_BOOT: Section .cy_checksum_exclude size exceedes specified limit.)

.cyloadermeta
 *(.cyloadermeta)

.cyloadablemeta
 *(.cyloadablemeta)

.cyconfigecc    0x80000000      0x3f8
 *(.cyconfigecc)
 .cyconfigecc   0x80000000      0x3f8 .\CortexM3\ARM_GCC_541\Release\cymetadata.o
                0x80000000                cy_meta_configecc

.cycustnvl      0x90000000        0x4
 *(.cycustnvl)
 .cycustnvl     0x90000000        0x4 .\CortexM3\ARM_GCC_541\Release\cymetadata.o
                0x90000000                cy_meta_custnvl

.cywolatch      0x90100000        0x4
 *(.cywolatch)
 .cywolatch     0x90100000        0x4 .\CortexM3\ARM_GCC_541\Release\cymetadata.o
                0x90100000                cy_meta_wonvl

.cyeeprom       0x90200000        0x0
 *(.cyeeprom)
                0x00000001                ASSERT ((. <= ((0x90200000 + ee_offset) + ee_size)), .cyeeprom data will not fit in EEPROM)

.cyflashprotect
                0x90400000      0x100
 *(.cyflashprotect)
 .cyflashprotect
                0x90400000      0x100 .\CortexM3\ARM_GCC_541\Release\cymetadata.o
                0x90400000                cy_meta_flashprotect

.cymeta         0x90500000        0xc
 *(.cymeta)
 .cymeta        0x90500000        0xc .\CortexM3\ARM_GCC_541\Release\cymetadata.o
                0x90500000                cy_metadata

.rel.dyn        0x00001f60        0x0 load address 0x9050000c
 .rel.iplt      0x00001f60        0x0 c:/program files (x86)/cypress/psoc creator/4.2/psoc creator/import/gnu/arm/5.4.1/bin/../lib/gcc/arm-none-eabi/5.4.1/armv7-m/crtbegin.o

.stab
 *(.stab)

.stabstr
 *(.stabstr)

.debug
 *(.debug)

.line
 *(.line)

.debug_srcinfo
 *(.debug_srcinfo)

.debug_sfnames
 *(.debug_sfnames)

.debug_aranges  0x00000000      0xd10
 *(.debug_aranges)
 .debug_aranges
                0x00000000       0x30 .\CortexM3\ARM_GCC_541\Release\main.o
 .debug_aranges
                0x00000030       0x28 .\CortexM3\ARM_GCC_541\Release\cyfitter_cfg.o
 .debug_aranges
                0x00000058       0x18 .\CortexM3\ARM_GCC_541\Release\cymetadata.o
 .debug_aranges
                0x00000070       0x48 .\CortexM3\ARM_GCC_541\Release\Cm3Start.o
 .debug_aranges
                0x000000b8       0xa0 .\CortexM3\ARM_GCC_541\Release\Seat.a(Seat_ADC.o)
 .debug_aranges
                0x00000158       0x20 .\CortexM3\ARM_GCC_541\Release\Seat.a(Seat_ADC_INT.o)
 .debug_aranges
                0x00000178       0xa0 .\CortexM3\ARM_GCC_541\Release\Seat.a(Seat_ADC_SAR.o)
 .debug_aranges
                0x00000218       0x28 .\CortexM3\ARM_GCC_541\Release\Seat.a(Seat_ADC_TempBuf_dma.o)
 .debug_aranges
                0x00000240       0x28 .\CortexM3\ARM_GCC_541\Release\Seat.a(Seat_ADC_FinalBuf_dma.o)
 .debug_aranges
                0x00000268       0x80 .\CortexM3\ARM_GCC_541\Release\Seat.a(Seat_ADC_IRQ.o)
 .debug_aranges
                0x000002e8       0xd8 .\CortexM3\ARM_GCC_541\Release\Seat.a(CyDmac.o)
 .debug_aranges
                0x000003c0      0x298 .\CortexM3\ARM_GCC_541\Release\Seat.a(CyLib.o)
 .debug_aranges
                0x00000658       0x78 .\CortexM3\ARM_GCC_541\Release\Seat.a(cyPm.o)
 .debug_aranges
                0x000006d0       0xc8 .\CortexM3\ARM_GCC_541\Release\Seat.a(USBUART.o)
 .debug_aranges
                0x00000798       0xe0 .\CortexM3\ARM_GCC_541\Release\Seat.a(USBUART_cdc.o)
 .debug_aranges
                0x00000878       0x98 .\CortexM3\ARM_GCC_541\Release\Seat.a(USBUART_drv.o)
 .debug_aranges
                0x00000910       0x40 .\CortexM3\ARM_GCC_541\Release\Seat.a(USBUART_episr.o)
 .debug_aranges
                0x00000950       0x40 .\CortexM3\ARM_GCC_541\Release\Seat.a(USBUART_pm.o)
 .debug_aranges
                0x00000990       0x80 .\CortexM3\ARM_GCC_541\Release\Seat.a(USBUART_std.o)
 .debug_aranges
                0x00000a10       0x20 .\CortexM3\ARM_GCC_541\Release\Seat.a(USBUART_vnd.o)
 .debug_aranges
                0x00000a30       0x48 .\CortexM3\ARM_GCC_541\Release\Seat.a(USBUART_Dp.o)
 .debug_aranges
                0x00000a78       0x38 .\CortexM3\ARM_GCC_541\Release\Seat.a(LED.o)
 .debug_aranges
                0x00000ab0       0x88 .\CortexM3\ARM_GCC_541\Release\Seat.a(Sample_Timer.o)
 .debug_aranges
                0x00000b38       0x80 .\CortexM3\ARM_GCC_541\Release\Seat.a(Sample_Interrupt.o)
 .debug_aranges
                0x00000bb8       0x20 .\CortexM3\ARM_GCC_541\Release\Seat.a(CyBootAsmGnu.o)
 .debug_aranges
                0x00000bd8       0x80 .\CortexM3\ARM_GCC_541\Release\Seat.a(CyFlash.o)
 .debug_aranges
                0x00000c58       0x80 .\CortexM3\ARM_GCC_541\Release\Seat.a(CySpc.o)
 .debug_aranges
                0x00000cd8       0x20 .\CortexM3\ARM_GCC_541\Release\Seat.a(USBUART_cls.o)
 .debug_aranges
                0x00000cf8       0x18 .\CortexM3\ARM_GCC_541\Release\Seat.a(USBUART_descr.o)

.debug_pubnames
 *(.debug_pubnames)

.debug_info     0x00000000     0x8ed9
 *(.debug_info .gnu.linkonce.wi.*)
 .debug_info    0x00000000      0x3f4 .\CortexM3\ARM_GCC_541\Release\main.o
 .debug_info    0x000003f4      0x56f .\CortexM3\ARM_GCC_541\Release\cyfitter_cfg.o
 .debug_info    0x00000963      0x135 .\CortexM3\ARM_GCC_541\Release\cymetadata.o
 .debug_info    0x00000a98      0x3cb .\CortexM3\ARM_GCC_541\Release\Cm3Start.o
 .debug_info    0x00000e63      0x6d9 .\CortexM3\ARM_GCC_541\Release\Seat.a(Seat_ADC.o)
 .debug_info    0x0000153c       0xa0 .\CortexM3\ARM_GCC_541\Release\Seat.a(Seat_ADC_INT.o)
 .debug_info    0x000015dc      0x530 .\CortexM3\ARM_GCC_541\Release\Seat.a(Seat_ADC_SAR.o)
 .debug_info    0x00001b0c      0x1a6 .\CortexM3\ARM_GCC_541\Release\Seat.a(Seat_ADC_TempBuf_dma.o)
 .debug_info    0x00001cb2      0x1a6 .\CortexM3\ARM_GCC_541\Release\Seat.a(Seat_ADC_FinalBuf_dma.o)
 .debug_info    0x00001e58      0x385 .\CortexM3\ARM_GCC_541\Release\Seat.a(Seat_ADC_IRQ.o)
 .debug_info    0x000021dd      0x941 .\CortexM3\ARM_GCC_541\Release\Seat.a(CyDmac.o)
 .debug_info    0x00002b1e     0x1343 .\CortexM3\ARM_GCC_541\Release\Seat.a(CyLib.o)
 .debug_info    0x00003e61      0x97e .\CortexM3\ARM_GCC_541\Release\Seat.a(cyPm.o)
 .debug_info    0x000047df      0x9c5 .\CortexM3\ARM_GCC_541\Release\Seat.a(USBUART.o)
 .debug_info    0x000051a4      0xacd .\CortexM3\ARM_GCC_541\Release\Seat.a(USBUART_cdc.o)
 .debug_info    0x00005c71      0x699 .\CortexM3\ARM_GCC_541\Release\Seat.a(USBUART_drv.o)
 .debug_info    0x0000630a      0x254 .\CortexM3\ARM_GCC_541\Release\Seat.a(USBUART_episr.o)
 .debug_info    0x0000655e      0x2dd .\CortexM3\ARM_GCC_541\Release\Seat.a(USBUART_pm.o)
 .debug_info    0x0000683b      0xb80 .\CortexM3\ARM_GCC_541\Release\Seat.a(USBUART_std.o)
 .debug_info    0x000073bb       0xed .\CortexM3\ARM_GCC_541\Release\Seat.a(USBUART_vnd.o)
 .debug_info    0x000074a8      0x174 .\CortexM3\ARM_GCC_541\Release\Seat.a(USBUART_Dp.o)
 .debug_info    0x0000761c      0x121 .\CortexM3\ARM_GCC_541\Release\Seat.a(LED.o)
 .debug_info    0x0000773d      0x2f7 .\CortexM3\ARM_GCC_541\Release\Seat.a(Sample_Timer.o)
 .debug_info    0x00007a34      0x385 .\CortexM3\ARM_GCC_541\Release\Seat.a(Sample_Interrupt.o)
 .debug_info    0x00007db9       0x8f .\CortexM3\ARM_GCC_541\Release\Seat.a(CyBootAsmGnu.o)
 .debug_info    0x00007e48      0x6c0 .\CortexM3\ARM_GCC_541\Release\Seat.a(CyFlash.o)
 .debug_info    0x00008508      0x550 .\CortexM3\ARM_GCC_541\Release\Seat.a(CySpc.o)
 .debug_info    0x00008a58      0x1de .\CortexM3\ARM_GCC_541\Release\Seat.a(USBUART_cls.o)
 .debug_info    0x00008c36      0x2a3 .\CortexM3\ARM_GCC_541\Release\Seat.a(USBUART_descr.o)

.debug_abbrev   0x00000000     0x2b79
 *(.debug_abbrev)
 .debug_abbrev  0x00000000      0x196 .\CortexM3\ARM_GCC_541\Release\main.o
 .debug_abbrev  0x00000196      0x21b .\CortexM3\ARM_GCC_541\Release\cyfitter_cfg.o
 .debug_abbrev  0x000003b1       0x66 .\CortexM3\ARM_GCC_541\Release\cymetadata.o
 .debug_abbrev  0x00000417      0x1f4 .\CortexM3\ARM_GCC_541\Release\Cm3Start.o
 .debug_abbrev  0x0000060b      0x167 .\CortexM3\ARM_GCC_541\Release\Seat.a(Seat_ADC.o)
 .debug_abbrev  0x00000772       0x42 .\CortexM3\ARM_GCC_541\Release\Seat.a(Seat_ADC_INT.o)
 .debug_abbrev  0x000007b4      0x1d7 .\CortexM3\ARM_GCC_541\Release\Seat.a(Seat_ADC_SAR.o)
 .debug_abbrev  0x0000098b       0xd0 .\CortexM3\ARM_GCC_541\Release\Seat.a(Seat_ADC_TempBuf_dma.o)
 .debug_abbrev  0x00000a5b       0xd0 .\CortexM3\ARM_GCC_541\Release\Seat.a(Seat_ADC_FinalBuf_dma.o)
 .debug_abbrev  0x00000b2b      0x212 .\CortexM3\ARM_GCC_541\Release\Seat.a(Seat_ADC_IRQ.o)
 .debug_abbrev  0x00000d3d      0x1d6 .\CortexM3\ARM_GCC_541\Release\Seat.a(CyDmac.o)
 .debug_abbrev  0x00000f13      0x390 .\CortexM3\ARM_GCC_541\Release\Seat.a(CyLib.o)
 .debug_abbrev  0x000012a3      0x1d5 .\CortexM3\ARM_GCC_541\Release\Seat.a(cyPm.o)
 .debug_abbrev  0x00001478      0x286 .\CortexM3\ARM_GCC_541\Release\Seat.a(USBUART.o)
 .debug_abbrev  0x000016fe      0x2bc .\CortexM3\ARM_GCC_541\Release\Seat.a(USBUART_cdc.o)
 .debug_abbrev  0x000019ba      0x1fd .\CortexM3\ARM_GCC_541\Release\Seat.a(USBUART_drv.o)
 .debug_abbrev  0x00001bb7      0x11e .\CortexM3\ARM_GCC_541\Release\Seat.a(USBUART_episr.o)
 .debug_abbrev  0x00001cd5      0x10b .\CortexM3\ARM_GCC_541\Release\Seat.a(USBUART_pm.o)
 .debug_abbrev  0x00001de0      0x2b9 .\CortexM3\ARM_GCC_541\Release\Seat.a(USBUART_std.o)
 .debug_abbrev  0x00002099       0x9b .\CortexM3\ARM_GCC_541\Release\Seat.a(USBUART_vnd.o)
 .debug_abbrev  0x00002134       0x9f .\CortexM3\ARM_GCC_541\Release\Seat.a(USBUART_Dp.o)
 .debug_abbrev  0x000021d3       0x90 .\CortexM3\ARM_GCC_541\Release\Seat.a(LED.o)
 .debug_abbrev  0x00002263      0x181 .\CortexM3\ARM_GCC_541\Release\Seat.a(Sample_Timer.o)
 .debug_abbrev  0x000023e4      0x212 .\CortexM3\ARM_GCC_541\Release\Seat.a(Sample_Interrupt.o)
 .debug_abbrev  0x000025f6       0x14 .\CortexM3\ARM_GCC_541\Release\Seat.a(CyBootAsmGnu.o)
 .debug_abbrev  0x0000260a      0x235 .\CortexM3\ARM_GCC_541\Release\Seat.a(CyFlash.o)
 .debug_abbrev  0x0000283f      0x1a2 .\CortexM3\ARM_GCC_541\Release\Seat.a(CySpc.o)
 .debug_abbrev  0x000029e1       0xe4 .\CortexM3\ARM_GCC_541\Release\Seat.a(USBUART_cls.o)
 .debug_abbrev  0x00002ac5       0xb4 .\CortexM3\ARM_GCC_541\Release\Seat.a(USBUART_descr.o)

.debug_line     0x00000000     0x3540
 *(.debug_line)
 .debug_line    0x00000000      0x229 .\CortexM3\ARM_GCC_541\Release\main.o
 .debug_line    0x00000229      0x1be .\CortexM3\ARM_GCC_541\Release\cyfitter_cfg.o
 .debug_line    0x000003e7      0x141 .\CortexM3\ARM_GCC_541\Release\cymetadata.o
 .debug_line    0x00000528      0x22b .\CortexM3\ARM_GCC_541\Release\Cm3Start.o
 .debug_line    0x00000753      0x231 .\CortexM3\ARM_GCC_541\Release\Seat.a(Seat_ADC.o)
 .debug_line    0x00000984       0x55 .\CortexM3\ARM_GCC_541\Release\Seat.a(Seat_ADC_INT.o)
 .debug_line    0x000009d9      0x20a .\CortexM3\ARM_GCC_541\Release\Seat.a(Seat_ADC_SAR.o)
 .debug_line    0x00000be3       0x90 .\CortexM3\ARM_GCC_541\Release\Seat.a(Seat_ADC_TempBuf_dma.o)
 .debug_line    0x00000c73       0x91 .\CortexM3\ARM_GCC_541\Release\Seat.a(Seat_ADC_FinalBuf_dma.o)
 .debug_line    0x00000d04      0x15c .\CortexM3\ARM_GCC_541\Release\Seat.a(Seat_ADC_IRQ.o)
 .debug_line    0x00000e60      0x2e6 .\CortexM3\ARM_GCC_541\Release\Seat.a(CyDmac.o)
 .debug_line    0x00001146      0x7fc .\CortexM3\ARM_GCC_541\Release\Seat.a(CyLib.o)
 .debug_line    0x00001942      0x3be .\CortexM3\ARM_GCC_541\Release\Seat.a(cyPm.o)
 .debug_line    0x00001d00      0x300 .\CortexM3\ARM_GCC_541\Release\Seat.a(USBUART.o)
 .debug_line    0x00002000      0x2f6 .\CortexM3\ARM_GCC_541\Release\Seat.a(USBUART_cdc.o)
 .debug_line    0x000022f6      0x232 .\CortexM3\ARM_GCC_541\Release\Seat.a(USBUART_drv.o)
 .debug_line    0x00002528       0xe5 .\CortexM3\ARM_GCC_541\Release\Seat.a(USBUART_episr.o)
 .debug_line    0x0000260d      0x13f .\CortexM3\ARM_GCC_541\Release\Seat.a(USBUART_pm.o)
 .debug_line    0x0000274c      0x3be .\CortexM3\ARM_GCC_541\Release\Seat.a(USBUART_std.o)
 .debug_line    0x00002b0a       0x79 .\CortexM3\ARM_GCC_541\Release\Seat.a(USBUART_vnd.o)
 .debug_line    0x00002b83       0xbd .\CortexM3\ARM_GCC_541\Release\Seat.a(USBUART_Dp.o)
 .debug_line    0x00002c40       0x92 .\CortexM3\ARM_GCC_541\Release\Seat.a(LED.o)
 .debug_line    0x00002cd2      0x163 .\CortexM3\ARM_GCC_541\Release\Seat.a(Sample_Timer.o)
 .debug_line    0x00002e35      0x160 .\CortexM3\ARM_GCC_541\Release\Seat.a(Sample_Interrupt.o)
 .debug_line    0x00002f95       0x66 .\CortexM3\ARM_GCC_541\Release\Seat.a(CyBootAsmGnu.o)
 .debug_line    0x00002ffb      0x204 .\CortexM3\ARM_GCC_541\Release\Seat.a(CyFlash.o)
 .debug_line    0x000031ff      0x24c .\CortexM3\ARM_GCC_541\Release\Seat.a(CySpc.o)
 .debug_line    0x0000344b       0x94 .\CortexM3\ARM_GCC_541\Release\Seat.a(USBUART_cls.o)
 .debug_line    0x000034df       0x61 .\CortexM3\ARM_GCC_541\Release\Seat.a(USBUART_descr.o)

.debug_frame    0x00000000     0x20ec
 *(.debug_frame)
 .debug_frame   0x00000000       0x70 .\CortexM3\ARM_GCC_541\Release\main.o
 .debug_frame   0x00000070       0x48 .\CortexM3\ARM_GCC_541\Release\cyfitter_cfg.o
 .debug_frame   0x000000b8       0xbc .\CortexM3\ARM_GCC_541\Release\Cm3Start.o
 .debug_frame   0x00000174      0x178 .\CortexM3\ARM_GCC_541\Release\Seat.a(Seat_ADC.o)
 .debug_frame   0x000002ec       0x20 .\CortexM3\ARM_GCC_541\Release\Seat.a(Seat_ADC_INT.o)
 .debug_frame   0x0000030c      0x188 .\CortexM3\ARM_GCC_541\Release\Seat.a(Seat_ADC_SAR.o)
 .debug_frame   0x00000494       0x44 .\CortexM3\ARM_GCC_541\Release\Seat.a(Seat_ADC_TempBuf_dma.o)
 .debug_frame   0x000004d8       0x44 .\CortexM3\ARM_GCC_541\Release\Seat.a(Seat_ADC_FinalBuf_dma.o)
 .debug_frame   0x0000051c       0xe0 .\CortexM3\ARM_GCC_541\Release\Seat.a(Seat_ADC_IRQ.o)
 .debug_frame   0x000005fc      0x200 .\CortexM3\ARM_GCC_541\Release\Seat.a(CyDmac.o)
 .debug_frame   0x000007fc      0x6f8 .\CortexM3\ARM_GCC_541\Release\Seat.a(CyLib.o)
 .debug_frame   0x00000ef4      0x1c8 .\CortexM3\ARM_GCC_541\Release\Seat.a(cyPm.o)
 .debug_frame   0x000010bc      0x1f0 .\CortexM3\ARM_GCC_541\Release\Seat.a(USBUART.o)
 .debug_frame   0x000012ac      0x280 .\CortexM3\ARM_GCC_541\Release\Seat.a(USBUART_cdc.o)
 .debug_frame   0x0000152c      0x1a0 .\CortexM3\ARM_GCC_541\Release\Seat.a(USBUART_drv.o)
 .debug_frame   0x000016cc       0x60 .\CortexM3\ARM_GCC_541\Release\Seat.a(USBUART_episr.o)
 .debug_frame   0x0000172c       0xa8 .\CortexM3\ARM_GCC_541\Release\Seat.a(USBUART_pm.o)
 .debug_frame   0x000017d4      0x214 .\CortexM3\ARM_GCC_541\Release\Seat.a(USBUART_std.o)
 .debug_frame   0x000019e8       0x20 .\CortexM3\ARM_GCC_541\Release\Seat.a(USBUART_vnd.o)
 .debug_frame   0x00001a08       0x70 .\CortexM3\ARM_GCC_541\Release\Seat.a(USBUART_Dp.o)
 .debug_frame   0x00001a78       0x50 .\CortexM3\ARM_GCC_541\Release\Seat.a(LED.o)
 .debug_frame   0x00001ac8      0x100 .\CortexM3\ARM_GCC_541\Release\Seat.a(Sample_Timer.o)
 .debug_frame   0x00001bc8       0xe0 .\CortexM3\ARM_GCC_541\Release\Seat.a(Sample_Interrupt.o)
 .debug_frame   0x00001ca8      0x184 .\CortexM3\ARM_GCC_541\Release\Seat.a(CyFlash.o)
 .debug_frame   0x00001e2c      0x190 .\CortexM3\ARM_GCC_541\Release\Seat.a(CySpc.o)
 .debug_frame   0x00001fbc       0x20 .\CortexM3\ARM_GCC_541\Release\Seat.a(USBUART_cls.o)
 .debug_frame   0x00001fdc       0x44 c:/program files (x86)/cypress/psoc creator/4.2/psoc creator/import/gnu/arm/5.4.1/bin/../lib/gcc/arm-none-eabi/5.4.1/armv7-m\libgcc.a(_aeabi_ldivmod.o)
 .debug_frame   0x00002020       0x38 c:/program files (x86)/cypress/psoc creator/4.2/psoc creator/import/gnu/arm/5.4.1/bin/../lib/gcc/arm-none-eabi/5.4.1/armv7-m\libgcc.a(_udivmoddi4.o)
 .debug_frame   0x00002058       0x20 c:/program files (x86)/cypress/psoc creator/4.2/psoc creator/import/gnu/arm/5.4.1/bin/../lib/gcc/arm-none-eabi/5.4.1/../../../../arm-none-eabi/lib/armv7-m\libg_nano.a(lib_a-errno.o)
 .debug_frame   0x00002078       0x28 c:/program files (x86)/cypress/psoc creator/4.2/psoc creator/import/gnu/arm/5.4.1/bin/../lib/gcc/arm-none-eabi/5.4.1/../../../../arm-none-eabi/lib/armv7-m\libg_nano.a(lib_a-exit.o)
 .debug_frame   0x000020a0       0x2c c:/program files (x86)/cypress/psoc creator/4.2/psoc creator/import/gnu/arm/5.4.1/bin/../lib/gcc/arm-none-eabi/5.4.1/../../../../arm-none-eabi/lib/armv7-m\libg_nano.a(lib_a-init.o)
 .debug_frame   0x000020cc       0x20 c:/program files (x86)/cypress/psoc creator/4.2/psoc creator/import/gnu/arm/5.4.1/bin/../lib/gcc/arm-none-eabi/5.4.1/../../../../arm-none-eabi/lib/armv7-m\libg_nano.a(lib_a-memset.o)

.debug_str      0x00000000     0x32df
 *(.debug_str)
 .debug_str     0x00000000      0x2bc .\CortexM3\ARM_GCC_541\Release\main.o
                                0x31e (size before relaxing)
 .debug_str     0x000002bc      0x176 .\CortexM3\ARM_GCC_541\Release\cyfitter_cfg.o
                                0x311 (size before relaxing)
 .debug_str     0x00000432       0x7f .\CortexM3\ARM_GCC_541\Release\cymetadata.o
                                0x1e3 (size before relaxing)
 .debug_str     0x000004b1      0x154 .\CortexM3\ARM_GCC_541\Release\Cm3Start.o
                                0x319 (size before relaxing)
 .debug_str     0x00000605      0x431 .\CortexM3\ARM_GCC_541\Release\Seat.a(Seat_ADC.o)
                                0x637 (size before relaxing)
 .debug_str     0x00000a36       0x33 .\CortexM3\ARM_GCC_541\Release\Seat.a(Seat_ADC_INT.o)
                                0x1ad (size before relaxing)
 .debug_str     0x00000a69      0x152 .\CortexM3\ARM_GCC_541\Release\Seat.a(Seat_ADC_SAR.o)
                                0x4b8 (size before relaxing)
 .debug_str     0x00000bbb       0xe2 .\CortexM3\ARM_GCC_541\Release\Seat.a(Seat_ADC_TempBuf_dma.o)
                                0x297 (size before relaxing)
 .debug_str     0x00000c9d       0x68 .\CortexM3\ARM_GCC_541\Release\Seat.a(Seat_ADC_FinalBuf_dma.o)
                                0x29b (size before relaxing)
 .debug_str     0x00000d05      0x130 .\CortexM3\ARM_GCC_541\Release\Seat.a(Seat_ADC_IRQ.o)
                                0x307 (size before relaxing)
 .debug_str     0x00000e35      0x280 .\CortexM3\ARM_GCC_541\Release\Seat.a(CyDmac.o)
                                0x549 (size before relaxing)
 .debug_str     0x000010b5      0x7e0 .\CortexM3\ARM_GCC_541\Release\Seat.a(CyLib.o)
                                0xa46 (size before relaxing)
 .debug_str     0x00001895      0x365 .\CortexM3\ARM_GCC_541\Release\Seat.a(cyPm.o)
                                0x72b (size before relaxing)
 .debug_str     0x00001bfa      0x414 .\CortexM3\ARM_GCC_541\Release\Seat.a(USBUART.o)
                                0x669 (size before relaxing)
 .debug_str     0x0000200e      0x4f8 .\CortexM3\ARM_GCC_541\Release\Seat.a(USBUART_cdc.o)
                                0x7c9 (size before relaxing)
 .debug_str     0x00002506      0x291 .\CortexM3\ARM_GCC_541\Release\Seat.a(USBUART_drv.o)
                                0x647 (size before relaxing)
 .debug_str     0x00002797       0x80 .\CortexM3\ARM_GCC_541\Release\Seat.a(USBUART_episr.o)
                                0x2de (size before relaxing)
 .debug_str     0x00002817       0xd2 .\CortexM3\ARM_GCC_541\Release\Seat.a(USBUART_pm.o)
                                0x2ef (size before relaxing)
 .debug_str     0x000028e9      0x259 .\CortexM3\ARM_GCC_541\Release\Seat.a(USBUART_std.o)
                                0x7b6 (size before relaxing)
 .debug_str     0x00002b42       0x25 .\CortexM3\ARM_GCC_541\Release\Seat.a(USBUART_vnd.o)
                                0x1ec (size before relaxing)
 .debug_str     0x00002b67       0xa4 .\CortexM3\ARM_GCC_541\Release\Seat.a(USBUART_Dp.o)
                                0x240 (size before relaxing)
 .debug_str     0x00002c0b       0x3e .\CortexM3\ARM_GCC_541\Release\Seat.a(LED.o)
                                0x1d7 (size before relaxing)
 .debug_str     0x00002c49      0x19f .\CortexM3\ARM_GCC_541\Release\Seat.a(Sample_Timer.o)
                                0x364 (size before relaxing)
 .debug_str     0x00002de8      0x167 .\CortexM3\ARM_GCC_541\Release\Seat.a(Sample_Interrupt.o)
                                0x33f (size before relaxing)
 .debug_str     0x00002f4f      0x1bb .\CortexM3\ARM_GCC_541\Release\Seat.a(CyFlash.o)
                                0x3b8 (size before relaxing)
 .debug_str     0x0000310a       0xac .\CortexM3\ARM_GCC_541\Release\Seat.a(CySpc.o)
                                0x337 (size before relaxing)
 .debug_str     0x000031b6       0x25 .\CortexM3\ARM_GCC_541\Release\Seat.a(USBUART_cls.o)
                                0x2ab (size before relaxing)
 .debug_str     0x000031db      0x104 .\CortexM3\ARM_GCC_541\Release\Seat.a(USBUART_descr.o)
                                0x358 (size before relaxing)

.debug_loc      0x00000000     0x40e3
 *(.debug_loc)
 .debug_loc     0x00000000      0x136 .\CortexM3\ARM_GCC_541\Release\main.o
 .debug_loc     0x00000136      0x36d .\CortexM3\ARM_GCC_541\Release\cyfitter_cfg.o
 .debug_loc     0x000004a3      0x1af .\CortexM3\ARM_GCC_541\Release\Cm3Start.o
 .debug_loc     0x00000652      0x13c .\CortexM3\ARM_GCC_541\Release\Seat.a(Seat_ADC.o)
 .debug_loc     0x0000078e      0x299 .\CortexM3\ARM_GCC_541\Release\Seat.a(Seat_ADC_SAR.o)
 .debug_loc     0x00000a27       0x84 .\CortexM3\ARM_GCC_541\Release\Seat.a(Seat_ADC_TempBuf_dma.o)
 .debug_loc     0x00000aab       0x84 .\CortexM3\ARM_GCC_541\Release\Seat.a(Seat_ADC_FinalBuf_dma.o)
 .debug_loc     0x00000b2f       0xf3 .\CortexM3\ARM_GCC_541\Release\Seat.a(Seat_ADC_IRQ.o)
 .debug_loc     0x00000c22      0x9ac .\CortexM3\ARM_GCC_541\Release\Seat.a(CyDmac.o)
 .debug_loc     0x000015ce      0xa20 .\CortexM3\ARM_GCC_541\Release\Seat.a(CyLib.o)
 .debug_loc     0x00001fee      0x1d6 .\CortexM3\ARM_GCC_541\Release\Seat.a(cyPm.o)
 .debug_loc     0x000021c4      0x3d6 .\CortexM3\ARM_GCC_541\Release\Seat.a(USBUART.o)
 .debug_loc     0x0000259a      0x591 .\CortexM3\ARM_GCC_541\Release\Seat.a(USBUART_cdc.o)
 .debug_loc     0x00002b2b      0x18a .\CortexM3\ARM_GCC_541\Release\Seat.a(USBUART_drv.o)
 .debug_loc     0x00002cb5       0x26 .\CortexM3\ARM_GCC_541\Release\Seat.a(USBUART_pm.o)
 .debug_loc     0x00002cdb      0x682 .\CortexM3\ARM_GCC_541\Release\Seat.a(USBUART_std.o)
 .debug_loc     0x0000335d       0x7b .\CortexM3\ARM_GCC_541\Release\Seat.a(USBUART_Dp.o)
 .debug_loc     0x000033d8       0x5a .\CortexM3\ARM_GCC_541\Release\Seat.a(LED.o)
 .debug_loc     0x00003432       0x3c .\CortexM3\ARM_GCC_541\Release\Seat.a(Sample_Timer.o)
 .debug_loc     0x0000346e       0xf3 .\CortexM3\ARM_GCC_541\Release\Seat.a(Sample_Interrupt.o)
 .debug_loc     0x00003561      0x4b7 .\CortexM3\ARM_GCC_541\Release\Seat.a(CyFlash.o)
 .debug_loc     0x00003a18      0x699 .\CortexM3\ARM_GCC_541\Release\Seat.a(CySpc.o)
 .debug_loc     0x000040b1       0x32 .\CortexM3\ARM_GCC_541\Release\Seat.a(USBUART_cls.o)

.debug_macinfo
 *(.debug_macinfo)

.debug_ranges   0x00000000      0xd80
 *(.debug_ranges)
 .debug_ranges  0x00000000       0x38 .\CortexM3\ARM_GCC_541\Release\main.o
 .debug_ranges  0x00000038      0x128 .\CortexM3\ARM_GCC_541\Release\cyfitter_cfg.o
 .debug_ranges  0x00000160       0x50 .\CortexM3\ARM_GCC_541\Release\Cm3Start.o
 .debug_ranges  0x000001b0       0x90 .\CortexM3\ARM_GCC_541\Release\Seat.a(Seat_ADC.o)
 .debug_ranges  0x00000240       0x10 .\CortexM3\ARM_GCC_541\Release\Seat.a(Seat_ADC_INT.o)
 .debug_ranges  0x00000250       0xb0 .\CortexM3\ARM_GCC_541\Release\Seat.a(Seat_ADC_SAR.o)
 .debug_ranges  0x00000300       0x18 .\CortexM3\ARM_GCC_541\Release\Seat.a(Seat_ADC_TempBuf_dma.o)
 .debug_ranges  0x00000318       0x18 .\CortexM3\ARM_GCC_541\Release\Seat.a(Seat_ADC_FinalBuf_dma.o)
 .debug_ranges  0x00000330       0xa0 .\CortexM3\ARM_GCC_541\Release\Seat.a(Seat_ADC_IRQ.o)
 .debug_ranges  0x000003d0       0xe0 .\CortexM3\ARM_GCC_541\Release\Seat.a(CyDmac.o)
 .debug_ranges  0x000004b0      0x2b8 .\CortexM3\ARM_GCC_541\Release\Seat.a(CyLib.o)
 .debug_ranges  0x00000768       0x90 .\CortexM3\ARM_GCC_541\Release\Seat.a(cyPm.o)
 .debug_ranges  0x000007f8       0xb8 .\CortexM3\ARM_GCC_541\Release\Seat.a(USBUART.o)
 .debug_ranges  0x000008b0       0xd0 .\CortexM3\ARM_GCC_541\Release\Seat.a(USBUART_cdc.o)
 .debug_ranges  0x00000980       0x88 .\CortexM3\ARM_GCC_541\Release\Seat.a(USBUART_drv.o)
 .debug_ranges  0x00000a08       0x30 .\CortexM3\ARM_GCC_541\Release\Seat.a(USBUART_episr.o)
 .debug_ranges  0x00000a38       0x30 .\CortexM3\ARM_GCC_541\Release\Seat.a(USBUART_pm.o)
 .debug_ranges  0x00000a68       0x88 .\CortexM3\ARM_GCC_541\Release\Seat.a(USBUART_std.o)
 .debug_ranges  0x00000af0       0x10 .\CortexM3\ARM_GCC_541\Release\Seat.a(USBUART_vnd.o)
 .debug_ranges  0x00000b00       0x38 .\CortexM3\ARM_GCC_541\Release\Seat.a(USBUART_Dp.o)
 .debug_ranges  0x00000b38       0x28 .\CortexM3\ARM_GCC_541\Release\Seat.a(LED.o)
 .debug_ranges  0x00000b60       0x78 .\CortexM3\ARM_GCC_541\Release\Seat.a(Sample_Timer.o)
 .debug_ranges  0x00000bd8       0xa0 .\CortexM3\ARM_GCC_541\Release\Seat.a(Sample_Interrupt.o)
 .debug_ranges  0x00000c78       0x88 .\CortexM3\ARM_GCC_541\Release\Seat.a(CyFlash.o)
 .debug_ranges  0x00000d00       0x70 .\CortexM3\ARM_GCC_541\Release\Seat.a(CySpc.o)
 .debug_ranges  0x00000d70       0x10 .\CortexM3\ARM_GCC_541\Release\Seat.a(USBUART_cls.o)

.comment        0x00000000       0x6e
 .comment       0x00000000       0x6e .\CortexM3\ARM_GCC_541\Release\main.o
                                 0x6f (size before relaxing)
 .comment       0x0000006e       0x6f .\CortexM3\ARM_GCC_541\Release\cyfitter_cfg.o
 .comment       0x0000006e       0x6f .\CortexM3\ARM_GCC_541\Release\cymetadata.o
 .comment       0x0000006e       0x6f .\CortexM3\ARM_GCC_541\Release\Cm3Start.o
 .comment       0x0000006e       0x6f .\CortexM3\ARM_GCC_541\Release\Seat.a(Seat_ADC.o)
 .comment       0x0000006e       0x6f .\CortexM3\ARM_GCC_541\Release\Seat.a(Seat_ADC_INT.o)
 .comment       0x0000006e       0x6f .\CortexM3\ARM_GCC_541\Release\Seat.a(Seat_ADC_SAR.o)
 .comment       0x0000006e       0x6f .\CortexM3\ARM_GCC_541\Release\Seat.a(Seat_ADC_TempBuf_dma.o)
 .comment       0x0000006e       0x6f .\CortexM3\ARM_GCC_541\Release\Seat.a(Seat_ADC_FinalBuf_dma.o)
 .comment       0x0000006e       0x6f .\CortexM3\ARM_GCC_541\Release\Seat.a(Seat_ADC_IRQ.o)
 .comment       0x0000006e       0x6f .\CortexM3\ARM_GCC_541\Release\Seat.a(CyDmac.o)
 .comment       0x0000006e       0x6f .\CortexM3\ARM_GCC_541\Release\Seat.a(CyLib.o)
 .comment       0x0000006e       0x6f .\CortexM3\ARM_GCC_541\Release\Seat.a(cyPm.o)
 .comment       0x0000006e       0x6f .\CortexM3\ARM_GCC_541\Release\Seat.a(USBUART.o)
 .comment       0x0000006e       0x6f .\CortexM3\ARM_GCC_541\Release\Seat.a(USBUART_cdc.o)
 .comment       0x0000006e       0x6f .\CortexM3\ARM_GCC_541\Release\Seat.a(USBUART_drv.o)
 .comment       0x0000006e       0x6f .\CortexM3\ARM_GCC_541\Release\Seat.a(USBUART_episr.o)
 .comment       0x0000006e       0x6f .\CortexM3\ARM_GCC_541\Release\Seat.a(USBUART_pm.o)
 .comment       0x0000006e       0x6f .\CortexM3\ARM_GCC_541\Release\Seat.a(USBUART_std.o)
 .comment       0x0000006e       0x6f .\CortexM3\ARM_GCC_541\Release\Seat.a(USBUART_vnd.o)
 .comment       0x0000006e       0x6f .\CortexM3\ARM_GCC_541\Release\Seat.a(USBUART_Dp.o)
 .comment       0x0000006e       0x6f .\CortexM3\ARM_GCC_541\Release\Seat.a(LED.o)
 .comment       0x0000006e       0x6f .\CortexM3\ARM_GCC_541\Release\Seat.a(Sample_Timer.o)
 .comment       0x0000006e       0x6f .\CortexM3\ARM_GCC_541\Release\Seat.a(Sample_Interrupt.o)
 .comment       0x0000006e       0x6f .\CortexM3\ARM_GCC_541\Release\Seat.a(CyFlash.o)
 .comment       0x0000006e       0x6f .\CortexM3\ARM_GCC_541\Release\Seat.a(CySpc.o)
 .comment       0x0000006e       0x6f .\CortexM3\ARM_GCC_541\Release\Seat.a(USBUART_cls.o)
 .comment       0x0000006e       0x6f .\CortexM3\ARM_GCC_541\Release\Seat.a(USBUART_descr.o)

.debug_weaknames
 *(.debug_weaknames)

.debug_funcnames
 *(.debug_funcnames)

.debug_typenames
 *(.debug_typenames)

.debug_varnames
 *(.debug_varnames)

.note.gnu.arm.ident
 *(.note.gnu.arm.ident)

.ARM.attributes
                0x00000000       0x29
 *(.ARM.attributes)
 .ARM.attributes
                0x00000000       0x1d c:/program files (x86)/cypress/psoc creator/4.2/psoc creator/import/gnu/arm/5.4.1/bin/../lib/gcc/arm-none-eabi/5.4.1/armv7-m/crti.o
 .ARM.attributes
                0x0000001d       0x2d c:/program files (x86)/cypress/psoc creator/4.2/psoc creator/import/gnu/arm/5.4.1/bin/../lib/gcc/arm-none-eabi/5.4.1/armv7-m/crtbegin.o
 .ARM.attributes
                0x0000004a       0x1b c:/program files (x86)/cypress/psoc creator/4.2/psoc creator/import/gnu/arm/5.4.1/bin/../lib/gcc/arm-none-eabi/5.4.1/../../../../arm-none-eabi/lib/armv7-m/crt0.o
 .ARM.attributes
                0x00000065       0x33 .\CortexM3\ARM_GCC_541\Release\main.o
 .ARM.attributes
                0x00000098       0x33 .\CortexM3\ARM_GCC_541\Release\cyfitter_cfg.o
 .ARM.attributes
                0x000000cb       0x33 .\CortexM3\ARM_GCC_541\Release\cymetadata.o
 .ARM.attributes
                0x000000fe       0x33 .\CortexM3\ARM_GCC_541\Release\Cm3Start.o
 .ARM.attributes
                0x00000131       0x33 .\CortexM3\ARM_GCC_541\Release\Seat.a(Seat_ADC.o)
 .ARM.attributes
                0x00000164       0x33 .\CortexM3\ARM_GCC_541\Release\Seat.a(Seat_ADC_INT.o)
 .ARM.attributes
                0x00000197       0x33 .\CortexM3\ARM_GCC_541\Release\Seat.a(Seat_ADC_SAR.o)
 .ARM.attributes
                0x000001ca       0x33 .\CortexM3\ARM_GCC_541\Release\Seat.a(Seat_ADC_TempBuf_dma.o)
 .ARM.attributes
                0x000001fd       0x33 .\CortexM3\ARM_GCC_541\Release\Seat.a(Seat_ADC_FinalBuf_dma.o)
 .ARM.attributes
                0x00000230       0x33 .\CortexM3\ARM_GCC_541\Release\Seat.a(Seat_ADC_IRQ.o)
 .ARM.attributes
                0x00000263       0x33 .\CortexM3\ARM_GCC_541\Release\Seat.a(CyDmac.o)
 .ARM.attributes
                0x00000296       0x33 .\CortexM3\ARM_GCC_541\Release\Seat.a(CyLib.o)
 .ARM.attributes
                0x000002c9       0x33 .\CortexM3\ARM_GCC_541\Release\Seat.a(cyPm.o)
 .ARM.attributes
                0x000002fc       0x33 .\CortexM3\ARM_GCC_541\Release\Seat.a(USBUART.o)
 .ARM.attributes
                0x0000032f       0x33 .\CortexM3\ARM_GCC_541\Release\Seat.a(USBUART_cdc.o)
 .ARM.attributes
                0x00000362       0x33 .\CortexM3\ARM_GCC_541\Release\Seat.a(USBUART_drv.o)
 .ARM.attributes
                0x00000395       0x33 .\CortexM3\ARM_GCC_541\Release\Seat.a(USBUART_episr.o)
 .ARM.attributes
                0x000003c8       0x33 .\CortexM3\ARM_GCC_541\Release\Seat.a(USBUART_pm.o)
 .ARM.attributes
                0x000003fb       0x33 .\CortexM3\ARM_GCC_541\Release\Seat.a(USBUART_std.o)
 .ARM.attributes
                0x0000042e       0x33 .\CortexM3\ARM_GCC_541\Release\Seat.a(USBUART_vnd.o)
 .ARM.attributes
                0x00000461       0x33 .\CortexM3\ARM_GCC_541\Release\Seat.a(USBUART_Dp.o)
 .ARM.attributes
                0x00000494       0x33 .\CortexM3\ARM_GCC_541\Release\Seat.a(LED.o)
 .ARM.attributes
                0x000004c7       0x33 .\CortexM3\ARM_GCC_541\Release\Seat.a(Sample_Timer.o)
 .ARM.attributes
                0x000004fa       0x33 .\CortexM3\ARM_GCC_541\Release\Seat.a(Sample_Interrupt.o)
 .ARM.attributes
                0x0000052d       0x21 .\CortexM3\ARM_GCC_541\Release\Seat.a(CyBootAsmGnu.o)
 .ARM.attributes
                0x0000054e       0x33 .\CortexM3\ARM_GCC_541\Release\Seat.a(CyFlash.o)
 .ARM.attributes
                0x00000581       0x33 .\CortexM3\ARM_GCC_541\Release\Seat.a(CySpc.o)
 .ARM.attributes
                0x000005b4       0x33 .\CortexM3\ARM_GCC_541\Release\Seat.a(USBUART_cls.o)
 .ARM.attributes
                0x000005e7       0x33 .\CortexM3\ARM_GCC_541\Release\Seat.a(USBUART_descr.o)
 .ARM.attributes
                0x0000061a       0x1d c:/program files (x86)/cypress/psoc creator/4.2/psoc creator/import/gnu/arm/5.4.1/bin/../lib/gcc/arm-none-eabi/5.4.1/armv7-m\libgcc.a(_arm_addsubsf3.o)
 .ARM.attributes
                0x00000637       0x1d c:/program files (x86)/cypress/psoc creator/4.2/psoc creator/import/gnu/arm/5.4.1/bin/../lib/gcc/arm-none-eabi/5.4.1/armv7-m\libgcc.a(_arm_muldivsf3.o)
 .ARM.attributes
                0x00000654       0x1d c:/program files (x86)/cypress/psoc creator/4.2/psoc creator/import/gnu/arm/5.4.1/bin/../lib/gcc/arm-none-eabi/5.4.1/armv7-m\libgcc.a(_aeabi_ldivmod.o)
 .ARM.attributes
                0x00000671       0x2d c:/program files (x86)/cypress/psoc creator/4.2/psoc creator/import/gnu/arm/5.4.1/bin/../lib/gcc/arm-none-eabi/5.4.1/armv7-m\libgcc.a(_udivmoddi4.o)
 .ARM.attributes
                0x0000069e       0x1d c:/program files (x86)/cypress/psoc creator/4.2/psoc creator/import/gnu/arm/5.4.1/bin/../lib/gcc/arm-none-eabi/5.4.1/armv7-m\libgcc.a(_dvmd_tls.o)
 .ARM.attributes
                0x000006bb       0x2d c:/program files (x86)/cypress/psoc creator/4.2/psoc creator/import/gnu/arm/5.4.1/bin/../lib/gcc/arm-none-eabi/5.4.1/../../../../arm-none-eabi/lib/armv7-m\libg_nano.a(lib_a-errno.o)
 .ARM.attributes
                0x000006e8       0x2d c:/program files (x86)/cypress/psoc creator/4.2/psoc creator/import/gnu/arm/5.4.1/bin/../lib/gcc/arm-none-eabi/5.4.1/../../../../arm-none-eabi/lib/armv7-m\libg_nano.a(lib_a-exit.o)
 .ARM.attributes
                0x00000715       0x2d c:/program files (x86)/cypress/psoc creator/4.2/psoc creator/import/gnu/arm/5.4.1/bin/../lib/gcc/arm-none-eabi/5.4.1/../../../../arm-none-eabi/lib/armv7-m\libg_nano.a(lib_a-impure.o)
 .ARM.attributes
                0x00000742       0x2d c:/program files (x86)/cypress/psoc creator/4.2/psoc creator/import/gnu/arm/5.4.1/bin/../lib/gcc/arm-none-eabi/5.4.1/../../../../arm-none-eabi/lib/armv7-m\libg_nano.a(lib_a-init.o)
 .ARM.attributes
                0x0000076f       0x2d c:/program files (x86)/cypress/psoc creator/4.2/psoc creator/import/gnu/arm/5.4.1/bin/../lib/gcc/arm-none-eabi/5.4.1/../../../../arm-none-eabi/lib/armv7-m\libg_nano.a(lib_a-memset.o)
 .ARM.attributes
                0x0000079c       0x2d c:/program files (x86)/cypress/psoc creator/4.2/psoc creator/import/gnu/arm/5.4.1/bin/../lib/gcc/arm-none-eabi/5.4.1/armv7-m/crtend.o
 .ARM.attributes
                0x000007c9       0x1d c:/program files (x86)/cypress/psoc creator/4.2/psoc creator/import/gnu/arm/5.4.1/bin/../lib/gcc/arm-none-eabi/5.4.1/armv7-m/crtn.o

/DISCARD/
 *(.note.GNU-stack)
OUTPUT(C:\Users\jebush2\Desktop\PSoC 3-19-2019\PSoC Projects\Seat.cydsn\CortexM3\ARM_GCC_541\Release\Seat.elf elf32-littlearm)
