ARM GAS  C:\Users\jebush2\AppData\Local\Temp\ccyjodLG.s 			page 1


   1              		.syntax unified
   2              		.cpu cortex-m3
   3              		.fpu softvfp
   4              		.eabi_attribute 20, 1
   5              		.eabi_attribute 21, 1
   6              		.eabi_attribute 23, 3
   7              		.eabi_attribute 24, 1
   8              		.eabi_attribute 25, 1
   9              		.eabi_attribute 26, 1
  10              		.eabi_attribute 30, 4
  11              		.eabi_attribute 34, 1
  12              		.eabi_attribute 18, 4
  13              		.thumb
  14              		.syntax unified
  15              		.file	"Seat_MUX.c"
  16              		.text
  17              	.Ltext0:
  18              		.cfi_sections	.debug_frame
  19              		.section	.text.Seat_MUX_Next,"ax",%progbits
  20              		.align	1
  21              		.global	Seat_MUX_Next
  22              		.thumb
  23              		.thumb_func
  24              		.type	Seat_MUX_Next, %function
  25              	Seat_MUX_Next:
  26              	.LFB3:
  27              		.file 1 "Generated_Source\\PSoC5\\Seat_MUX.c"
   1:Generated_Source\PSoC5/Seat_MUX.c **** /*******************************************************************************
   2:Generated_Source\PSoC5/Seat_MUX.c **** * File Name: Seat_MUX.c
   3:Generated_Source\PSoC5/Seat_MUX.c **** * Version 1.80
   4:Generated_Source\PSoC5/Seat_MUX.c **** *
   5:Generated_Source\PSoC5/Seat_MUX.c **** *  Description:
   6:Generated_Source\PSoC5/Seat_MUX.c **** *    This file contains functions for the AMuxSeq.
   7:Generated_Source\PSoC5/Seat_MUX.c **** *
   8:Generated_Source\PSoC5/Seat_MUX.c **** *   Note:
   9:Generated_Source\PSoC5/Seat_MUX.c **** *
  10:Generated_Source\PSoC5/Seat_MUX.c **** *******************************************************************************
  11:Generated_Source\PSoC5/Seat_MUX.c **** * Copyright 2008-2010, Cypress Semiconductor Corporation.  All rights reserved.
  12:Generated_Source\PSoC5/Seat_MUX.c **** * You may use this file only in accordance with the license, terms, conditions, 
  13:Generated_Source\PSoC5/Seat_MUX.c **** * disclaimers, and limitations in the end user license agreement accompanying 
  14:Generated_Source\PSoC5/Seat_MUX.c **** * the software package with which this file was provided.
  15:Generated_Source\PSoC5/Seat_MUX.c **** ********************************************************************************/
  16:Generated_Source\PSoC5/Seat_MUX.c **** 
  17:Generated_Source\PSoC5/Seat_MUX.c **** #include "Seat_MUX.h"
  18:Generated_Source\PSoC5/Seat_MUX.c **** 
  19:Generated_Source\PSoC5/Seat_MUX.c **** uint8 Seat_MUX_initVar = 0u;
  20:Generated_Source\PSoC5/Seat_MUX.c **** 
  21:Generated_Source\PSoC5/Seat_MUX.c **** 
  22:Generated_Source\PSoC5/Seat_MUX.c **** /*******************************************************************************
  23:Generated_Source\PSoC5/Seat_MUX.c **** * Function Name: Seat_MUX_Start
  24:Generated_Source\PSoC5/Seat_MUX.c **** ********************************************************************************
  25:Generated_Source\PSoC5/Seat_MUX.c **** * Summary:
  26:Generated_Source\PSoC5/Seat_MUX.c **** *  Disconnect all channels. The next time Next is called, channel 0 will be
  27:Generated_Source\PSoC5/Seat_MUX.c **** *  connected.
  28:Generated_Source\PSoC5/Seat_MUX.c **** *
  29:Generated_Source\PSoC5/Seat_MUX.c **** * Parameters:
  30:Generated_Source\PSoC5/Seat_MUX.c **** *  void
ARM GAS  C:\Users\jebush2\AppData\Local\Temp\ccyjodLG.s 			page 2


  31:Generated_Source\PSoC5/Seat_MUX.c **** *
  32:Generated_Source\PSoC5/Seat_MUX.c **** * Return:
  33:Generated_Source\PSoC5/Seat_MUX.c **** *  void
  34:Generated_Source\PSoC5/Seat_MUX.c **** *
  35:Generated_Source\PSoC5/Seat_MUX.c **** *******************************************************************************/
  36:Generated_Source\PSoC5/Seat_MUX.c **** void Seat_MUX_Start(void)
  37:Generated_Source\PSoC5/Seat_MUX.c **** {
  38:Generated_Source\PSoC5/Seat_MUX.c ****     Seat_MUX_DisconnectAll();
  39:Generated_Source\PSoC5/Seat_MUX.c ****     Seat_MUX_initVar = 1u;
  40:Generated_Source\PSoC5/Seat_MUX.c **** }
  41:Generated_Source\PSoC5/Seat_MUX.c **** 
  42:Generated_Source\PSoC5/Seat_MUX.c **** 
  43:Generated_Source\PSoC5/Seat_MUX.c **** /*******************************************************************************
  44:Generated_Source\PSoC5/Seat_MUX.c **** * Function Name: Seat_MUX_Init
  45:Generated_Source\PSoC5/Seat_MUX.c **** ********************************************************************************
  46:Generated_Source\PSoC5/Seat_MUX.c **** * Summary:
  47:Generated_Source\PSoC5/Seat_MUX.c **** *  Disconnect all channels. The next time Next is called, channel 0 will be
  48:Generated_Source\PSoC5/Seat_MUX.c **** *  connected.
  49:Generated_Source\PSoC5/Seat_MUX.c **** *
  50:Generated_Source\PSoC5/Seat_MUX.c **** * Parameters:
  51:Generated_Source\PSoC5/Seat_MUX.c **** *  void
  52:Generated_Source\PSoC5/Seat_MUX.c **** *
  53:Generated_Source\PSoC5/Seat_MUX.c **** * Return:
  54:Generated_Source\PSoC5/Seat_MUX.c **** *  void
  55:Generated_Source\PSoC5/Seat_MUX.c **** *
  56:Generated_Source\PSoC5/Seat_MUX.c **** *******************************************************************************/
  57:Generated_Source\PSoC5/Seat_MUX.c **** void Seat_MUX_Init(void)
  58:Generated_Source\PSoC5/Seat_MUX.c **** {
  59:Generated_Source\PSoC5/Seat_MUX.c ****     Seat_MUX_DisconnectAll();
  60:Generated_Source\PSoC5/Seat_MUX.c **** }
  61:Generated_Source\PSoC5/Seat_MUX.c **** 
  62:Generated_Source\PSoC5/Seat_MUX.c **** 
  63:Generated_Source\PSoC5/Seat_MUX.c **** /*******************************************************************************
  64:Generated_Source\PSoC5/Seat_MUX.c **** * Function Name: Seat_MUX_Stop
  65:Generated_Source\PSoC5/Seat_MUX.c **** ********************************************************************************
  66:Generated_Source\PSoC5/Seat_MUX.c **** * Summary:
  67:Generated_Source\PSoC5/Seat_MUX.c **** *  Disconnect all channels. The next time Next is called, channel 0 will be
  68:Generated_Source\PSoC5/Seat_MUX.c **** *  connected.
  69:Generated_Source\PSoC5/Seat_MUX.c **** *
  70:Generated_Source\PSoC5/Seat_MUX.c **** * Parameters:
  71:Generated_Source\PSoC5/Seat_MUX.c **** *  void
  72:Generated_Source\PSoC5/Seat_MUX.c **** *
  73:Generated_Source\PSoC5/Seat_MUX.c **** * Return:
  74:Generated_Source\PSoC5/Seat_MUX.c **** *  void
  75:Generated_Source\PSoC5/Seat_MUX.c **** *
  76:Generated_Source\PSoC5/Seat_MUX.c **** *******************************************************************************/
  77:Generated_Source\PSoC5/Seat_MUX.c **** void Seat_MUX_Stop(void)
  78:Generated_Source\PSoC5/Seat_MUX.c **** {
  79:Generated_Source\PSoC5/Seat_MUX.c ****     Seat_MUX_DisconnectAll();
  80:Generated_Source\PSoC5/Seat_MUX.c **** }
  81:Generated_Source\PSoC5/Seat_MUX.c **** 
  82:Generated_Source\PSoC5/Seat_MUX.c **** #if (Seat_MUX_MUXTYPE == Seat_MUX_MUX_DIFF)
  83:Generated_Source\PSoC5/Seat_MUX.c **** 
  84:Generated_Source\PSoC5/Seat_MUX.c **** /*******************************************************************************
  85:Generated_Source\PSoC5/Seat_MUX.c **** * Function Name: Seat_MUX_Next
  86:Generated_Source\PSoC5/Seat_MUX.c **** ********************************************************************************
  87:Generated_Source\PSoC5/Seat_MUX.c **** * Summary:
ARM GAS  C:\Users\jebush2\AppData\Local\Temp\ccyjodLG.s 			page 3


  88:Generated_Source\PSoC5/Seat_MUX.c **** *  Disconnects the previous channel and connects the next one in the sequence.
  89:Generated_Source\PSoC5/Seat_MUX.c **** *  When Next is called for the first time after Init, Start, Enable, Stop, or
  90:Generated_Source\PSoC5/Seat_MUX.c **** *  DisconnectAll, it connects channel 0.
  91:Generated_Source\PSoC5/Seat_MUX.c **** *
  92:Generated_Source\PSoC5/Seat_MUX.c **** * Parameters:
  93:Generated_Source\PSoC5/Seat_MUX.c **** *  void
  94:Generated_Source\PSoC5/Seat_MUX.c **** *
  95:Generated_Source\PSoC5/Seat_MUX.c **** * Return:
  96:Generated_Source\PSoC5/Seat_MUX.c **** *  void
  97:Generated_Source\PSoC5/Seat_MUX.c **** *
  98:Generated_Source\PSoC5/Seat_MUX.c **** *******************************************************************************/
  99:Generated_Source\PSoC5/Seat_MUX.c **** void Seat_MUX_Next(void)
 100:Generated_Source\PSoC5/Seat_MUX.c **** {
  28              		.loc 1 100 0
  29              		.cfi_startproc
  30              		@ args = 0, pretend = 0, frame = 0
  31              		@ frame_needed = 0, uses_anonymous_args = 0
  32 0000 08B5     		push	{r3, lr}
  33              		.cfi_def_cfa_offset 8
  34              		.cfi_offset 3, -8
  35              		.cfi_offset 14, -4
 101:Generated_Source\PSoC5/Seat_MUX.c ****     Seat_MUX_CYAMUXSIDE_A_Next();
  36              		.loc 1 101 0
  37 0002 FFF7FEFF 		bl	Seat_MUX_CYAMUXSIDE_A_Next
  38              	.LVL0:
 102:Generated_Source\PSoC5/Seat_MUX.c ****     Seat_MUX_CYAMUXSIDE_B_Next();
 103:Generated_Source\PSoC5/Seat_MUX.c **** }
  39              		.loc 1 103 0
  40 0006 BDE80840 		pop	{r3, lr}
  41              		.cfi_restore 14
  42              		.cfi_restore 3
  43              		.cfi_def_cfa_offset 0
 102:Generated_Source\PSoC5/Seat_MUX.c ****     Seat_MUX_CYAMUXSIDE_B_Next();
  44              		.loc 1 102 0
  45 000a FFF7FEBF 		b	Seat_MUX_CYAMUXSIDE_B_Next
  46              	.LVL1:
  47              		.cfi_endproc
  48              	.LFE3:
  49              		.size	Seat_MUX_Next, .-Seat_MUX_Next
  50              		.section	.text.Seat_MUX_DisconnectAll,"ax",%progbits
  51              		.align	1
  52              		.global	Seat_MUX_DisconnectAll
  53              		.thumb
  54              		.thumb_func
  55              		.type	Seat_MUX_DisconnectAll, %function
  56              	Seat_MUX_DisconnectAll:
  57              	.LFB4:
 104:Generated_Source\PSoC5/Seat_MUX.c **** 
 105:Generated_Source\PSoC5/Seat_MUX.c **** 
 106:Generated_Source\PSoC5/Seat_MUX.c **** /*******************************************************************************
 107:Generated_Source\PSoC5/Seat_MUX.c **** * Function Name: Seat_MUX_DisconnectAll
 108:Generated_Source\PSoC5/Seat_MUX.c **** ********************************************************************************
 109:Generated_Source\PSoC5/Seat_MUX.c **** * Summary:
 110:Generated_Source\PSoC5/Seat_MUX.c **** *  This function disconnects all channels. The next time Next is called, channel
 111:Generated_Source\PSoC5/Seat_MUX.c **** *  0 will be connected.
 112:Generated_Source\PSoC5/Seat_MUX.c **** *
 113:Generated_Source\PSoC5/Seat_MUX.c **** * Parameters:
ARM GAS  C:\Users\jebush2\AppData\Local\Temp\ccyjodLG.s 			page 4


 114:Generated_Source\PSoC5/Seat_MUX.c **** *  void
 115:Generated_Source\PSoC5/Seat_MUX.c **** *
 116:Generated_Source\PSoC5/Seat_MUX.c **** * Return:
 117:Generated_Source\PSoC5/Seat_MUX.c **** *  void
 118:Generated_Source\PSoC5/Seat_MUX.c **** *
 119:Generated_Source\PSoC5/Seat_MUX.c **** *******************************************************************************/
 120:Generated_Source\PSoC5/Seat_MUX.c **** void Seat_MUX_DisconnectAll(void)
 121:Generated_Source\PSoC5/Seat_MUX.c **** {
  58              		.loc 1 121 0
  59              		.cfi_startproc
  60              		@ args = 0, pretend = 0, frame = 0
  61              		@ frame_needed = 0, uses_anonymous_args = 0
  62 0000 08B5     		push	{r3, lr}
  63              		.cfi_def_cfa_offset 8
  64              		.cfi_offset 3, -8
  65              		.cfi_offset 14, -4
 122:Generated_Source\PSoC5/Seat_MUX.c ****     Seat_MUX_CYAMUXSIDE_A_DisconnectAll();
  66              		.loc 1 122 0
  67 0002 FFF7FEFF 		bl	Seat_MUX_CYAMUXSIDE_A_DisconnectAll
  68              	.LVL2:
 123:Generated_Source\PSoC5/Seat_MUX.c ****     Seat_MUX_CYAMUXSIDE_B_DisconnectAll();
 124:Generated_Source\PSoC5/Seat_MUX.c **** }
  69              		.loc 1 124 0
  70 0006 BDE80840 		pop	{r3, lr}
  71              		.cfi_restore 14
  72              		.cfi_restore 3
  73              		.cfi_def_cfa_offset 0
 123:Generated_Source\PSoC5/Seat_MUX.c ****     Seat_MUX_CYAMUXSIDE_B_DisconnectAll();
  74              		.loc 1 123 0
  75 000a FFF7FEBF 		b	Seat_MUX_CYAMUXSIDE_B_DisconnectAll
  76              	.LVL3:
  77              		.cfi_endproc
  78              	.LFE4:
  79              		.size	Seat_MUX_DisconnectAll, .-Seat_MUX_DisconnectAll
  80              		.section	.text.Seat_MUX_Start,"ax",%progbits
  81              		.align	1
  82              		.global	Seat_MUX_Start
  83              		.thumb
  84              		.thumb_func
  85              		.type	Seat_MUX_Start, %function
  86              	Seat_MUX_Start:
  87              	.LFB0:
  37:Generated_Source\PSoC5/Seat_MUX.c ****     Seat_MUX_DisconnectAll();
  88              		.loc 1 37 0
  89              		.cfi_startproc
  90              		@ args = 0, pretend = 0, frame = 0
  91              		@ frame_needed = 0, uses_anonymous_args = 0
  92 0000 08B5     		push	{r3, lr}
  93              		.cfi_def_cfa_offset 8
  94              		.cfi_offset 3, -8
  95              		.cfi_offset 14, -4
  38:Generated_Source\PSoC5/Seat_MUX.c ****     Seat_MUX_initVar = 1u;
  96              		.loc 1 38 0
  97 0002 FFF7FEFF 		bl	Seat_MUX_DisconnectAll
  98              	.LVL4:
  39:Generated_Source\PSoC5/Seat_MUX.c **** }
  99              		.loc 1 39 0
ARM GAS  C:\Users\jebush2\AppData\Local\Temp\ccyjodLG.s 			page 5


 100 0006 024B     		ldr	r3, .L4
 101 0008 0122     		movs	r2, #1
 102 000a 1A70     		strb	r2, [r3]
 103 000c 08BD     		pop	{r3, pc}
 104              	.L5:
 105 000e 00BF     		.align	2
 106              	.L4:
 107 0010 00000000 		.word	.LANCHOR0
 108              		.cfi_endproc
 109              	.LFE0:
 110              		.size	Seat_MUX_Start, .-Seat_MUX_Start
 111              		.section	.text.Seat_MUX_Stop,"ax",%progbits
 112              		.align	1
 113              		.global	Seat_MUX_Stop
 114              		.thumb
 115              		.thumb_func
 116              		.type	Seat_MUX_Stop, %function
 117              	Seat_MUX_Stop:
 118              	.LFB2:
  78:Generated_Source\PSoC5/Seat_MUX.c ****     Seat_MUX_DisconnectAll();
 119              		.loc 1 78 0
 120              		.cfi_startproc
 121              		@ args = 0, pretend = 0, frame = 0
 122              		@ frame_needed = 0, uses_anonymous_args = 0
 123              		@ link register save eliminated.
  79:Generated_Source\PSoC5/Seat_MUX.c **** }
 124              		.loc 1 79 0
 125 0000 FFF7FEBF 		b	Seat_MUX_DisconnectAll
 126              	.LVL5:
 127              		.cfi_endproc
 128              	.LFE2:
 129              		.size	Seat_MUX_Stop, .-Seat_MUX_Stop
 130              		.section	.text.Seat_MUX_Init,"ax",%progbits
 131              		.align	1
 132              		.global	Seat_MUX_Init
 133              		.thumb
 134              		.thumb_func
 135              		.type	Seat_MUX_Init, %function
 136              	Seat_MUX_Init:
 137              	.LFB7:
 138              		.cfi_startproc
 139              		@ args = 0, pretend = 0, frame = 0
 140              		@ frame_needed = 0, uses_anonymous_args = 0
 141              		@ link register save eliminated.
 142 0000 FFF7FEBF 		b	Seat_MUX_DisconnectAll
 143              		.cfi_endproc
 144              	.LFE7:
 145              		.size	Seat_MUX_Init, .-Seat_MUX_Init
 146              		.section	.text.Seat_MUX_GetChannel,"ax",%progbits
 147              		.align	1
 148              		.global	Seat_MUX_GetChannel
 149              		.thumb
 150              		.thumb_func
 151              		.type	Seat_MUX_GetChannel, %function
 152              	Seat_MUX_GetChannel:
 153              	.LFB5:
 125:Generated_Source\PSoC5/Seat_MUX.c **** 
ARM GAS  C:\Users\jebush2\AppData\Local\Temp\ccyjodLG.s 			page 6


 126:Generated_Source\PSoC5/Seat_MUX.c **** 
 127:Generated_Source\PSoC5/Seat_MUX.c **** /*******************************************************************************
 128:Generated_Source\PSoC5/Seat_MUX.c **** * Function Name: Seat_MUX_GetChannel
 129:Generated_Source\PSoC5/Seat_MUX.c **** ********************************************************************************
 130:Generated_Source\PSoC5/Seat_MUX.c **** * Summary:
 131:Generated_Source\PSoC5/Seat_MUX.c **** *  The currently connected channel is retuned. If no channel is connected
 132:Generated_Source\PSoC5/Seat_MUX.c **** *  returns -1.
 133:Generated_Source\PSoC5/Seat_MUX.c **** *
 134:Generated_Source\PSoC5/Seat_MUX.c **** * Parameters:
 135:Generated_Source\PSoC5/Seat_MUX.c **** *  void
 136:Generated_Source\PSoC5/Seat_MUX.c **** *
 137:Generated_Source\PSoC5/Seat_MUX.c **** * Return:
 138:Generated_Source\PSoC5/Seat_MUX.c **** *  The current channel or -1.
 139:Generated_Source\PSoC5/Seat_MUX.c **** *
 140:Generated_Source\PSoC5/Seat_MUX.c **** *******************************************************************************/
 141:Generated_Source\PSoC5/Seat_MUX.c **** int8 Seat_MUX_GetChannel(void)
 142:Generated_Source\PSoC5/Seat_MUX.c **** {
 154              		.loc 1 142 0
 155              		.cfi_startproc
 156              		@ args = 0, pretend = 0, frame = 0
 157              		@ frame_needed = 0, uses_anonymous_args = 0
 158              		@ link register save eliminated.
 143:Generated_Source\PSoC5/Seat_MUX.c ****     return Seat_MUX_CYAMUXSIDE_A_curChannel;
 144:Generated_Source\PSoC5/Seat_MUX.c **** }
 159              		.loc 1 144 0
 160 0000 014B     		ldr	r3, .L9
 161 0002 93F90000 		ldrsb	r0, [r3]
 162 0006 7047     		bx	lr
 163              	.L10:
 164              		.align	2
 165              	.L9:
 166 0008 00000000 		.word	Seat_MUX_CYAMUXSIDE_A_curChannel
 167              		.cfi_endproc
 168              	.LFE5:
 169              		.size	Seat_MUX_GetChannel, .-Seat_MUX_GetChannel
 170              		.global	Seat_MUX_initVar
 171              		.bss
 172              		.set	.LANCHOR0,. + 0
 173              		.type	Seat_MUX_initVar, %object
 174              		.size	Seat_MUX_initVar, 1
 175              	Seat_MUX_initVar:
 176 0000 00       		.space	1
 177              		.text
 178              	.Letext0:
 179              		.file 2 "Generated_Source\\PSoC5\\cytypes.h"
 180              		.file 3 "Generated_Source\\PSoC5\\cyfitter_cfg.h"
 181              		.section	.debug_info,"",%progbits
 182              	.Ldebug_info0:
 183 0000 86010000 		.4byte	0x186
 184 0004 0400     		.2byte	0x4
 185 0006 00000000 		.4byte	.Ldebug_abbrev0
 186 000a 04       		.byte	0x4
 187 000b 01       		.uleb128 0x1
 188 000c 2B010000 		.4byte	.LASF23
 189 0010 0C       		.byte	0xc
 190 0011 6A020000 		.4byte	.LASF24
 191 0015 EA000000 		.4byte	.LASF25
ARM GAS  C:\Users\jebush2\AppData\Local\Temp\ccyjodLG.s 			page 7


 192 0019 00000000 		.4byte	.Ldebug_ranges0+0
 193 001d 00000000 		.4byte	0
 194 0021 00000000 		.4byte	.Ldebug_line0
 195 0025 02       		.uleb128 0x2
 196 0026 01       		.byte	0x1
 197 0027 06       		.byte	0x6
 198 0028 8C020000 		.4byte	.LASF0
 199 002c 02       		.uleb128 0x2
 200 002d 01       		.byte	0x1
 201 002e 08       		.byte	0x8
 202 002f 4E000000 		.4byte	.LASF1
 203 0033 02       		.uleb128 0x2
 204 0034 02       		.byte	0x2
 205 0035 05       		.byte	0x5
 206 0036 51020000 		.4byte	.LASF2
 207 003a 02       		.uleb128 0x2
 208 003b 02       		.byte	0x2
 209 003c 07       		.byte	0x7
 210 003d 89000000 		.4byte	.LASF3
 211 0041 02       		.uleb128 0x2
 212 0042 04       		.byte	0x4
 213 0043 05       		.byte	0x5
 214 0044 61020000 		.4byte	.LASF4
 215 0048 02       		.uleb128 0x2
 216 0049 04       		.byte	0x4
 217 004a 07       		.byte	0x7
 218 004b 77000000 		.4byte	.LASF5
 219 004f 02       		.uleb128 0x2
 220 0050 08       		.byte	0x8
 221 0051 05       		.byte	0x5
 222 0052 27020000 		.4byte	.LASF6
 223 0056 02       		.uleb128 0x2
 224 0057 08       		.byte	0x8
 225 0058 07       		.byte	0x7
 226 0059 37000000 		.4byte	.LASF7
 227 005d 03       		.uleb128 0x3
 228 005e 04       		.byte	0x4
 229 005f 05       		.byte	0x5
 230 0060 696E7400 		.ascii	"int\000"
 231 0064 02       		.uleb128 0x2
 232 0065 04       		.byte	0x4
 233 0066 07       		.byte	0x7
 234 0067 DD000000 		.4byte	.LASF8
 235 006b 04       		.uleb128 0x4
 236 006c 5B020000 		.4byte	.LASF9
 237 0070 02       		.byte	0x2
 238 0071 E401     		.2byte	0x1e4
 239 0073 2C000000 		.4byte	0x2c
 240 0077 04       		.uleb128 0x4
 241 0078 D8000000 		.4byte	.LASF10
 242 007c 02       		.byte	0x2
 243 007d E701     		.2byte	0x1e7
 244 007f 25000000 		.4byte	0x25
 245 0083 02       		.uleb128 0x2
 246 0084 04       		.byte	0x4
 247 0085 04       		.byte	0x4
 248 0086 31000000 		.4byte	.LASF11
ARM GAS  C:\Users\jebush2\AppData\Local\Temp\ccyjodLG.s 			page 8


 249 008a 02       		.uleb128 0x2
 250 008b 08       		.byte	0x8
 251 008c 04       		.byte	0x4
 252 008d C0000000 		.4byte	.LASF12
 253 0091 02       		.uleb128 0x2
 254 0092 01       		.byte	0x1
 255 0093 08       		.byte	0x8
 256 0094 4C020000 		.4byte	.LASF13
 257 0098 05       		.uleb128 0x5
 258 0099 14000000 		.4byte	.LASF14
 259 009d 01       		.byte	0x1
 260 009e 63       		.byte	0x63
 261 009f 00000000 		.4byte	.LFB3
 262 00a3 0E000000 		.4byte	.LFE3-.LFB3
 263 00a7 01       		.uleb128 0x1
 264 00a8 9C       		.byte	0x9c
 265 00a9 C0000000 		.4byte	0xc0
 266 00ad 06       		.uleb128 0x6
 267 00ae 06000000 		.4byte	.LVL0
 268 00b2 5D010000 		.4byte	0x15d
 269 00b6 07       		.uleb128 0x7
 270 00b7 0E000000 		.4byte	.LVL1
 271 00bb 68010000 		.4byte	0x168
 272 00bf 00       		.byte	0
 273 00c0 05       		.uleb128 0x5
 274 00c1 35020000 		.4byte	.LASF15
 275 00c5 01       		.byte	0x1
 276 00c6 78       		.byte	0x78
 277 00c7 00000000 		.4byte	.LFB4
 278 00cb 0E000000 		.4byte	.LFE4-.LFB4
 279 00cf 01       		.uleb128 0x1
 280 00d0 9C       		.byte	0x9c
 281 00d1 E8000000 		.4byte	0xe8
 282 00d5 06       		.uleb128 0x6
 283 00d6 06000000 		.4byte	.LVL2
 284 00da 73010000 		.4byte	0x173
 285 00de 07       		.uleb128 0x7
 286 00df 0E000000 		.4byte	.LVL3
 287 00e3 7E010000 		.4byte	0x17e
 288 00e7 00       		.byte	0
 289 00e8 05       		.uleb128 0x5
 290 00e9 22000000 		.4byte	.LASF16
 291 00ed 01       		.byte	0x1
 292 00ee 24       		.byte	0x24
 293 00ef 00000000 		.4byte	.LFB0
 294 00f3 14000000 		.4byte	.LFE0-.LFB0
 295 00f7 01       		.uleb128 0x1
 296 00f8 9C       		.byte	0x9c
 297 00f9 07010000 		.4byte	0x107
 298 00fd 06       		.uleb128 0x6
 299 00fe 06000000 		.4byte	.LVL4
 300 0102 C0000000 		.4byte	0xc0
 301 0106 00       		.byte	0
 302 0107 08       		.uleb128 0x8
 303 0108 DA010000 		.4byte	.LASF26
 304 010c 01       		.byte	0x1
 305 010d 4D       		.byte	0x4d
ARM GAS  C:\Users\jebush2\AppData\Local\Temp\ccyjodLG.s 			page 9


 306 010e 01       		.byte	0x1
 307 010f 09       		.uleb128 0x9
 308 0110 07010000 		.4byte	0x107
 309 0114 00000000 		.4byte	.LFB2
 310 0118 04000000 		.4byte	.LFE2-.LFB2
 311 011c 01       		.uleb128 0x1
 312 011d 9C       		.byte	0x9c
 313 011e 2C010000 		.4byte	0x12c
 314 0122 07       		.uleb128 0x7
 315 0123 04000000 		.4byte	.LVL5
 316 0127 C0000000 		.4byte	0xc0
 317 012b 00       		.byte	0
 318 012c 0A       		.uleb128 0xa
 319 012d 00000000 		.4byte	.LASF27
 320 0131 01       		.byte	0x1
 321 0132 8D       		.byte	0x8d
 322 0133 77000000 		.4byte	0x77
 323 0137 00000000 		.4byte	.LFB5
 324 013b 0C000000 		.4byte	.LFE5-.LFB5
 325 013f 01       		.uleb128 0x1
 326 0140 9C       		.byte	0x9c
 327 0141 0B       		.uleb128 0xb
 328 0142 B9010000 		.4byte	.LASF17
 329 0146 03       		.byte	0x3
 330 0147 1C       		.byte	0x1c
 331 0148 77000000 		.4byte	0x77
 332 014c 0C       		.uleb128 0xc
 333 014d C7000000 		.4byte	.LASF18
 334 0151 01       		.byte	0x1
 335 0152 13       		.byte	0x13
 336 0153 6B000000 		.4byte	0x6b
 337 0157 05       		.uleb128 0x5
 338 0158 03       		.byte	0x3
 339 0159 00000000 		.4byte	Seat_MUX_initVar
 340 015d 0D       		.uleb128 0xd
 341 015e 5C000000 		.4byte	.LASF19
 342 0162 5C000000 		.4byte	.LASF19
 343 0166 03       		.byte	0x3
 344 0167 1B       		.byte	0x1b
 345 0168 0D       		.uleb128 0xd
 346 0169 E8010000 		.4byte	.LASF20
 347 016d E8010000 		.4byte	.LASF20
 348 0171 03       		.byte	0x3
 349 0172 1E       		.byte	0x1e
 350 0173 0D       		.uleb128 0xd
 351 0174 03020000 		.4byte	.LASF21
 352 0178 03020000 		.4byte	.LASF21
 353 017c 03       		.byte	0x3
 354 017d 1A       		.byte	0x1a
 355 017e 0D       		.uleb128 0xd
 356 017f 9C000000 		.4byte	.LASF22
 357 0183 9C000000 		.4byte	.LASF22
 358 0187 03       		.byte	0x3
 359 0188 1D       		.byte	0x1d
 360 0189 00       		.byte	0
 361              		.section	.debug_abbrev,"",%progbits
 362              	.Ldebug_abbrev0:
ARM GAS  C:\Users\jebush2\AppData\Local\Temp\ccyjodLG.s 			page 10


 363 0000 01       		.uleb128 0x1
 364 0001 11       		.uleb128 0x11
 365 0002 01       		.byte	0x1
 366 0003 25       		.uleb128 0x25
 367 0004 0E       		.uleb128 0xe
 368 0005 13       		.uleb128 0x13
 369 0006 0B       		.uleb128 0xb
 370 0007 03       		.uleb128 0x3
 371 0008 0E       		.uleb128 0xe
 372 0009 1B       		.uleb128 0x1b
 373 000a 0E       		.uleb128 0xe
 374 000b 55       		.uleb128 0x55
 375 000c 17       		.uleb128 0x17
 376 000d 11       		.uleb128 0x11
 377 000e 01       		.uleb128 0x1
 378 000f 10       		.uleb128 0x10
 379 0010 17       		.uleb128 0x17
 380 0011 00       		.byte	0
 381 0012 00       		.byte	0
 382 0013 02       		.uleb128 0x2
 383 0014 24       		.uleb128 0x24
 384 0015 00       		.byte	0
 385 0016 0B       		.uleb128 0xb
 386 0017 0B       		.uleb128 0xb
 387 0018 3E       		.uleb128 0x3e
 388 0019 0B       		.uleb128 0xb
 389 001a 03       		.uleb128 0x3
 390 001b 0E       		.uleb128 0xe
 391 001c 00       		.byte	0
 392 001d 00       		.byte	0
 393 001e 03       		.uleb128 0x3
 394 001f 24       		.uleb128 0x24
 395 0020 00       		.byte	0
 396 0021 0B       		.uleb128 0xb
 397 0022 0B       		.uleb128 0xb
 398 0023 3E       		.uleb128 0x3e
 399 0024 0B       		.uleb128 0xb
 400 0025 03       		.uleb128 0x3
 401 0026 08       		.uleb128 0x8
 402 0027 00       		.byte	0
 403 0028 00       		.byte	0
 404 0029 04       		.uleb128 0x4
 405 002a 16       		.uleb128 0x16
 406 002b 00       		.byte	0
 407 002c 03       		.uleb128 0x3
 408 002d 0E       		.uleb128 0xe
 409 002e 3A       		.uleb128 0x3a
 410 002f 0B       		.uleb128 0xb
 411 0030 3B       		.uleb128 0x3b
 412 0031 05       		.uleb128 0x5
 413 0032 49       		.uleb128 0x49
 414 0033 13       		.uleb128 0x13
 415 0034 00       		.byte	0
 416 0035 00       		.byte	0
 417 0036 05       		.uleb128 0x5
 418 0037 2E       		.uleb128 0x2e
 419 0038 01       		.byte	0x1
ARM GAS  C:\Users\jebush2\AppData\Local\Temp\ccyjodLG.s 			page 11


 420 0039 3F       		.uleb128 0x3f
 421 003a 19       		.uleb128 0x19
 422 003b 03       		.uleb128 0x3
 423 003c 0E       		.uleb128 0xe
 424 003d 3A       		.uleb128 0x3a
 425 003e 0B       		.uleb128 0xb
 426 003f 3B       		.uleb128 0x3b
 427 0040 0B       		.uleb128 0xb
 428 0041 27       		.uleb128 0x27
 429 0042 19       		.uleb128 0x19
 430 0043 11       		.uleb128 0x11
 431 0044 01       		.uleb128 0x1
 432 0045 12       		.uleb128 0x12
 433 0046 06       		.uleb128 0x6
 434 0047 40       		.uleb128 0x40
 435 0048 18       		.uleb128 0x18
 436 0049 9742     		.uleb128 0x2117
 437 004b 19       		.uleb128 0x19
 438 004c 01       		.uleb128 0x1
 439 004d 13       		.uleb128 0x13
 440 004e 00       		.byte	0
 441 004f 00       		.byte	0
 442 0050 06       		.uleb128 0x6
 443 0051 898201   		.uleb128 0x4109
 444 0054 00       		.byte	0
 445 0055 11       		.uleb128 0x11
 446 0056 01       		.uleb128 0x1
 447 0057 31       		.uleb128 0x31
 448 0058 13       		.uleb128 0x13
 449 0059 00       		.byte	0
 450 005a 00       		.byte	0
 451 005b 07       		.uleb128 0x7
 452 005c 898201   		.uleb128 0x4109
 453 005f 00       		.byte	0
 454 0060 11       		.uleb128 0x11
 455 0061 01       		.uleb128 0x1
 456 0062 9542     		.uleb128 0x2115
 457 0064 19       		.uleb128 0x19
 458 0065 31       		.uleb128 0x31
 459 0066 13       		.uleb128 0x13
 460 0067 00       		.byte	0
 461 0068 00       		.byte	0
 462 0069 08       		.uleb128 0x8
 463 006a 2E       		.uleb128 0x2e
 464 006b 00       		.byte	0
 465 006c 3F       		.uleb128 0x3f
 466 006d 19       		.uleb128 0x19
 467 006e 03       		.uleb128 0x3
 468 006f 0E       		.uleb128 0xe
 469 0070 3A       		.uleb128 0x3a
 470 0071 0B       		.uleb128 0xb
 471 0072 3B       		.uleb128 0x3b
 472 0073 0B       		.uleb128 0xb
 473 0074 27       		.uleb128 0x27
 474 0075 19       		.uleb128 0x19
 475 0076 20       		.uleb128 0x20
 476 0077 0B       		.uleb128 0xb
ARM GAS  C:\Users\jebush2\AppData\Local\Temp\ccyjodLG.s 			page 12


 477 0078 00       		.byte	0
 478 0079 00       		.byte	0
 479 007a 09       		.uleb128 0x9
 480 007b 2E       		.uleb128 0x2e
 481 007c 01       		.byte	0x1
 482 007d 31       		.uleb128 0x31
 483 007e 13       		.uleb128 0x13
 484 007f 11       		.uleb128 0x11
 485 0080 01       		.uleb128 0x1
 486 0081 12       		.uleb128 0x12
 487 0082 06       		.uleb128 0x6
 488 0083 40       		.uleb128 0x40
 489 0084 18       		.uleb128 0x18
 490 0085 9742     		.uleb128 0x2117
 491 0087 19       		.uleb128 0x19
 492 0088 01       		.uleb128 0x1
 493 0089 13       		.uleb128 0x13
 494 008a 00       		.byte	0
 495 008b 00       		.byte	0
 496 008c 0A       		.uleb128 0xa
 497 008d 2E       		.uleb128 0x2e
 498 008e 00       		.byte	0
 499 008f 3F       		.uleb128 0x3f
 500 0090 19       		.uleb128 0x19
 501 0091 03       		.uleb128 0x3
 502 0092 0E       		.uleb128 0xe
 503 0093 3A       		.uleb128 0x3a
 504 0094 0B       		.uleb128 0xb
 505 0095 3B       		.uleb128 0x3b
 506 0096 0B       		.uleb128 0xb
 507 0097 27       		.uleb128 0x27
 508 0098 19       		.uleb128 0x19
 509 0099 49       		.uleb128 0x49
 510 009a 13       		.uleb128 0x13
 511 009b 11       		.uleb128 0x11
 512 009c 01       		.uleb128 0x1
 513 009d 12       		.uleb128 0x12
 514 009e 06       		.uleb128 0x6
 515 009f 40       		.uleb128 0x40
 516 00a0 18       		.uleb128 0x18
 517 00a1 9742     		.uleb128 0x2117
 518 00a3 19       		.uleb128 0x19
 519 00a4 00       		.byte	0
 520 00a5 00       		.byte	0
 521 00a6 0B       		.uleb128 0xb
 522 00a7 34       		.uleb128 0x34
 523 00a8 00       		.byte	0
 524 00a9 03       		.uleb128 0x3
 525 00aa 0E       		.uleb128 0xe
 526 00ab 3A       		.uleb128 0x3a
 527 00ac 0B       		.uleb128 0xb
 528 00ad 3B       		.uleb128 0x3b
 529 00ae 0B       		.uleb128 0xb
 530 00af 49       		.uleb128 0x49
 531 00b0 13       		.uleb128 0x13
 532 00b1 3F       		.uleb128 0x3f
 533 00b2 19       		.uleb128 0x19
ARM GAS  C:\Users\jebush2\AppData\Local\Temp\ccyjodLG.s 			page 13


 534 00b3 3C       		.uleb128 0x3c
 535 00b4 19       		.uleb128 0x19
 536 00b5 00       		.byte	0
 537 00b6 00       		.byte	0
 538 00b7 0C       		.uleb128 0xc
 539 00b8 34       		.uleb128 0x34
 540 00b9 00       		.byte	0
 541 00ba 03       		.uleb128 0x3
 542 00bb 0E       		.uleb128 0xe
 543 00bc 3A       		.uleb128 0x3a
 544 00bd 0B       		.uleb128 0xb
 545 00be 3B       		.uleb128 0x3b
 546 00bf 0B       		.uleb128 0xb
 547 00c0 49       		.uleb128 0x49
 548 00c1 13       		.uleb128 0x13
 549 00c2 3F       		.uleb128 0x3f
 550 00c3 19       		.uleb128 0x19
 551 00c4 02       		.uleb128 0x2
 552 00c5 18       		.uleb128 0x18
 553 00c6 00       		.byte	0
 554 00c7 00       		.byte	0
 555 00c8 0D       		.uleb128 0xd
 556 00c9 2E       		.uleb128 0x2e
 557 00ca 00       		.byte	0
 558 00cb 3F       		.uleb128 0x3f
 559 00cc 19       		.uleb128 0x19
 560 00cd 3C       		.uleb128 0x3c
 561 00ce 19       		.uleb128 0x19
 562 00cf 6E       		.uleb128 0x6e
 563 00d0 0E       		.uleb128 0xe
 564 00d1 03       		.uleb128 0x3
 565 00d2 0E       		.uleb128 0xe
 566 00d3 3A       		.uleb128 0x3a
 567 00d4 0B       		.uleb128 0xb
 568 00d5 3B       		.uleb128 0x3b
 569 00d6 0B       		.uleb128 0xb
 570 00d7 00       		.byte	0
 571 00d8 00       		.byte	0
 572 00d9 00       		.byte	0
 573              		.section	.debug_aranges,"",%progbits
 574 0000 3C000000 		.4byte	0x3c
 575 0004 0200     		.2byte	0x2
 576 0006 00000000 		.4byte	.Ldebug_info0
 577 000a 04       		.byte	0x4
 578 000b 00       		.byte	0
 579 000c 0000     		.2byte	0
 580 000e 0000     		.2byte	0
 581 0010 00000000 		.4byte	.LFB3
 582 0014 0E000000 		.4byte	.LFE3-.LFB3
 583 0018 00000000 		.4byte	.LFB4
 584 001c 0E000000 		.4byte	.LFE4-.LFB4
 585 0020 00000000 		.4byte	.LFB0
 586 0024 14000000 		.4byte	.LFE0-.LFB0
 587 0028 00000000 		.4byte	.LFB2
 588 002c 04000000 		.4byte	.LFE2-.LFB2
 589 0030 00000000 		.4byte	.LFB5
 590 0034 0C000000 		.4byte	.LFE5-.LFB5
ARM GAS  C:\Users\jebush2\AppData\Local\Temp\ccyjodLG.s 			page 14


 591 0038 00000000 		.4byte	0
 592 003c 00000000 		.4byte	0
 593              		.section	.debug_ranges,"",%progbits
 594              	.Ldebug_ranges0:
 595 0000 00000000 		.4byte	.LFB3
 596 0004 0E000000 		.4byte	.LFE3
 597 0008 00000000 		.4byte	.LFB4
 598 000c 0E000000 		.4byte	.LFE4
 599 0010 00000000 		.4byte	.LFB0
 600 0014 14000000 		.4byte	.LFE0
 601 0018 00000000 		.4byte	.LFB2
 602 001c 04000000 		.4byte	.LFE2
 603 0020 00000000 		.4byte	.LFB5
 604 0024 0C000000 		.4byte	.LFE5
 605 0028 00000000 		.4byte	0
 606 002c 00000000 		.4byte	0
 607              		.section	.debug_line,"",%progbits
 608              	.Ldebug_line0:
 609 0000 B6000000 		.section	.debug_str,"MS",%progbits,1
 609      02005700 
 609      00000201 
 609      FB0E0D00 
 609      01010101 
 610              	.LASF27:
 611 0000 53656174 		.ascii	"Seat_MUX_GetChannel\000"
 611      5F4D5558 
 611      5F476574 
 611      4368616E 
 611      6E656C00 
 612              	.LASF14:
 613 0014 53656174 		.ascii	"Seat_MUX_Next\000"
 613      5F4D5558 
 613      5F4E6578 
 613      7400
 614              	.LASF16:
 615 0022 53656174 		.ascii	"Seat_MUX_Start\000"
 615      5F4D5558 
 615      5F537461 
 615      727400
 616              	.LASF11:
 617 0031 666C6F61 		.ascii	"float\000"
 617      7400
 618              	.LASF7:
 619 0037 6C6F6E67 		.ascii	"long long unsigned int\000"
 619      206C6F6E 
 619      6720756E 
 619      7369676E 
 619      65642069 
 620              	.LASF1:
 621 004e 756E7369 		.ascii	"unsigned char\000"
 621      676E6564 
 621      20636861 
 621      7200
 622              	.LASF19:
 623 005c 53656174 		.ascii	"Seat_MUX_CYAMUXSIDE_A_Next\000"
 623      5F4D5558 
 623      5F435941 
ARM GAS  C:\Users\jebush2\AppData\Local\Temp\ccyjodLG.s 			page 15


 623      4D555853 
 623      4944455F 
 624              	.LASF5:
 625 0077 6C6F6E67 		.ascii	"long unsigned int\000"
 625      20756E73 
 625      69676E65 
 625      6420696E 
 625      7400
 626              	.LASF3:
 627 0089 73686F72 		.ascii	"short unsigned int\000"
 627      7420756E 
 627      7369676E 
 627      65642069 
 627      6E7400
 628              	.LASF22:
 629 009c 53656174 		.ascii	"Seat_MUX_CYAMUXSIDE_B_DisconnectAll\000"
 629      5F4D5558 
 629      5F435941 
 629      4D555853 
 629      4944455F 
 630              	.LASF12:
 631 00c0 646F7562 		.ascii	"double\000"
 631      6C6500
 632              	.LASF18:
 633 00c7 53656174 		.ascii	"Seat_MUX_initVar\000"
 633      5F4D5558 
 633      5F696E69 
 633      74566172 
 633      00
 634              	.LASF10:
 635 00d8 696E7438 		.ascii	"int8\000"
 635      00
 636              	.LASF8:
 637 00dd 756E7369 		.ascii	"unsigned int\000"
 637      676E6564 
 637      20696E74 
 637      00
 638              	.LASF25:
 639 00ea 433A5C55 		.ascii	"C:\\Users\\jebush2\\Desktop\\PSoC 3-19-2019\\PSoC P"
 639      73657273 
 639      5C6A6562 
 639      75736832 
 639      5C446573 
 640 0118 726F6A65 		.ascii	"rojects\\Seat.cydsn\000"
 640      6374735C 
 640      53656174 
 640      2E637964 
 640      736E00
 641              	.LASF23:
 642 012b 474E5520 		.ascii	"GNU C11 5.4.1 20160609 (release) [ARM/embedded-5-br"
 642      43313120 
 642      352E342E 
 642      31203230 
 642      31363036 
 643 015e 616E6368 		.ascii	"anch revision 237715] -mcpu=cortex-m3 -mthumb -g -O"
 643      20726576 
 643      6973696F 
ARM GAS  C:\Users\jebush2\AppData\Local\Temp\ccyjodLG.s 			page 16


 643      6E203233 
 643      37373135 
 644 0191 73202D66 		.ascii	"s -ffunction-sections -ffat-lto-objects\000"
 644      66756E63 
 644      74696F6E 
 644      2D736563 
 644      74696F6E 
 645              	.LASF17:
 646 01b9 53656174 		.ascii	"Seat_MUX_CYAMUXSIDE_A_curChannel\000"
 646      5F4D5558 
 646      5F435941 
 646      4D555853 
 646      4944455F 
 647              	.LASF26:
 648 01da 53656174 		.ascii	"Seat_MUX_Stop\000"
 648      5F4D5558 
 648      5F53746F 
 648      7000
 649              	.LASF20:
 650 01e8 53656174 		.ascii	"Seat_MUX_CYAMUXSIDE_B_Next\000"
 650      5F4D5558 
 650      5F435941 
 650      4D555853 
 650      4944455F 
 651              	.LASF21:
 652 0203 53656174 		.ascii	"Seat_MUX_CYAMUXSIDE_A_DisconnectAll\000"
 652      5F4D5558 
 652      5F435941 
 652      4D555853 
 652      4944455F 
 653              	.LASF6:
 654 0227 6C6F6E67 		.ascii	"long long int\000"
 654      206C6F6E 
 654      6720696E 
 654      7400
 655              	.LASF15:
 656 0235 53656174 		.ascii	"Seat_MUX_DisconnectAll\000"
 656      5F4D5558 
 656      5F446973 
 656      636F6E6E 
 656      65637441 
 657              	.LASF13:
 658 024c 63686172 		.ascii	"char\000"
 658      00
 659              	.LASF2:
 660 0251 73686F72 		.ascii	"short int\000"
 660      7420696E 
 660      7400
 661              	.LASF9:
 662 025b 75696E74 		.ascii	"uint8\000"
 662      3800
 663              	.LASF4:
 664 0261 6C6F6E67 		.ascii	"long int\000"
 664      20696E74 
 664      00
 665              	.LASF24:
 666 026a 47656E65 		.ascii	"Generated_Source\\PSoC5\\Seat_MUX.c\000"
ARM GAS  C:\Users\jebush2\AppData\Local\Temp\ccyjodLG.s 			page 17


 666      72617465 
 666      645F536F 
 666      75726365 
 666      5C50536F 
 667              	.LASF0:
 668 028c 7369676E 		.ascii	"signed char\000"
 668      65642063 
 668      68617200 
 669              		.ident	"GCC: (GNU Tools for ARM Embedded Processors) 5.4.1 20160609 (release) [ARM/embedded-5-bran
