Archive member included to satisfy reference by file (symbol)

.\CortexM3\ARM_GCC_541\Release\Sensors.a(USBUART_1.o)
                              .\CortexM3\ARM_GCC_541\Release\main.o (USBUART_1_Start)
.\CortexM3\ARM_GCC_541\Release\Sensors.a(USBUART_1_cdc.o)
                              .\CortexM3\ARM_GCC_541\Release\main.o (USBUART_1_CDC_Init)
.\CortexM3\ARM_GCC_541\Release\Sensors.a(USBUART_1_drv.o)
                              .\CortexM3\ARM_GCC_541\Release\Sensors.a(USBUART_1.o) (USBUART_1_lastPacketSize)
.\CortexM3\ARM_GCC_541\Release\Sensors.a(USBUART_1_episr.o)
                              .\CortexM3\ARM_GCC_541\Release\Sensors.a(USBUART_1.o) (USBUART_1_EP_1_ISR)
.\CortexM3\ARM_GCC_541\Release\Sensors.a(USBUART_1_pm.o)
                              .\CortexM3\ARM_GCC_541\Release\Sensors.a(USBUART_1.o) (USBUART_1_DP_ISR)
.\CortexM3\ARM_GCC_541\Release\Sensors.a(USBUART_1_std.o)
                              .\CortexM3\ARM_GCC_541\Release\Sensors.a(USBUART_1_pm.o) (USBUART_1_ConfigReg)
.\CortexM3\ARM_GCC_541\Release\Sensors.a(USBUART_1_vnd.o)
                              .\CortexM3\ARM_GCC_541\Release\Sensors.a(USBUART_1_drv.o) (USBUART_1_HandleVendorRqst)
.\CortexM3\ARM_GCC_541\Release\Sensors.a(USBUART_1_Dp.o)
                              .\CortexM3\ARM_GCC_541\Release\Sensors.a(USBUART_1.o) (USBUART_1_Dp_ClearInterrupt)
.\CortexM3\ARM_GCC_541\Release\Sensors.a(CyLib.o)
                              .\CortexM3\ARM_GCC_541\Release\Cm3Start.o (CyHalt)
.\CortexM3\ARM_GCC_541\Release\Sensors.a(cyPm.o)
                              .\CortexM3\ARM_GCC_541\Release\Sensors.a(CyLib.o) (CyPmReadStatus)
.\CortexM3\ARM_GCC_541\Release\Sensors.a(Timer.o)
                              .\CortexM3\ARM_GCC_541\Release\main.o (Timer_WriteCounter)
.\CortexM3\ARM_GCC_541\Release\Sensors.a(Hall_Interrupt.o)
                              .\CortexM3\ARM_GCC_541\Release\main.o (Hall_Interrupt_StartEx)
.\CortexM3\ARM_GCC_541\Release\Sensors.a(CyBootAsmGnu.o)
                              .\CortexM3\ARM_GCC_541\Release\cyfitter_cfg.o (CyDelayCycles)
.\CortexM3\ARM_GCC_541\Release\Sensors.a(USBUART_1_cls.o)
                              .\CortexM3\ARM_GCC_541\Release\Sensors.a(USBUART_1_drv.o) (USBUART_1_DispatchClassRqst)
.\CortexM3\ARM_GCC_541\Release\Sensors.a(USBUART_1_descr.o)
                              .\CortexM3\ARM_GCC_541\Release\Sensors.a(USBUART_1_std.o) (USBUART_1_idSerialNumberStringDescriptor)
.\CortexM3\ARM_GCC_541\Release\Sensors.a(CyFlash.o)
                              .\CortexM3\ARM_GCC_541\Release\Sensors.a(cyPm.o) (CyFlash_SetWaitCycles)
.\CortexM3\ARM_GCC_541\Release\Sensors.a(CySpc.o)
                              .\CortexM3\ARM_GCC_541\Release\Sensors.a(CyFlash.o) (CySpcStart)
c:/program files (x86)/cypress/psoc creator/4.1/psoc creator/import/gnu/arm/5.4.1/bin/../lib/gcc/arm-none-eabi/5.4.1/../../../../arm-none-eabi/lib/armv7-m\libg_nano.a(lib_a-errno.o)
                              .\CortexM3\ARM_GCC_541\Release\Cm3Start.o (__errno)
c:/program files (x86)/cypress/psoc creator/4.1/psoc creator/import/gnu/arm/5.4.1/bin/../lib/gcc/arm-none-eabi/5.4.1/../../../../arm-none-eabi/lib/armv7-m\libg_nano.a(lib_a-exit.o)
                              c:/program files (x86)/cypress/psoc creator/4.1/psoc creator/import/gnu/arm/5.4.1/bin/../lib/gcc/arm-none-eabi/5.4.1/../../../../arm-none-eabi/lib/armv7-m/crt0.o (exit)
c:/program files (x86)/cypress/psoc creator/4.1/psoc creator/import/gnu/arm/5.4.1/bin/../lib/gcc/arm-none-eabi/5.4.1/../../../../arm-none-eabi/lib/armv7-m\libg_nano.a(lib_a-impure.o)
                              c:/program files (x86)/cypress/psoc creator/4.1/psoc creator/import/gnu/arm/5.4.1/bin/../lib/gcc/arm-none-eabi/5.4.1/../../../../arm-none-eabi/lib/armv7-m\libg_nano.a(lib_a-exit.o) (_global_impure_ptr)
c:/program files (x86)/cypress/psoc creator/4.1/psoc creator/import/gnu/arm/5.4.1/bin/../lib/gcc/arm-none-eabi/5.4.1/../../../../arm-none-eabi/lib/armv7-m\libg_nano.a(lib_a-init.o)
                              c:/program files (x86)/cypress/psoc creator/4.1/psoc creator/import/gnu/arm/5.4.1/bin/../lib/gcc/arm-none-eabi/5.4.1/../../../../arm-none-eabi/lib/armv7-m/crt0.o (__libc_init_array)
c:/program files (x86)/cypress/psoc creator/4.1/psoc creator/import/gnu/arm/5.4.1/bin/../lib/gcc/arm-none-eabi/5.4.1/../../../../arm-none-eabi/lib/armv7-m\libg_nano.a(lib_a-memset.o)
                              c:/program files (x86)/cypress/psoc creator/4.1/psoc creator/import/gnu/arm/5.4.1/bin/../lib/gcc/arm-none-eabi/5.4.1/../../../../arm-none-eabi/lib/armv7-m/crt0.o (memset)

Allocating common symbols
Common symbol       size              file

USBUART_1_interfaceSettingLast
                    0x2               .\CortexM3\ARM_GCC_541\Release\Sensors.a(USBUART_1_drv.o)
USBUART_1_cdcDataInEp
                    0x2               .\CortexM3\ARM_GCC_541\Release\Sensors.a(USBUART_1_cdc.o)
USBUART_1_ep0Mode   0x1               .\CortexM3\ARM_GCC_541\Release\Sensors.a(USBUART_1_drv.o)
USBUART_1_lastPacketSize
                    0x1               .\CortexM3\ARM_GCC_541\Release\Sensors.a(USBUART_1_drv.o)
USBUART_1_configurationChanged
                    0x1               .\CortexM3\ARM_GCC_541\Release\Sensors.a(USBUART_1_drv.o)
USBUART_1_configuration
                    0x1               .\CortexM3\ARM_GCC_541\Release\Sensors.a(USBUART_1_drv.o)
USBUART_1_interfaceNumber
                    0x1               .\CortexM3\ARM_GCC_541\Release\Sensors.a(USBUART_1_drv.o)
USBUART_1_deviceStatus
                    0x1               .\CortexM3\ARM_GCC_541\Release\Sensors.a(USBUART_1_drv.o)
USBUART_1_cdcDataOutEp
                    0x2               .\CortexM3\ARM_GCC_541\Release\Sensors.a(USBUART_1_cdc.o)
USBUART_1_cdcCommInInterruptEp
                    0x2               .\CortexM3\ARM_GCC_541\Release\Sensors.a(USBUART_1_cdc.o)
USBUART_1_ep0Toggle
                    0x1               .\CortexM3\ARM_GCC_541\Release\Sensors.a(USBUART_1_drv.o)
USBUART_1_serialStateBitmap
                    0x4               .\CortexM3\ARM_GCC_541\Release\Sensors.a(USBUART_1_cdc.o)
USBUART_1_linesChanged
                    0x2               .\CortexM3\ARM_GCC_541\Release\Sensors.a(USBUART_1_cdc.o)
USBUART_1_interfaceClass
                    0x4               .\CortexM3\ARM_GCC_541\Release\Sensors.a(USBUART_1_drv.o)
USBUART_1_linesControlBitmap
                    0x4               .\CortexM3\ARM_GCC_541\Release\Sensors.a(USBUART_1_cdc.o)
USBUART_1_interfaceSetting
                    0x2               .\CortexM3\ARM_GCC_541\Release\Sensors.a(USBUART_1_drv.o)
USBUART_1_currentTD
                    0xc               .\CortexM3\ARM_GCC_541\Release\Sensors.a(USBUART_1_drv.o)
time                0x2               .\CortexM3\ARM_GCC_541\Release\main.o
USBUART_1_ep0Count  0x1               .\CortexM3\ARM_GCC_541\Release\Sensors.a(USBUART_1_drv.o)
USBUART_1_EP        0x6c              .\CortexM3\ARM_GCC_541\Release\Sensors.a(USBUART_1_drv.o)
speed               0x2               .\CortexM3\ARM_GCC_541\Release\main.o
USBUART_1_transferByteCount
                    0x2               .\CortexM3\ARM_GCC_541\Release\Sensors.a(USBUART_1_drv.o)
USBUART_1_transferState
                    0x1               .\CortexM3\ARM_GCC_541\Release\Sensors.a(USBUART_1_drv.o)
USBUART_1_device    0x1               .\CortexM3\ARM_GCC_541\Release\Sensors.a(USBUART_1_drv.o)
dieTemperature      0x2               .\CortexM3\ARM_GCC_541\Release\Sensors.a(CyFlash.o)
USBUART_1_interfaceStatus
                    0x2               .\CortexM3\ARM_GCC_541\Release\Sensors.a(USBUART_1_drv.o)
USBUART_1_deviceAddress
                    0x1               .\CortexM3\ARM_GCC_541\Release\Sensors.a(USBUART_1_drv.o)
USBUART_1_idSerialNumberStringDescriptor
                    0x22              .\CortexM3\ARM_GCC_541\Release\Sensors.a(USBUART_1_descr.o)

Discarded input sections

 .text          0x00000000        0x0 c:/program files (x86)/cypress/psoc creator/4.1/psoc creator/import/gnu/arm/5.4.1/bin/../lib/gcc/arm-none-eabi/5.4.1/armv7-m/crti.o
 .data          0x00000000        0x0 c:/program files (x86)/cypress/psoc creator/4.1/psoc creator/import/gnu/arm/5.4.1/bin/../lib/gcc/arm-none-eabi/5.4.1/armv7-m/crti.o
 .bss           0x00000000        0x0 c:/program files (x86)/cypress/psoc creator/4.1/psoc creator/import/gnu/arm/5.4.1/bin/../lib/gcc/arm-none-eabi/5.4.1/armv7-m/crti.o
 .data          0x00000000        0x4 c:/program files (x86)/cypress/psoc creator/4.1/psoc creator/import/gnu/arm/5.4.1/bin/../lib/gcc/arm-none-eabi/5.4.1/armv7-m/crtbegin.o
 .text          0x00000000       0x74 c:/program files (x86)/cypress/psoc creator/4.1/psoc creator/import/gnu/arm/5.4.1/bin/../lib/gcc/arm-none-eabi/5.4.1/../../../../arm-none-eabi/lib/armv7-m/crt0.o
 .data          0x00000000        0x0 c:/program files (x86)/cypress/psoc creator/4.1/psoc creator/import/gnu/arm/5.4.1/bin/../lib/gcc/arm-none-eabi/5.4.1/../../../../arm-none-eabi/lib/armv7-m/crt0.o
 .bss           0x00000000        0x0 c:/program files (x86)/cypress/psoc creator/4.1/psoc creator/import/gnu/arm/5.4.1/bin/../lib/gcc/arm-none-eabi/5.4.1/../../../../arm-none-eabi/lib/armv7-m/crt0.o
 .ARM.extab     0x00000000        0x0 c:/program files (x86)/cypress/psoc creator/4.1/psoc creator/import/gnu/arm/5.4.1/bin/../lib/gcc/arm-none-eabi/5.4.1/../../../../arm-none-eabi/lib/armv7-m/crt0.o
 .ARM.exidx     0x00000000        0x8 c:/program files (x86)/cypress/psoc creator/4.1/psoc creator/import/gnu/arm/5.4.1/bin/../lib/gcc/arm-none-eabi/5.4.1/../../../../arm-none-eabi/lib/armv7-m/crt0.o
 .text          0x00000000        0x0 .\CortexM3\ARM_GCC_541\Release\main.o
 .data          0x00000000        0x0 .\CortexM3\ARM_GCC_541\Release\main.o
 .bss           0x00000000        0x0 .\CortexM3\ARM_GCC_541\Release\main.o
 .text          0x00000000        0x0 .\CortexM3\ARM_GCC_541\Release\pressure_pad.o
 .data          0x00000000        0x0 .\CortexM3\ARM_GCC_541\Release\pressure_pad.o
 .bss           0x00000000        0x0 .\CortexM3\ARM_GCC_541\Release\pressure_pad.o
 .text          0x00000000        0x0 .\CortexM3\ARM_GCC_541\Release\cyfitter_cfg.o
 .data          0x00000000        0x0 .\CortexM3\ARM_GCC_541\Release\cyfitter_cfg.o
 .bss           0x00000000        0x0 .\CortexM3\ARM_GCC_541\Release\cyfitter_cfg.o
 .text.SetAnalogRoutingPumps
                0x00000000       0x10 .\CortexM3\ARM_GCC_541\Release\cyfitter_cfg.o
 .text          0x00000000        0x0 .\CortexM3\ARM_GCC_541\Release\cymetadata.o
 .data          0x00000000        0x0 .\CortexM3\ARM_GCC_541\Release\cymetadata.o
 .bss           0x00000000        0x0 .\CortexM3\ARM_GCC_541\Release\cymetadata.o
 .text          0x00000000        0x0 .\CortexM3\ARM_GCC_541\Release\Cm3Start.o
 .data          0x00000000        0x4 .\CortexM3\ARM_GCC_541\Release\Cm3Start.o
 .bss           0x00000000        0x0 .\CortexM3\ARM_GCC_541\Release\Cm3Start.o
 .text._exit    0x00000000        0xa .\CortexM3\ARM_GCC_541\Release\Cm3Start.o
 .text._sbrk    0x00000000       0x2c .\CortexM3\ARM_GCC_541\Release\Cm3Start.o
 .text          0x00000000        0x0 .\CortexM3\ARM_GCC_541\Release\Sensors.a(USBUART_1.o)
 .data          0x00000000        0x0 .\CortexM3\ARM_GCC_541\Release\Sensors.a(USBUART_1.o)
 .text.USBUART_1_Stop
                0x00000000       0xb4 .\CortexM3\ARM_GCC_541\Release\Sensors.a(USBUART_1.o)
 .text.USBUART_1_CheckActivity
                0x00000000       0x18 .\CortexM3\ARM_GCC_541\Release\Sensors.a(USBUART_1.o)
 .text.USBUART_1_IsConfigurationChanged
                0x00000000       0x18 .\CortexM3\ARM_GCC_541\Release\Sensors.a(USBUART_1.o)
 .text.USBUART_1_GetInterfaceSetting
                0x00000000        0xc .\CortexM3\ARM_GCC_541\Release\Sensors.a(USBUART_1.o)
 .text.USBUART_1_GetEPState
                0x00000000       0x10 .\CortexM3\ARM_GCC_541\Release\Sensors.a(USBUART_1.o)
 .text.USBUART_1_GetEPCount
                0x00000000       0x28 .\CortexM3\ARM_GCC_541\Release\Sensors.a(USBUART_1.o)
 .text.USBUART_1_ReadOutEP
                0x00000000       0x4c .\CortexM3\ARM_GCC_541\Release\Sensors.a(USBUART_1.o)
 .text.USBUART_1_DisableOutEP
                0x00000000       0x14 .\CortexM3\ARM_GCC_541\Release\Sensors.a(USBUART_1.o)
 .text.USBUART_1_Force
                0x00000000        0xc .\CortexM3\ARM_GCC_541\Release\Sensors.a(USBUART_1.o)
 .text.USBUART_1_GetEPAckState
                0x00000000       0x1c .\CortexM3\ARM_GCC_541\Release\Sensors.a(USBUART_1.o)
 .text.USBUART_1_SetPowerStatus
                0x00000000       0x18 .\CortexM3\ARM_GCC_541\Release\Sensors.a(USBUART_1.o)
 .text.USBUART_1_RWUEnabled
                0x00000000       0x10 .\CortexM3\ARM_GCC_541\Release\Sensors.a(USBUART_1.o)
 .text.USBUART_1_GetDeviceAddress
                0x00000000       0x10 .\CortexM3\ARM_GCC_541\Release\Sensors.a(USBUART_1.o)
 .text.USBUART_1_EnableSofInt
                0x00000000       0x10 .\CortexM3\ARM_GCC_541\Release\Sensors.a(USBUART_1.o)
 .text.USBUART_1_DisableSofInt
                0x00000000       0x10 .\CortexM3\ARM_GCC_541\Release\Sensors.a(USBUART_1.o)
 .text          0x00000000        0x0 .\CortexM3\ARM_GCC_541\Release\Sensors.a(USBUART_1_cdc.o)
 .text.USBUART_1_PutString
                0x00000000       0x94 .\CortexM3\ARM_GCC_541\Release\Sensors.a(USBUART_1_cdc.o)
 .text.USBUART_1_PutCRLF
                0x00000000       0x2c .\CortexM3\ARM_GCC_541\Release\Sensors.a(USBUART_1_cdc.o)
 .text.USBUART_1_GetCount
                0x00000000       0x2c .\CortexM3\ARM_GCC_541\Release\Sensors.a(USBUART_1_cdc.o)
 .text.USBUART_1_DataIsReady
                0x00000000       0x14 .\CortexM3\ARM_GCC_541\Release\Sensors.a(USBUART_1_cdc.o)
 .text.USBUART_1_CDCIsReady
                0x00000000       0x14 .\CortexM3\ARM_GCC_541\Release\Sensors.a(USBUART_1_cdc.o)
 .text.USBUART_1_GetData
                0x00000000       0x1c .\CortexM3\ARM_GCC_541\Release\Sensors.a(USBUART_1_cdc.o)
 .text.USBUART_1_GetAll
                0x00000000       0x2c .\CortexM3\ARM_GCC_541\Release\Sensors.a(USBUART_1_cdc.o)
 .text.USBUART_1_GetChar
                0x00000000       0x28 .\CortexM3\ARM_GCC_541\Release\Sensors.a(USBUART_1_cdc.o)
 .text.USBUART_1_IsLineChanged
                0x00000000       0x34 .\CortexM3\ARM_GCC_541\Release\Sensors.a(USBUART_1_cdc.o)
 .text.USBUART_1_GetDTERate
                0x00000000       0x2c .\CortexM3\ARM_GCC_541\Release\Sensors.a(USBUART_1_cdc.o)
 .text.USBUART_1_GetCharFormat
                0x00000000       0x18 .\CortexM3\ARM_GCC_541\Release\Sensors.a(USBUART_1_cdc.o)
 .text.USBUART_1_GetParityType
                0x00000000       0x18 .\CortexM3\ARM_GCC_541\Release\Sensors.a(USBUART_1_cdc.o)
 .text.USBUART_1_GetDataBits
                0x00000000       0x18 .\CortexM3\ARM_GCC_541\Release\Sensors.a(USBUART_1_cdc.o)
 .text.USBUART_1_GetLineControl
                0x00000000       0x18 .\CortexM3\ARM_GCC_541\Release\Sensors.a(USBUART_1_cdc.o)
 .text.USBUART_1_SendSerialState
                0x00000000       0x5c .\CortexM3\ARM_GCC_541\Release\Sensors.a(USBUART_1_cdc.o)
 .text.USBUART_1_GetSerialState
                0x00000000       0x18 .\CortexM3\ARM_GCC_541\Release\Sensors.a(USBUART_1_cdc.o)
 .text.USBUART_1_NotificationIsReady
                0x00000000       0x20 .\CortexM3\ARM_GCC_541\Release\Sensors.a(USBUART_1_cdc.o)
 .text.USBUART_1_SetComPort
                0x00000000       0x14 .\CortexM3\ARM_GCC_541\Release\Sensors.a(USBUART_1_cdc.o)
 .text.USBUART_1_GetComPort
                0x00000000        0xc .\CortexM3\ARM_GCC_541\Release\Sensors.a(USBUART_1_cdc.o)
 .rodata        0x00000000        0x2 .\CortexM3\ARM_GCC_541\Release\Sensors.a(USBUART_1_cdc.o)
 .text          0x00000000        0x0 .\CortexM3\ARM_GCC_541\Release\Sensors.a(USBUART_1_drv.o)
 .data          0x00000000        0x0 .\CortexM3\ARM_GCC_541\Release\Sensors.a(USBUART_1_drv.o)
 .bss           0x00000000        0x0 .\CortexM3\ARM_GCC_541\Release\Sensors.a(USBUART_1_drv.o)
 .text.USBUART_1_ControlReadDataStage
                0x00000000        0x4 .\CortexM3\ARM_GCC_541\Release\Sensors.a(USBUART_1_drv.o)
 .text          0x00000000        0x0 .\CortexM3\ARM_GCC_541\Release\Sensors.a(USBUART_1_episr.o)
 .data          0x00000000        0x0 .\CortexM3\ARM_GCC_541\Release\Sensors.a(USBUART_1_episr.o)
 .bss           0x00000000        0x0 .\CortexM3\ARM_GCC_541\Release\Sensors.a(USBUART_1_episr.o)
 .text          0x00000000        0x0 .\CortexM3\ARM_GCC_541\Release\Sensors.a(USBUART_1_pm.o)
 .data          0x00000000        0x0 .\CortexM3\ARM_GCC_541\Release\Sensors.a(USBUART_1_pm.o)
 .bss           0x00000000        0x2 .\CortexM3\ARM_GCC_541\Release\Sensors.a(USBUART_1_pm.o)
 .text.USBUART_1_SaveConfig
                0x00000000        0x2 .\CortexM3\ARM_GCC_541\Release\Sensors.a(USBUART_1_pm.o)
 .text.USBUART_1_RestoreConfig
                0x00000000       0x1c .\CortexM3\ARM_GCC_541\Release\Sensors.a(USBUART_1_pm.o)
 .text.USBUART_1_Suspend
                0x00000000       0xcc .\CortexM3\ARM_GCC_541\Release\Sensors.a(USBUART_1_pm.o)
 .text.USBUART_1_Resume
                0x00000000       0xb8 .\CortexM3\ARM_GCC_541\Release\Sensors.a(USBUART_1_pm.o)
 .text          0x00000000        0x0 .\CortexM3\ARM_GCC_541\Release\Sensors.a(USBUART_1_std.o)
 .data          0x00000000        0x0 .\CortexM3\ARM_GCC_541\Release\Sensors.a(USBUART_1_std.o)
 .text.USBUART_1_EpStateInit
                0x00000000       0x28 .\CortexM3\ARM_GCC_541\Release\Sensors.a(USBUART_1_std.o)
 .text.USBUART_1_GetDeviceTablePtr
                0x00000000       0x18 .\CortexM3\ARM_GCC_541\Release\Sensors.a(USBUART_1_std.o)
 .text.USBUART_1_TerminateEP
                0x00000000       0x40 .\CortexM3\ARM_GCC_541\Release\Sensors.a(USBUART_1_std.o)
 .text          0x00000000        0x0 .\CortexM3\ARM_GCC_541\Release\Sensors.a(USBUART_1_vnd.o)
 .data          0x00000000        0x0 .\CortexM3\ARM_GCC_541\Release\Sensors.a(USBUART_1_vnd.o)
 .bss           0x00000000        0x0 .\CortexM3\ARM_GCC_541\Release\Sensors.a(USBUART_1_vnd.o)
 .text          0x00000000        0x0 .\CortexM3\ARM_GCC_541\Release\Sensors.a(USBUART_1_Dp.o)
 .data          0x00000000        0x0 .\CortexM3\ARM_GCC_541\Release\Sensors.a(USBUART_1_Dp.o)
 .bss           0x00000000        0x0 .\CortexM3\ARM_GCC_541\Release\Sensors.a(USBUART_1_Dp.o)
 .text.USBUART_1_Dp_Write
                0x00000000       0x18 .\CortexM3\ARM_GCC_541\Release\Sensors.a(USBUART_1_Dp.o)
 .text.USBUART_1_Dp_SetDriveMode
                0x00000000       0x18 .\CortexM3\ARM_GCC_541\Release\Sensors.a(USBUART_1_Dp.o)
 .text.USBUART_1_Dp_Read
                0x00000000       0x10 .\CortexM3\ARM_GCC_541\Release\Sensors.a(USBUART_1_Dp.o)
 .text.USBUART_1_Dp_ReadDataReg
                0x00000000       0x10 .\CortexM3\ARM_GCC_541\Release\Sensors.a(USBUART_1_Dp.o)
 .text.USBUART_1_Dp_SetInterruptMode
                0x00000000       0x10 .\CortexM3\ARM_GCC_541\Release\Sensors.a(USBUART_1_Dp.o)
 .text          0x00000000        0x0 .\CortexM3\ARM_GCC_541\Release\Sensors.a(CyLib.o)
 .bss           0x00000000       0x1c .\CortexM3\ARM_GCC_541\Release\Sensors.a(CyLib.o)
 .text.CyIMO_SetTrimValue
                0x00000000       0xb8 .\CortexM3\ARM_GCC_541\Release\Sensors.a(CyLib.o)
 .text.CyBusClk_Internal_SetDivider
                0x00000000       0x44 .\CortexM3\ARM_GCC_541\Release\Sensors.a(CyLib.o)
 .text.CyPLL_OUT_Stop
                0x00000000       0x10 .\CortexM3\ARM_GCC_541\Release\Sensors.a(CyLib.o)
 .text.CyPLL_OUT_SetPQ
                0x00000000       0x34 .\CortexM3\ARM_GCC_541\Release\Sensors.a(CyLib.o)
 .text.CyPLL_OUT_SetSource
                0x00000000       0x14 .\CortexM3\ARM_GCC_541\Release\Sensors.a(CyLib.o)
 .text.CyIMO_Stop
                0x00000000       0x18 .\CortexM3\ARM_GCC_541\Release\Sensors.a(CyLib.o)
 .text.CyIMO_SetSource
                0x00000000       0x40 .\CortexM3\ARM_GCC_541\Release\Sensors.a(CyLib.o)
 .text.CyIMO_EnableDoubler
                0x00000000       0x10 .\CortexM3\ARM_GCC_541\Release\Sensors.a(CyLib.o)
 .text.CyIMO_DisableDoubler
                0x00000000       0x10 .\CortexM3\ARM_GCC_541\Release\Sensors.a(CyLib.o)
 .text.CyIMO_SetFreq
                0x00000000       0xcc .\CortexM3\ARM_GCC_541\Release\Sensors.a(CyLib.o)
 .text.CyMasterClk_SetSource
                0x00000000       0x18 .\CortexM3\ARM_GCC_541\Release\Sensors.a(CyLib.o)
 .text.CyMasterClk_SetDivider
                0x00000000        0xc .\CortexM3\ARM_GCC_541\Release\Sensors.a(CyLib.o)
 .text.CyBusClk_SetDivider
                0x00000000       0x70 .\CortexM3\ARM_GCC_541\Release\Sensors.a(CyLib.o)
 .text.CyUsbClk_SetSource
                0x00000000       0x18 .\CortexM3\ARM_GCC_541\Release\Sensors.a(CyLib.o)
 .text.CyILO_Start1K
                0x00000000       0x10 .\CortexM3\ARM_GCC_541\Release\Sensors.a(CyLib.o)
 .text.CyILO_Stop1K
                0x00000000       0x10 .\CortexM3\ARM_GCC_541\Release\Sensors.a(CyLib.o)
 .text.CyILO_Start100K
                0x00000000       0x10 .\CortexM3\ARM_GCC_541\Release\Sensors.a(CyLib.o)
 .text.CyILO_Stop100K
                0x00000000       0x10 .\CortexM3\ARM_GCC_541\Release\Sensors.a(CyLib.o)
 .text.CyPLL_OUT_Start
                0x00000000       0x74 .\CortexM3\ARM_GCC_541\Release\Sensors.a(CyLib.o)
 .text.CyIMO_Start
                0x00000000       0x5c .\CortexM3\ARM_GCC_541\Release\Sensors.a(CyLib.o)
 .text.CyILO_Enable33K
                0x00000000       0x10 .\CortexM3\ARM_GCC_541\Release\Sensors.a(CyLib.o)
 .text.CyILO_Disable33K
                0x00000000       0x10 .\CortexM3\ARM_GCC_541\Release\Sensors.a(CyLib.o)
 .text.CyILO_SetSource
                0x00000000       0x16 .\CortexM3\ARM_GCC_541\Release\Sensors.a(CyLib.o)
 .text.CyILO_SetPowerMode
                0x00000000       0x20 .\CortexM3\ARM_GCC_541\Release\Sensors.a(CyLib.o)
 .text.CyXTAL_32KHZ_Stop
                0x00000000       0x30 .\CortexM3\ARM_GCC_541\Release\Sensors.a(CyLib.o)
 .text.CyXTAL_32KHZ_ReadStatus
                0x00000000       0x10 .\CortexM3\ARM_GCC_541\Release\Sensors.a(CyLib.o)
 .text.CyXTAL_Start
                0x00000000       0xa0 .\CortexM3\ARM_GCC_541\Release\Sensors.a(CyLib.o)
 .text.CyXTAL_Stop
                0x00000000       0x10 .\CortexM3\ARM_GCC_541\Release\Sensors.a(CyLib.o)
 .text.CyXTAL_EnableErrStatus
                0x00000000       0x10 .\CortexM3\ARM_GCC_541\Release\Sensors.a(CyLib.o)
 .text.CyXTAL_DisableErrStatus
                0x00000000       0x10 .\CortexM3\ARM_GCC_541\Release\Sensors.a(CyLib.o)
 .text.CyXTAL_ReadStatus
                0x00000000        0xc .\CortexM3\ARM_GCC_541\Release\Sensors.a(CyLib.o)
 .text.CyXTAL_EnableFaultRecovery
                0x00000000       0x10 .\CortexM3\ARM_GCC_541\Release\Sensors.a(CyLib.o)
 .text.CyXTAL_DisableFaultRecovery
                0x00000000       0x10 .\CortexM3\ARM_GCC_541\Release\Sensors.a(CyLib.o)
 .text.CyXTAL_SetStartup
                0x00000000       0x18 .\CortexM3\ARM_GCC_541\Release\Sensors.a(CyLib.o)
 .text.CyXTAL_SetFbVoltage
                0x00000000       0x18 .\CortexM3\ARM_GCC_541\Release\Sensors.a(CyLib.o)
 .text.CyXTAL_SetWdVoltage
                0x00000000       0x18 .\CortexM3\ARM_GCC_541\Release\Sensors.a(CyLib.o)
 .text.CyHalt   0x00000000        0x4 .\CortexM3\ARM_GCC_541\Release\Sensors.a(CyLib.o)
 .text.CySoftwareReset
                0x00000000       0x10 .\CortexM3\ARM_GCC_541\Release\Sensors.a(CyLib.o)
 .text.CyXTAL_32KHZ_SetPowerMode
                0x00000000       0x6c .\CortexM3\ARM_GCC_541\Release\Sensors.a(CyLib.o)
 .text.CyXTAL_32KHZ_Start
                0x00000000       0x6c .\CortexM3\ARM_GCC_541\Release\Sensors.a(CyLib.o)
 .text.CyDelayFreq
                0x00000000       0x40 .\CortexM3\ARM_GCC_541\Release\Sensors.a(CyLib.o)
 .text.CyWdtStart
                0x00000000       0x40 .\CortexM3\ARM_GCC_541\Release\Sensors.a(CyLib.o)
 .text.CyWdtClear
                0x00000000        0xc .\CortexM3\ARM_GCC_541\Release\Sensors.a(CyLib.o)
 .text.CyVdStickyStatus
                0x00000000       0x2c .\CortexM3\ARM_GCC_541\Release\Sensors.a(CyLib.o)
 .text.CyVdLvDigitEnable
                0x00000000       0x84 .\CortexM3\ARM_GCC_541\Release\Sensors.a(CyLib.o)
 .text.CyVdLvAnalogEnable
                0x00000000       0x80 .\CortexM3\ARM_GCC_541\Release\Sensors.a(CyLib.o)
 .text.CyVdLvDigitDisable
                0x00000000       0x2c .\CortexM3\ARM_GCC_541\Release\Sensors.a(CyLib.o)
 .text.CyVdLvAnalogDisable
                0x00000000       0x24 .\CortexM3\ARM_GCC_541\Release\Sensors.a(CyLib.o)
 .text.CyVdHvAnalogEnable
                0x00000000       0x58 .\CortexM3\ARM_GCC_541\Release\Sensors.a(CyLib.o)
 .text.CyVdHvAnalogDisable
                0x00000000       0x1c .\CortexM3\ARM_GCC_541\Release\Sensors.a(CyLib.o)
 .text.CyVdRealTimeStatus
                0x00000000       0x1c .\CortexM3\ARM_GCC_541\Release\Sensors.a(CyLib.o)
 .text.CyDisableInts
                0x00000000       0x1c .\CortexM3\ARM_GCC_541\Release\Sensors.a(CyLib.o)
 .text.CyEnableInts
                0x00000000       0x18 .\CortexM3\ARM_GCC_541\Release\Sensors.a(CyLib.o)
 .text.CyFlushCache
                0x00000000       0x44 .\CortexM3\ARM_GCC_541\Release\Sensors.a(CyLib.o)
 .text.CyIntSetSysVector
                0x00000000       0x18 .\CortexM3\ARM_GCC_541\Release\Sensors.a(CyLib.o)
 .text.CyIntGetSysVector
                0x00000000       0x14 .\CortexM3\ARM_GCC_541\Release\Sensors.a(CyLib.o)
 .text.CyIntGetVector
                0x00000000       0x14 .\CortexM3\ARM_GCC_541\Release\Sensors.a(CyLib.o)
 .text.CyIntGetPriority
                0x00000000       0x12 .\CortexM3\ARM_GCC_541\Release\Sensors.a(CyLib.o)
 .text.CyIntGetState
                0x00000000       0x18 .\CortexM3\ARM_GCC_541\Release\Sensors.a(CyLib.o)
 .text.CySysTickInit
                0x00000000       0x58 .\CortexM3\ARM_GCC_541\Release\Sensors.a(CyLib.o)
 .text.CySysTickStop
                0x00000000       0x10 .\CortexM3\ARM_GCC_541\Release\Sensors.a(CyLib.o)
 .text.CySysTickEnableInterrupt
                0x00000000       0x10 .\CortexM3\ARM_GCC_541\Release\Sensors.a(CyLib.o)
 .text.CySysTickEnable
                0x00000000       0x18 .\CortexM3\ARM_GCC_541\Release\Sensors.a(CyLib.o)
 .text.CySysTickStart
                0x00000000       0x1c .\CortexM3\ARM_GCC_541\Release\Sensors.a(CyLib.o)
 .text.CySysTickDisableInterrupt
                0x00000000       0x10 .\CortexM3\ARM_GCC_541\Release\Sensors.a(CyLib.o)
 .text.CySysTickSetReload
                0x00000000       0x10 .\CortexM3\ARM_GCC_541\Release\Sensors.a(CyLib.o)
 .text.CySysTickGetReload
                0x00000000       0x10 .\CortexM3\ARM_GCC_541\Release\Sensors.a(CyLib.o)
 .text.CySysTickGetValue
                0x00000000       0x10 .\CortexM3\ARM_GCC_541\Release\Sensors.a(CyLib.o)
 .text.CySysTickSetClockSource
                0x00000000       0x18 .\CortexM3\ARM_GCC_541\Release\Sensors.a(CyLib.o)
 .text.CySysTickGetClockSource
                0x00000000       0x10 .\CortexM3\ARM_GCC_541\Release\Sensors.a(CyLib.o)
 .text.CySysTickGetCountFlag
                0x00000000       0x10 .\CortexM3\ARM_GCC_541\Release\Sensors.a(CyLib.o)
 .text.CySysTickServiceCallbacks
                0x00000000       0x24 .\CortexM3\ARM_GCC_541\Release\Sensors.a(CyLib.o)
 .text.CySysTickClear
                0x00000000        0xc .\CortexM3\ARM_GCC_541\Release\Sensors.a(CyLib.o)
 .text.CySysTickSetCallback
                0x00000000       0x10 .\CortexM3\ARM_GCC_541\Release\Sensors.a(CyLib.o)
 .text.CySysTickGetCallback
                0x00000000       0x10 .\CortexM3\ARM_GCC_541\Release\Sensors.a(CyLib.o)
 .text          0x00000000        0x0 .\CortexM3\ARM_GCC_541\Release\Sensors.a(cyPm.o)
 .data          0x00000000        0x0 .\CortexM3\ARM_GCC_541\Release\Sensors.a(cyPm.o)
 .bss           0x00000000       0x43 .\CortexM3\ARM_GCC_541\Release\Sensors.a(cyPm.o)
 .text.CyPmHibSlpSaveSet
                0x00000000      0x1c4 .\CortexM3\ARM_GCC_541\Release\Sensors.a(cyPm.o)
 .text.CyPmHibSlpRestore
                0x00000000       0xc0 .\CortexM3\ARM_GCC_541\Release\Sensors.a(cyPm.o)
 .text.CyPmSaveClocks
                0x00000000      0x1e0 .\CortexM3\ARM_GCC_541\Release\Sensors.a(cyPm.o)
 .text.CyPmRestoreClocks
                0x00000000      0x214 .\CortexM3\ARM_GCC_541\Release\Sensors.a(cyPm.o)
 .text.CyPmAltAct
                0x00000000       0x60 .\CortexM3\ARM_GCC_541\Release\Sensors.a(cyPm.o)
 .text.CyPmSleep
                0x00000000       0xe4 .\CortexM3\ARM_GCC_541\Release\Sensors.a(cyPm.o)
 .text.CyPmHibernateEx
                0x00000000      0x290 .\CortexM3\ARM_GCC_541\Release\Sensors.a(cyPm.o)
 .text.CyPmHibernate
                0x00000000        0x6 .\CortexM3\ARM_GCC_541\Release\Sensors.a(cyPm.o)
 .text.CyPmReadStatus
                0x00000000       0x30 .\CortexM3\ARM_GCC_541\Release\Sensors.a(cyPm.o)
 .text.CyPmCtwSetInterval
                0x00000000       0x50 .\CortexM3\ARM_GCC_541\Release\Sensors.a(cyPm.o)
 .text.CyPmOppsSet
                0x00000000       0x2c .\CortexM3\ARM_GCC_541\Release\Sensors.a(cyPm.o)
 .text.CyPmFtwSetInterval
                0x00000000       0x50 .\CortexM3\ARM_GCC_541\Release\Sensors.a(cyPm.o)
 .rodata        0x00000000        0xe .\CortexM3\ARM_GCC_541\Release\Sensors.a(cyPm.o)
 .text          0x00000000        0x0 .\CortexM3\ARM_GCC_541\Release\Sensors.a(Timer.o)
 .data          0x00000000        0x0 .\CortexM3\ARM_GCC_541\Release\Sensors.a(Timer.o)
 .text.Timer_Stop
                0x00000000       0x28 .\CortexM3\ARM_GCC_541\Release\Sensors.a(Timer.o)
 .text.Timer_SetInterruptMode
                0x00000000        0xc .\CortexM3\ARM_GCC_541\Release\Sensors.a(Timer.o)
 .text.Timer_ReadStatusRegister
                0x00000000        0xc .\CortexM3\ARM_GCC_541\Release\Sensors.a(Timer.o)
 .text.Timer_ReadControlRegister
                0x00000000        0xc .\CortexM3\ARM_GCC_541\Release\Sensors.a(Timer.o)
 .text.Timer_WriteControlRegister
                0x00000000        0xc .\CortexM3\ARM_GCC_541\Release\Sensors.a(Timer.o)
 .text.Timer_ReadCapture
                0x00000000        0xc .\CortexM3\ARM_GCC_541\Release\Sensors.a(Timer.o)
 .text.Timer_WritePeriod
                0x00000000        0xc .\CortexM3\ARM_GCC_541\Release\Sensors.a(Timer.o)
 .text.Timer_ReadPeriod
                0x00000000        0xc .\CortexM3\ARM_GCC_541\Release\Sensors.a(Timer.o)
 .text          0x00000000        0x0 .\CortexM3\ARM_GCC_541\Release\Sensors.a(Hall_Interrupt.o)
 .data          0x00000000        0x0 .\CortexM3\ARM_GCC_541\Release\Sensors.a(Hall_Interrupt.o)
 .bss           0x00000000        0x0 .\CortexM3\ARM_GCC_541\Release\Sensors.a(Hall_Interrupt.o)
 .text.Hall_Interrupt_Interrupt
                0x00000000        0x2 .\CortexM3\ARM_GCC_541\Release\Sensors.a(Hall_Interrupt.o)
 .text.Hall_Interrupt_Start
                0x00000000       0x2c .\CortexM3\ARM_GCC_541\Release\Sensors.a(Hall_Interrupt.o)
 .text.Hall_Interrupt_Stop
                0x00000000       0x1c .\CortexM3\ARM_GCC_541\Release\Sensors.a(Hall_Interrupt.o)
 .text.Hall_Interrupt_SetVector
                0x00000000        0xc .\CortexM3\ARM_GCC_541\Release\Sensors.a(Hall_Interrupt.o)
 .text.Hall_Interrupt_GetVector
                0x00000000        0xc .\CortexM3\ARM_GCC_541\Release\Sensors.a(Hall_Interrupt.o)
 .text.Hall_Interrupt_SetPriority
                0x00000000       0x10 .\CortexM3\ARM_GCC_541\Release\Sensors.a(Hall_Interrupt.o)
 .text.Hall_Interrupt_GetPriority
                0x00000000        0xc .\CortexM3\ARM_GCC_541\Release\Sensors.a(Hall_Interrupt.o)
 .text.Hall_Interrupt_Enable
                0x00000000        0xc .\CortexM3\ARM_GCC_541\Release\Sensors.a(Hall_Interrupt.o)
 .text.Hall_Interrupt_GetState
                0x00000000       0x10 .\CortexM3\ARM_GCC_541\Release\Sensors.a(Hall_Interrupt.o)
 .text.Hall_Interrupt_Disable
                0x00000000        0xc .\CortexM3\ARM_GCC_541\Release\Sensors.a(Hall_Interrupt.o)
 .text.Hall_Interrupt_SetPending
                0x00000000        0xc .\CortexM3\ARM_GCC_541\Release\Sensors.a(Hall_Interrupt.o)
 .text.Hall_Interrupt_ClearPending
                0x00000000        0xc .\CortexM3\ARM_GCC_541\Release\Sensors.a(Hall_Interrupt.o)
 .data          0x00000000        0x0 .\CortexM3\ARM_GCC_541\Release\Sensors.a(CyBootAsmGnu.o)
 .bss           0x00000000        0x0 .\CortexM3\ARM_GCC_541\Release\Sensors.a(CyBootAsmGnu.o)
 .text          0x00000000        0x0 .\CortexM3\ARM_GCC_541\Release\Sensors.a(USBUART_1_cls.o)
 .data          0x00000000        0x0 .\CortexM3\ARM_GCC_541\Release\Sensors.a(USBUART_1_cls.o)
 .bss           0x00000000        0x0 .\CortexM3\ARM_GCC_541\Release\Sensors.a(USBUART_1_cls.o)
 .text          0x00000000        0x0 .\CortexM3\ARM_GCC_541\Release\Sensors.a(USBUART_1_descr.o)
 .data          0x00000000        0x0 .\CortexM3\ARM_GCC_541\Release\Sensors.a(USBUART_1_descr.o)
 .bss           0x00000000        0x0 .\CortexM3\ARM_GCC_541\Release\Sensors.a(USBUART_1_descr.o)
 .text          0x00000000        0x0 .\CortexM3\ARM_GCC_541\Release\Sensors.a(CyFlash.o)
 .data          0x00000000        0x0 .\CortexM3\ARM_GCC_541\Release\Sensors.a(CyFlash.o)
 .bss           0x00000000        0x0 .\CortexM3\ARM_GCC_541\Release\Sensors.a(CyFlash.o)
 .text.CyFlash_Start
                0x00000000       0x50 .\CortexM3\ARM_GCC_541\Release\Sensors.a(CyFlash.o)
 .text.CyFlash_Stop
                0x00000000       0x24 .\CortexM3\ARM_GCC_541\Release\Sensors.a(CyFlash.o)
 .text.CySetTemp
                0x00000000       0x94 .\CortexM3\ARM_GCC_541\Release\Sensors.a(CyFlash.o)
 .text.CySetFlashEEBuffer
                0x00000000       0x22 .\CortexM3\ARM_GCC_541\Release\Sensors.a(CyFlash.o)
 .text.CyWriteRowFull
                0x00000000       0xcc .\CortexM3\ARM_GCC_541\Release\Sensors.a(CyFlash.o)
 .text.CyWriteRowData
                0x00000000        0xe .\CortexM3\ARM_GCC_541\Release\Sensors.a(CyFlash.o)
 .text.CyFlash_SetWaitCycles
                0x00000000       0x6c .\CortexM3\ARM_GCC_541\Release\Sensors.a(CyFlash.o)
 .text.CyEEPROM_Start
                0x00000000       0x50 .\CortexM3\ARM_GCC_541\Release\Sensors.a(CyFlash.o)
 .text.CyEEPROM_Stop
                0x00000000       0x24 .\CortexM3\ARM_GCC_541\Release\Sensors.a(CyFlash.o)
 .text.CyEEPROM_ReadReserve
                0x00000000       0x18 .\CortexM3\ARM_GCC_541\Release\Sensors.a(CyFlash.o)
 .text.CyEEPROM_ReadRelease
                0x00000000       0x10 .\CortexM3\ARM_GCC_541\Release\Sensors.a(CyFlash.o)
 COMMON         0x00000000        0x2 .\CortexM3\ARM_GCC_541\Release\Sensors.a(CyFlash.o)
 .text          0x00000000        0x0 .\CortexM3\ARM_GCC_541\Release\Sensors.a(CySpc.o)
 .data          0x00000000        0x0 .\CortexM3\ARM_GCC_541\Release\Sensors.a(CySpc.o)
 .bss           0x00000000        0x8 .\CortexM3\ARM_GCC_541\Release\Sensors.a(CySpc.o)
 .text.CySpcStart
                0x00000000       0x24 .\CortexM3\ARM_GCC_541\Release\Sensors.a(CySpc.o)
 .text.CySpcStop
                0x00000000       0x24 .\CortexM3\ARM_GCC_541\Release\Sensors.a(CySpc.o)
 .text.CySpcReadData
                0x00000000       0x3c .\CortexM3\ARM_GCC_541\Release\Sensors.a(CySpc.o)
 .text.CySpcLoadMultiByte
                0x00000000       0x6c .\CortexM3\ARM_GCC_541\Release\Sensors.a(CySpc.o)
 .text.CySpcLoadRow
                0x00000000       0x48 .\CortexM3\ARM_GCC_541\Release\Sensors.a(CySpc.o)
 .text.CySpcLoadRowFull
                0x00000000       0x6c .\CortexM3\ARM_GCC_541\Release\Sensors.a(CySpc.o)
 .text.CySpcWriteRow
                0x00000000       0x40 .\CortexM3\ARM_GCC_541\Release\Sensors.a(CySpc.o)
 .text.CySpcEraseSector
                0x00000000       0x38 .\CortexM3\ARM_GCC_541\Release\Sensors.a(CySpc.o)
 .text.CySpcGetTemp
                0x00000000       0x34 .\CortexM3\ARM_GCC_541\Release\Sensors.a(CySpc.o)
 .text.CySpcLock
                0x00000000       0x40 .\CortexM3\ARM_GCC_541\Release\Sensors.a(CySpc.o)
 .text.CySpcUnlock
                0x00000000       0x34 .\CortexM3\ARM_GCC_541\Release\Sensors.a(CySpc.o)
 .text.CySpcGetAlgorithm
                0x00000000       0x28 .\CortexM3\ARM_GCC_541\Release\Sensors.a(CySpc.o)
 .text          0x00000000        0x0 c:/program files (x86)/cypress/psoc creator/4.1/psoc creator/import/gnu/arm/5.4.1/bin/../lib/gcc/arm-none-eabi/5.4.1/../../../../arm-none-eabi/lib/armv7-m\libg_nano.a(lib_a-errno.o)
 .data          0x00000000        0x0 c:/program files (x86)/cypress/psoc creator/4.1/psoc creator/import/gnu/arm/5.4.1/bin/../lib/gcc/arm-none-eabi/5.4.1/../../../../arm-none-eabi/lib/armv7-m\libg_nano.a(lib_a-errno.o)
 .bss           0x00000000        0x0 c:/program files (x86)/cypress/psoc creator/4.1/psoc creator/import/gnu/arm/5.4.1/bin/../lib/gcc/arm-none-eabi/5.4.1/../../../../arm-none-eabi/lib/armv7-m\libg_nano.a(lib_a-errno.o)
 .text          0x00000000        0x0 c:/program files (x86)/cypress/psoc creator/4.1/psoc creator/import/gnu/arm/5.4.1/bin/../lib/gcc/arm-none-eabi/5.4.1/../../../../arm-none-eabi/lib/armv7-m\libg_nano.a(lib_a-exit.o)
 .data          0x00000000        0x0 c:/program files (x86)/cypress/psoc creator/4.1/psoc creator/import/gnu/arm/5.4.1/bin/../lib/gcc/arm-none-eabi/5.4.1/../../../../arm-none-eabi/lib/armv7-m\libg_nano.a(lib_a-exit.o)
 .bss           0x00000000        0x0 c:/program files (x86)/cypress/psoc creator/4.1/psoc creator/import/gnu/arm/5.4.1/bin/../lib/gcc/arm-none-eabi/5.4.1/../../../../arm-none-eabi/lib/armv7-m\libg_nano.a(lib_a-exit.o)
 .text.exit     0x00000000       0x28 c:/program files (x86)/cypress/psoc creator/4.1/psoc creator/import/gnu/arm/5.4.1/bin/../lib/gcc/arm-none-eabi/5.4.1/../../../../arm-none-eabi/lib/armv7-m\libg_nano.a(lib_a-exit.o)
 .text          0x00000000        0x0 c:/program files (x86)/cypress/psoc creator/4.1/psoc creator/import/gnu/arm/5.4.1/bin/../lib/gcc/arm-none-eabi/5.4.1/../../../../arm-none-eabi/lib/armv7-m\libg_nano.a(lib_a-impure.o)
 .data          0x00000000        0x0 c:/program files (x86)/cypress/psoc creator/4.1/psoc creator/import/gnu/arm/5.4.1/bin/../lib/gcc/arm-none-eabi/5.4.1/../../../../arm-none-eabi/lib/armv7-m\libg_nano.a(lib_a-impure.o)
 .bss           0x00000000        0x0 c:/program files (x86)/cypress/psoc creator/4.1/psoc creator/import/gnu/arm/5.4.1/bin/../lib/gcc/arm-none-eabi/5.4.1/../../../../arm-none-eabi/lib/armv7-m\libg_nano.a(lib_a-impure.o)
 .rodata._global_impure_ptr
                0x00000000        0x4 c:/program files (x86)/cypress/psoc creator/4.1/psoc creator/import/gnu/arm/5.4.1/bin/../lib/gcc/arm-none-eabi/5.4.1/../../../../arm-none-eabi/lib/armv7-m\libg_nano.a(lib_a-impure.o)
 .text          0x00000000        0x0 c:/program files (x86)/cypress/psoc creator/4.1/psoc creator/import/gnu/arm/5.4.1/bin/../lib/gcc/arm-none-eabi/5.4.1/../../../../arm-none-eabi/lib/armv7-m\libg_nano.a(lib_a-init.o)
 .data          0x00000000        0x0 c:/program files (x86)/cypress/psoc creator/4.1/psoc creator/import/gnu/arm/5.4.1/bin/../lib/gcc/arm-none-eabi/5.4.1/../../../../arm-none-eabi/lib/armv7-m\libg_nano.a(lib_a-init.o)
 .bss           0x00000000        0x0 c:/program files (x86)/cypress/psoc creator/4.1/psoc creator/import/gnu/arm/5.4.1/bin/../lib/gcc/arm-none-eabi/5.4.1/../../../../arm-none-eabi/lib/armv7-m\libg_nano.a(lib_a-init.o)
 .text          0x00000000        0x0 c:/program files (x86)/cypress/psoc creator/4.1/psoc creator/import/gnu/arm/5.4.1/bin/../lib/gcc/arm-none-eabi/5.4.1/../../../../arm-none-eabi/lib/armv7-m\libg_nano.a(lib_a-memset.o)
 .data          0x00000000        0x0 c:/program files (x86)/cypress/psoc creator/4.1/psoc creator/import/gnu/arm/5.4.1/bin/../lib/gcc/arm-none-eabi/5.4.1/../../../../arm-none-eabi/lib/armv7-m\libg_nano.a(lib_a-memset.o)
 .bss           0x00000000        0x0 c:/program files (x86)/cypress/psoc creator/4.1/psoc creator/import/gnu/arm/5.4.1/bin/../lib/gcc/arm-none-eabi/5.4.1/../../../../arm-none-eabi/lib/armv7-m\libg_nano.a(lib_a-memset.o)
 .text          0x00000000        0x0 c:/program files (x86)/cypress/psoc creator/4.1/psoc creator/import/gnu/arm/5.4.1/bin/../lib/gcc/arm-none-eabi/5.4.1/armv7-m/crtend.o
 .data          0x00000000        0x0 c:/program files (x86)/cypress/psoc creator/4.1/psoc creator/import/gnu/arm/5.4.1/bin/../lib/gcc/arm-none-eabi/5.4.1/armv7-m/crtend.o
 .bss           0x00000000        0x0 c:/program files (x86)/cypress/psoc creator/4.1/psoc creator/import/gnu/arm/5.4.1/bin/../lib/gcc/arm-none-eabi/5.4.1/armv7-m/crtend.o
 .text          0x00000000        0x0 c:/program files (x86)/cypress/psoc creator/4.1/psoc creator/import/gnu/arm/5.4.1/bin/../lib/gcc/arm-none-eabi/5.4.1/armv7-m/crtn.o
 .data          0x00000000        0x0 c:/program files (x86)/cypress/psoc creator/4.1/psoc creator/import/gnu/arm/5.4.1/bin/../lib/gcc/arm-none-eabi/5.4.1/armv7-m/crtn.o
 .bss           0x00000000        0x0 c:/program files (x86)/cypress/psoc creator/4.1/psoc creator/import/gnu/arm/5.4.1/bin/../lib/gcc/arm-none-eabi/5.4.1/armv7-m/crtn.o

Memory Configuration

Name             Origin             Length             Attributes
rom              0x00000000         0x00040000         xr
ram              0x1fff8000         0x00010000         xrw
*default*        0x00000000         0xffffffff

Linker script and memory map

LOAD c:/program files (x86)/cypress/psoc creator/4.1/psoc creator/import/gnu/arm/5.4.1/bin/../lib/gcc/arm-none-eabi/5.4.1/armv7-m/crti.o
LOAD c:/program files (x86)/cypress/psoc creator/4.1/psoc creator/import/gnu/arm/5.4.1/bin/../lib/gcc/arm-none-eabi/5.4.1/armv7-m/crtbegin.o
LOAD c:/program files (x86)/cypress/psoc creator/4.1/psoc creator/import/gnu/arm/5.4.1/bin/../lib/gcc/arm-none-eabi/5.4.1/../../../../arm-none-eabi/lib/armv7-m/crt0.o
START GROUP
LOAD .\CortexM3\ARM_GCC_541\Release\main.o
LOAD .\CortexM3\ARM_GCC_541\Release\pressure_pad.o
LOAD .\CortexM3\ARM_GCC_541\Release\cyfitter_cfg.o
LOAD .\CortexM3\ARM_GCC_541\Release\cymetadata.o
LOAD .\CortexM3\ARM_GCC_541\Release\Cm3Start.o
LOAD .\CortexM3\ARM_GCC_541\Release\Sensors.a
LOAD C:\Program Files (x86)\Cypress\PSoC Creator\4.1\PSoC Creator\psoc\content\cycomponentlibrary\CyComponentLibrary.cylib\CortexM3\ARM_GCC_541\Release\CyComponentLibrary.a
END GROUP
START GROUP
LOAD c:/program files (x86)/cypress/psoc creator/4.1/psoc creator/import/gnu/arm/5.4.1/bin/../lib/gcc/arm-none-eabi/5.4.1/armv7-m\libgcc.a
LOAD c:/program files (x86)/cypress/psoc creator/4.1/psoc creator/import/gnu/arm/5.4.1/bin/../lib/gcc/arm-none-eabi/5.4.1/../../../../arm-none-eabi/lib/armv7-m\libg_nano.a
LOAD c:/program files (x86)/cypress/psoc creator/4.1/psoc creator/import/gnu/arm/5.4.1/bin/../lib/gcc/arm-none-eabi/5.4.1/../../../../arm-none-eabi/lib/armv7-m\libc_nano.a
END GROUP
START GROUP
LOAD c:/program files (x86)/cypress/psoc creator/4.1/psoc creator/import/gnu/arm/5.4.1/bin/../lib/gcc/arm-none-eabi/5.4.1/armv7-m\libgcc.a
LOAD c:/program files (x86)/cypress/psoc creator/4.1/psoc creator/import/gnu/arm/5.4.1/bin/../lib/gcc/arm-none-eabi/5.4.1/../../../../arm-none-eabi/lib/armv7-m\libc_nano.a
END GROUP
LOAD c:/program files (x86)/cypress/psoc creator/4.1/psoc creator/import/gnu/arm/5.4.1/bin/../lib/gcc/arm-none-eabi/5.4.1/armv7-m/crtend.o
LOAD c:/program files (x86)/cypress/psoc creator/4.1/psoc creator/import/gnu/arm/5.4.1/bin/../lib/gcc/arm-none-eabi/5.4.1/armv7-m/crtn.o
START GROUP
LOAD c:/program files (x86)/cypress/psoc creator/4.1/psoc creator/import/gnu/arm/5.4.1/bin/../lib/gcc/arm-none-eabi/5.4.1/armv7-m\libgcc.a
LOAD c:/program files (x86)/cypress/psoc creator/4.1/psoc creator/import/gnu/arm/5.4.1/bin/../lib/gcc/arm-none-eabi/5.4.1/../../../../arm-none-eabi/lib/armv7-m\libc.a
LOAD c:/program files (x86)/cypress/psoc creator/4.1/psoc creator/import/gnu/arm/5.4.1/bin/../lib/gcc/arm-none-eabi/5.4.1/../../../../arm-none-eabi/lib/armv7-m\libnosys.a
END GROUP
                0x00000000                CY_APPL_ORIGIN = 0x0
                0x00000100                CY_FLASH_ROW_SIZE = 0x100
                0x00000020                CY_ECC_ROW_SIZE = 0x20
                0x00000000                CY_EE_IN_BTLDR = 0x0
                0x00000000                CY_APPL_LOADABLE = 0x0
                0x00000800                CY_EE_SIZE = 0x800
                0x00000001                CY_APPL_NUM = 0x1
                0x00000001                CY_APPL_MAX = 0x1
                0x00000040                CY_METADATA_SIZE = 0x40
                0x00000000                CY_APPL_LOADABLE = 0x0
                0x00000000                CY_CHECKSUM_EXCLUDE_SIZE = ALIGN (0x0, CY_FLASH_ROW_SIZE)
                [!provide]                PROVIDE (__cy_heap_start, _end)
                0x00000001                PROVIDE (__cy_region_num, ((__cy_regions_end - __cy_regions) / 0x10))
                0x20008000                PROVIDE (__cy_stack, (ORIGIN (ram) + LENGTH (ram)))
                [!provide]                PROVIDE (__cy_heap_end, (__cy_stack - 0x800))

.cybootloader   0x00000000        0x0
 *(.cybootloader)
                0x00000000                appl1_start = CY_APPL_ORIGIN?CY_APPL_ORIGIN:ALIGN (CY_FLASH_ROW_SIZE)
                0x0001ff00                appl2_start = (appl1_start + ALIGN ((((LENGTH (rom) - appl1_start) - (0x2 * CY_FLASH_ROW_SIZE)) / 0x2), CY_FLASH_ROW_SIZE))
                0x00000000                appl_start = (CY_APPL_NUM == 0x1)?appl1_start:appl2_start
                0x00000000                ecc_offset = ((appl_start / CY_FLASH_ROW_SIZE) * CY_ECC_ROW_SIZE)
                0x00000000                ee_offset = (CY_APPL_LOADABLE && ! (CY_EE_IN_BTLDR))?((CY_EE_SIZE / CY_APPL_MAX) * (CY_APPL_NUM - 0x1)):0x0
                0x00000800                ee_size = (CY_APPL_LOADABLE && ! (CY_EE_IN_BTLDR))?(CY_EE_SIZE / CY_APPL_MAX):CY_EE_SIZE
                [!provide]                PROVIDE (CY_ECC_OFFSET, ecc_offset)

.text           0x00000000     0x1744
 CREATE_OBJECT_SYMBOLS
                0x00000000                PROVIDE (__cy_interrupt_vector, RomVectors)
 *(.romvectors)
 .romvectors    0x00000000       0x10 .\CortexM3\ARM_GCC_541\Release\Cm3Start.o
                0x00000000                RomVectors
                0x00000001                ASSERT ((. != __cy_interrupt_vector), No interrupt vector)
                0x00000001                ASSERT (CY_APPL_ORIGIN?(SIZEOF (.cybootloader) <= CY_APPL_ORIGIN):0x1, Wrong image location)
                0x00000010                PROVIDE (__cy_reset, Reset)
 *(.text.Reset)
 .text.Reset    0x00000010       0x18 .\CortexM3\ARM_GCC_541\Release\Cm3Start.o
                0x00000010                Reset
                0x00000001                ASSERT ((. != __cy_reset), No reset code)
 *(.dma_init)
                0x00000001                ASSERT ((((appl_start + .) <= 0x10000) || 0x1), DMA Init must be within the first 64k of flash)
 *(.text .text.* .gnu.linkonce.t.*)
 .text          0x00000028       0x5c c:/program files (x86)/cypress/psoc creator/4.1/psoc creator/import/gnu/arm/5.4.1/bin/../lib/gcc/arm-none-eabi/5.4.1/armv7-m/crtbegin.o
 .text.rear_hall_isr
                0x00000084       0x18 .\CortexM3\ARM_GCC_541\Release\main.o
                0x00000084                rear_hall_isr
 .text.startup.main
                0x0000009c       0x60 .\CortexM3\ARM_GCC_541\Release\main.o
                0x0000009c                main
 .text.cyfitter_cfg
                0x000000fc      0x1d8 .\CortexM3\ARM_GCC_541\Release\cyfitter_cfg.o
                0x000000fc                cyfitter_cfg
 .text.IntDefaultHandler
                0x000002d4       0x10 .\CortexM3\ARM_GCC_541\Release\Cm3Start.o
                0x000002d4                IntDefaultHandler
 .text.Start_c  0x000002e4       0x50 .\CortexM3\ARM_GCC_541\Release\Cm3Start.o
                0x000002e4                Start_c
 .text.startup.initialize_psoc
                0x00000334       0x68 .\CortexM3\ARM_GCC_541\Release\Cm3Start.o
                0x00000334                initialize_psoc
 .text.USBUART_1_Init
                0x0000039c      0x13c .\CortexM3\ARM_GCC_541\Release\Sensors.a(USBUART_1.o)
                0x0000039c                USBUART_1_Init
 .text.USBUART_1_InitComponent
                0x000004d8       0xa4 .\CortexM3\ARM_GCC_541\Release\Sensors.a(USBUART_1.o)
                0x000004d8                USBUART_1_InitComponent
 .text.USBUART_1_Start
                0x0000057c       0x24 .\CortexM3\ARM_GCC_541\Release\Sensors.a(USBUART_1.o)
                0x0000057c                USBUART_1_Start
 .text.USBUART_1_ReInitComponent
                0x000005a0       0x4c .\CortexM3\ARM_GCC_541\Release\Sensors.a(USBUART_1.o)
                0x000005a0                USBUART_1_ReInitComponent
 .text.USBUART_1_GetConfiguration
                0x000005ec        0xc .\CortexM3\ARM_GCC_541\Release\Sensors.a(USBUART_1.o)
                0x000005ec                USBUART_1_GetConfiguration
 .text.USBUART_1_LoadInEP
                0x000005f8       0x7c .\CortexM3\ARM_GCC_541\Release\Sensors.a(USBUART_1.o)
                0x000005f8                USBUART_1_LoadInEP
 .text.USBUART_1_EnableOutEP
                0x00000674       0x28 .\CortexM3\ARM_GCC_541\Release\Sensors.a(USBUART_1.o)
                0x00000674                USBUART_1_EnableOutEP
 .text.USBUART_1_GetInterfaceComPort
                0x0000069c       0x30 .\CortexM3\ARM_GCC_541\Release\Sensors.a(USBUART_1_cdc.o)
                0x0000069c                USBUART_1_GetInterfaceComPort
 .text.USBUART_1_DispatchCDCClassRqst
                0x000006cc       0x90 .\CortexM3\ARM_GCC_541\Release\Sensors.a(USBUART_1_cdc.o)
                0x000006cc                USBUART_1_DispatchCDCClassRqst
 .text.USBUART_1_CDC_Init
                0x0000075c       0x70 .\CortexM3\ARM_GCC_541\Release\Sensors.a(USBUART_1_cdc.o)
                0x0000075c                USBUART_1_CDC_Init
 .text.USBUART_1_PutData
                0x000007cc       0x3c .\CortexM3\ARM_GCC_541\Release\Sensors.a(USBUART_1_cdc.o)
                0x000007cc                USBUART_1_PutData
 .text.USBUART_1_PutChar
                0x00000808       0x24 .\CortexM3\ARM_GCC_541\Release\Sensors.a(USBUART_1_cdc.o)
                0x00000808                USBUART_1_PutChar
 .text.USBUART_1_Cdc_EpInit
                0x0000082c       0x50 .\CortexM3\ARM_GCC_541\Release\Sensors.a(USBUART_1_cdc.o)
                0x0000082c                USBUART_1_Cdc_EpInit
 .text.USBUART_1_LoadEP0
                0x0000087c       0x8c .\CortexM3\ARM_GCC_541\Release\Sensors.a(USBUART_1_drv.o)
                0x0000087c                USBUART_1_LoadEP0
 .text.USBUART_1_InitZeroLengthControlTransfer
                0x00000908       0x34 .\CortexM3\ARM_GCC_541\Release\Sensors.a(USBUART_1_drv.o)
                0x00000908                USBUART_1_InitZeroLengthControlTransfer
 .text.USBUART_1_ControlWriteDataStage
                0x0000093c       0x78 .\CortexM3\ARM_GCC_541\Release\Sensors.a(USBUART_1_drv.o)
                0x0000093c                USBUART_1_ControlWriteDataStage
 .text.USBUART_1_InitNoDataControlTransfer
                0x000009b4       0x2c .\CortexM3\ARM_GCC_541\Release\Sensors.a(USBUART_1_drv.o)
                0x000009b4                USBUART_1_InitNoDataControlTransfer
 .text.USBUART_1_UpdateStatusBlock
                0x000009e0       0x20 .\CortexM3\ARM_GCC_541\Release\Sensors.a(USBUART_1_drv.o)
                0x000009e0                USBUART_1_UpdateStatusBlock
 .text.USBUART_1_HandleSetup
                0x00000a00       0x58 .\CortexM3\ARM_GCC_541\Release\Sensors.a(USBUART_1_drv.o)
                0x00000a00                USBUART_1_HandleSetup
 .text.USBUART_1_ControlReadStatusStage
                0x00000a58       0x34 .\CortexM3\ARM_GCC_541\Release\Sensors.a(USBUART_1_drv.o)
                0x00000a58                USBUART_1_ControlReadStatusStage
 .text.USBUART_1_HandleOUT
                0x00000a8c       0x3c .\CortexM3\ARM_GCC_541\Release\Sensors.a(USBUART_1_drv.o)
                0x00000a8c                USBUART_1_HandleOUT
 .text.USBUART_1_ControlWriteStatusStage
                0x00000ac8       0x20 .\CortexM3\ARM_GCC_541\Release\Sensors.a(USBUART_1_drv.o)
                0x00000ac8                USBUART_1_ControlWriteStatusStage
 .text.USBUART_1_NoDataControlStatusStage
                0x00000ae8       0x3c .\CortexM3\ARM_GCC_541\Release\Sensors.a(USBUART_1_drv.o)
                0x00000ae8                USBUART_1_NoDataControlStatusStage
 .text.USBUART_1_HandleIN
                0x00000b24       0x24 .\CortexM3\ARM_GCC_541\Release\Sensors.a(USBUART_1_drv.o)
                0x00000b24                USBUART_1_HandleIN
 .text.USBUART_1_EP_0_ISR
                0x00000b48       0x8c .\CortexM3\ARM_GCC_541\Release\Sensors.a(USBUART_1_drv.o)
                0x00000b48                USBUART_1_EP_0_ISR
 .text.USBUART_1_InitializeStatusBlock
                0x00000bd4       0x20 .\CortexM3\ARM_GCC_541\Release\Sensors.a(USBUART_1_drv.o)
                0x00000bd4                USBUART_1_InitializeStatusBlock
 .text.USBUART_1_InitControlRead
                0x00000bf4       0x4c .\CortexM3\ARM_GCC_541\Release\Sensors.a(USBUART_1_drv.o)
                0x00000bf4                USBUART_1_InitControlRead
 .text.USBUART_1_InitControlWrite
                0x00000c40       0x48 .\CortexM3\ARM_GCC_541\Release\Sensors.a(USBUART_1_drv.o)
                0x00000c40                USBUART_1_InitControlWrite
 .text.USBUART_1_EP_1_ISR
                0x00000c88       0x2c .\CortexM3\ARM_GCC_541\Release\Sensors.a(USBUART_1_episr.o)
                0x00000c88                USBUART_1_EP_1_ISR
 .text.USBUART_1_EP_2_ISR
                0x00000cb4       0x30 .\CortexM3\ARM_GCC_541\Release\Sensors.a(USBUART_1_episr.o)
                0x00000cb4                USBUART_1_EP_2_ISR
 .text.USBUART_1_EP_3_ISR
                0x00000ce4       0x38 .\CortexM3\ARM_GCC_541\Release\Sensors.a(USBUART_1_episr.o)
                0x00000ce4                USBUART_1_EP_3_ISR
 .text.USBUART_1_SOF_ISR
                0x00000d1c        0x2 .\CortexM3\ARM_GCC_541\Release\Sensors.a(USBUART_1_episr.o)
                0x00000d1c                USBUART_1_SOF_ISR
 .text.USBUART_1_BUS_RESET_ISR
                0x00000d1e        0x4 .\CortexM3\ARM_GCC_541\Release\Sensors.a(USBUART_1_episr.o)
                0x00000d1e                USBUART_1_BUS_RESET_ISR
 .text.USBUART_1_DP_ISR
                0x00000d22        0x4 .\CortexM3\ARM_GCC_541\Release\Sensors.a(USBUART_1_pm.o)
                0x00000d22                USBUART_1_DP_ISR
 *fill*         0x00000d26        0x2 
 .text.USBUART_1_ReadDieID
                0x00000d28       0x6c .\CortexM3\ARM_GCC_541\Release\Sensors.a(USBUART_1_std.o)
                0x00000d28                USBUART_1_ReadDieID
 .text.USBUART_1_ConfigReg
                0x00000d94       0x80 .\CortexM3\ARM_GCC_541\Release\Sensors.a(USBUART_1_std.o)
                0x00000d94                USBUART_1_ConfigReg
 .text.USBUART_1_GetConfigTablePtr
                0x00000e14       0x24 .\CortexM3\ARM_GCC_541\Release\Sensors.a(USBUART_1_std.o)
                0x00000e14                USBUART_1_GetConfigTablePtr
 .text.USBUART_1_ConfigAltChanged
                0x00000e38      0x128 .\CortexM3\ARM_GCC_541\Release\Sensors.a(USBUART_1_std.o)
                0x00000e38                USBUART_1_ConfigAltChanged
 .text.USBUART_1_GetInterfaceClassTablePtr
                0x00000f60       0x20 .\CortexM3\ARM_GCC_541\Release\Sensors.a(USBUART_1_std.o)
                0x00000f60                USBUART_1_GetInterfaceClassTablePtr
 .text.USBUART_1_Config
                0x00000f80      0x17c .\CortexM3\ARM_GCC_541\Release\Sensors.a(USBUART_1_std.o)
                0x00000f80                USBUART_1_Config
 .text.USBUART_1_SetEndpointHalt
                0x000010fc       0x54 .\CortexM3\ARM_GCC_541\Release\Sensors.a(USBUART_1_std.o)
                0x000010fc                USBUART_1_SetEndpointHalt
 .text.USBUART_1_ClearEndpointHalt
                0x00001150       0x74 .\CortexM3\ARM_GCC_541\Release\Sensors.a(USBUART_1_std.o)
                0x00001150                USBUART_1_ClearEndpointHalt
 .text.USBUART_1_ValidateAlternateSetting
                0x000011c4       0x48 .\CortexM3\ARM_GCC_541\Release\Sensors.a(USBUART_1_std.o)
                0x000011c4                USBUART_1_ValidateAlternateSetting
 .text.USBUART_1_HandleStandardRqst
                0x0000120c      0x268 .\CortexM3\ARM_GCC_541\Release\Sensors.a(USBUART_1_std.o)
                0x0000120c                USBUART_1_HandleStandardRqst
 .text.USBUART_1_HandleVendorRqst
                0x00001474       0x14 .\CortexM3\ARM_GCC_541\Release\Sensors.a(USBUART_1_vnd.o)
                0x00001474                USBUART_1_HandleVendorRqst
 .text.USBUART_1_Dp_ClearInterrupt
                0x00001488       0x10 .\CortexM3\ARM_GCC_541\Release\Sensors.a(USBUART_1_Dp.o)
                0x00001488                USBUART_1_Dp_ClearInterrupt
 .text.CyDelay  0x00001498       0x2c .\CortexM3\ARM_GCC_541\Release\Sensors.a(CyLib.o)
                0x00001498                CyDelay
 .text.CyDelayUs
                0x000014c4       0x10 .\CortexM3\ARM_GCC_541\Release\Sensors.a(CyLib.o)
                0x000014c4                CyDelayUs
 .text.CyIntSetVector
                0x000014d4       0x1c .\CortexM3\ARM_GCC_541\Release\Sensors.a(CyLib.o)
                0x000014d4                CyIntSetVector
 .text.CyIntSetPriority
                0x000014f0       0x14 .\CortexM3\ARM_GCC_541\Release\Sensors.a(CyLib.o)
                0x000014f0                CyIntSetPriority
 .text.CyGetUniqueId
                0x00001504       0x70 .\CortexM3\ARM_GCC_541\Release\Sensors.a(CyLib.o)
                0x00001504                CyGetUniqueId
 .text.Timer_Enable
                0x00001574       0x24 .\CortexM3\ARM_GCC_541\Release\Sensors.a(Timer.o)
                0x00001574                Timer_Enable
 .text.Timer_WriteCounter
                0x00001598       0x20 .\CortexM3\ARM_GCC_541\Release\Sensors.a(Timer.o)
                0x00001598                Timer_WriteCounter
 .text.Timer_Init
                0x000015b8       0x60 .\CortexM3\ARM_GCC_541\Release\Sensors.a(Timer.o)
                0x000015b8                Timer_Init
 .text.Timer_Start
                0x00001618       0x1c .\CortexM3\ARM_GCC_541\Release\Sensors.a(Timer.o)
                0x00001618                Timer_Start
 .text.Timer_ReadCounter
                0x00001634       0x14 .\CortexM3\ARM_GCC_541\Release\Sensors.a(Timer.o)
                0x00001634                Timer_ReadCounter
 .text.Hall_Interrupt_StartEx
                0x00001648       0x24 .\CortexM3\ARM_GCC_541\Release\Sensors.a(Hall_Interrupt.o)
                0x00001648                Hall_Interrupt_StartEx
 *fill*         0x0000166c        0x4 
 .text          0x00001670       0x20 .\CortexM3\ARM_GCC_541\Release\Sensors.a(CyBootAsmGnu.o)
                0x00001670                CyDelayCycles
                0x00001680                CyEnterCriticalSection
                0x00001688                CyExitCriticalSection
 .text.USBUART_1_DispatchClassRqst
                0x00001690       0x4c .\CortexM3\ARM_GCC_541\Release\Sensors.a(USBUART_1_cls.o)
                0x00001690                USBUART_1_DispatchClassRqst
 .text.__errno  0x000016dc        0xc c:/program files (x86)/cypress/psoc creator/4.1/psoc creator/import/gnu/arm/5.4.1/bin/../lib/gcc/arm-none-eabi/5.4.1/../../../../arm-none-eabi/lib/armv7-m\libg_nano.a(lib_a-errno.o)
                0x000016dc                __errno
 .text.__libc_init_array
                0x000016e8       0x4c c:/program files (x86)/cypress/psoc creator/4.1/psoc creator/import/gnu/arm/5.4.1/bin/../lib/gcc/arm-none-eabi/5.4.1/../../../../arm-none-eabi/lib/armv7-m\libg_nano.a(lib_a-init.o)
                0x000016e8                __libc_init_array
 .text.memset   0x00001734       0x10 c:/program files (x86)/cypress/psoc creator/4.1/psoc creator/import/gnu/arm/5.4.1/bin/../lib/gcc/arm-none-eabi/5.4.1/../../../../arm-none-eabi/lib/armv7-m\libg_nano.a(lib_a-memset.o)
                0x00001734                memset
 *(.plt)
 *(.gnu.warning)
 *(.glue_7t)
 .glue_7t       0x00001744        0x0 linker stubs
 *(.glue_7)
 .glue_7        0x00001744        0x0 linker stubs
 *(.vfp11_veneer)
 .vfp11_veneer  0x00001744        0x0 linker stubs
 *(.bootloader)
 *(.ARM.extab* .gnu.linkonce.armextab.*)
 *(.gcc_except_table)

.v4_bx          0x00001744        0x0
 .v4_bx         0x00001744        0x0 linker stubs

.iplt           0x00001744        0x0
 .iplt          0x00001744        0x0 c:/program files (x86)/cypress/psoc creator/4.1/psoc creator/import/gnu/arm/5.4.1/bin/../lib/gcc/arm-none-eabi/5.4.1/armv7-m/crtbegin.o

.eh_frame_hdr
 *(.eh_frame_hdr)

.eh_frame       0x00001744        0x4
 *(.eh_frame)
 .eh_frame      0x00001744        0x0 c:/program files (x86)/cypress/psoc creator/4.1/psoc creator/import/gnu/arm/5.4.1/bin/../lib/gcc/arm-none-eabi/5.4.1/armv7-m/crtbegin.o
 .eh_frame      0x00001744        0x4 c:/program files (x86)/cypress/psoc creator/4.1/psoc creator/import/gnu/arm/5.4.1/bin/../lib/gcc/arm-none-eabi/5.4.1/armv7-m/crtend.o
                [!provide]                PROVIDE (__exidx_start, .)

.ARM.exidx
 *(.ARM.exidx* .gnu.linkonce.armexidx.*)
                0x00001748                __exidx_end = .

.rodata         0x00001748      0x1d8
 *(.rodata .rodata.* .gnu.linkonce.r.*)
 .rodata        0x00001748       0x30 .\CortexM3\ARM_GCC_541\Release\cyfitter_cfg.o
 .rodata.str1.1
                0x00001778       0x11 .\CortexM3\ARM_GCC_541\Release\Sensors.a(USBUART_1_std.o)
 *fill*         0x00001789        0x3 
 .rodata        0x0000178c      0x158 .\CortexM3\ARM_GCC_541\Release\Sensors.a(USBUART_1_descr.o)
                0x0000178c                USBUART_1_TABLE
                0x00001794                USBUART_1_DEVICE0_TABLE
                0x000017ac                USBUART_1_DEVICE0_CONFIGURATION0_TABLE
                0x000017d4                USBUART_1_DEVICE0_CONFIGURATION0_INTERFACE_CLASS
                0x000017d6                USBUART_1_DEVICE0_CONFIGURATION0_EP_SETTINGS_TABLE
                0x000017ee                USBUART_1_SN_STRING_DESCRIPTOR
                0x000017f0                USBUART_1_STRING_DESCRIPTORS
                0x0000188f                USBUART_1_DEVICE0_CONFIGURATION0_DESCR
                0x000018d2                USBUART_1_DEVICE0_DESCR
 .rodata.str1.1
                0x000018e4        0x2 c:/program files (x86)/cypress/psoc creator/4.1/psoc creator/import/gnu/arm/5.4.1/bin/../lib/gcc/arm-none-eabi/5.4.1/../../../../arm-none-eabi/lib/armv7-m\libg_nano.a(lib_a-impure.o)
                0x000018e8                . = ALIGN (0x4)
 *fill*         0x000018e6        0x2 
 *(.init)
 .init          0x000018e8        0x4 c:/program files (x86)/cypress/psoc creator/4.1/psoc creator/import/gnu/arm/5.4.1/bin/../lib/gcc/arm-none-eabi/5.4.1/armv7-m/crti.o
                0x000018e8                _init
 .init          0x000018ec        0x8 c:/program files (x86)/cypress/psoc creator/4.1/psoc creator/import/gnu/arm/5.4.1/bin/../lib/gcc/arm-none-eabi/5.4.1/armv7-m/crtn.o
                0x000018f4                . = ALIGN (0x4)
                0x000018f4                __preinit_array_start = .
 *(.preinit_array)
                0x000018f4                __preinit_array_end = .
                0x000018f4                . = ALIGN (0x4)
                0x000018f4                __init_array_start = .
 *(SORT(.init_array.*))
 *(.init_array)
 .init_array    0x000018f4        0x4 c:/program files (x86)/cypress/psoc creator/4.1/psoc creator/import/gnu/arm/5.4.1/bin/../lib/gcc/arm-none-eabi/5.4.1/armv7-m/crtbegin.o
 .init_array    0x000018f8        0x4 .\CortexM3\ARM_GCC_541\Release\Cm3Start.o
                0x000018fc                __init_array_end = .
                0x000018fc                . = ALIGN (0x4)
 *(.fini)
 .fini          0x000018fc        0x4 c:/program files (x86)/cypress/psoc creator/4.1/psoc creator/import/gnu/arm/5.4.1/bin/../lib/gcc/arm-none-eabi/5.4.1/armv7-m/crti.o
                0x000018fc                _fini
 .fini          0x00001900        0x8 c:/program files (x86)/cypress/psoc creator/4.1/psoc creator/import/gnu/arm/5.4.1/bin/../lib/gcc/arm-none-eabi/5.4.1/armv7-m/crtn.o
                0x00001908                . = ALIGN (0x4)
                0x00001908                __fini_array_start = .
 *(.fini_array)
 .fini_array    0x00001908        0x4 c:/program files (x86)/cypress/psoc creator/4.1/psoc creator/import/gnu/arm/5.4.1/bin/../lib/gcc/arm-none-eabi/5.4.1/armv7-m/crtbegin.o
 *(SORT(.fini_array.*))
                0x0000190c                __fini_array_end = .
                0x0000190c                . = ALIGN (0x4)
 *crtbegin.o(.ctors)
 *(EXCLUDE_FILE(*crtend.o) .ctors)
 *(SORT(.ctors.*))
 *crtend.o(.ctors)
                0x0000190c                . = ALIGN (0x4)
 *crtbegin.o(.dtors)
 *(EXCLUDE_FILE(*crtend.o) .dtors)
 *(SORT(.dtors.*))
 *crtend.o(.dtors)
                0x0000190c                . = ALIGN (0x4)
                0x0000190c                __cy_regions = .
                0x0000190c        0x4 LONG 0x1920 __cy_region_init_ram
                0x00001910        0x4 LONG 0x1fff80c8 __cy_region_start_data
                0x00001914        0x4 LONG 0x90 __cy_region_init_size_ram
                0x00001918        0x4 LONG 0xf0 __cy_region_zero_size_ram
                0x0000191c                __cy_regions_end = .
                0x00001920                . = ALIGN (0x8)
 *fill*         0x0000191c        0x4 
                0x00001920                _etext = .

.cy_checksum_exclude
                0x00001920        0x0
 *(.cy_checksum_exclude)

.ramvectors     0x1fff8000       0xc0
                0x1fff8000                __cy_region_start_ram = .
 *(.ramvectors)
 .ramvectors    0x1fff8000       0xc0 .\CortexM3\ARM_GCC_541\Release\Cm3Start.o
                0x1fff8000                CyRamVectors

.noinit         0x1fff80c0        0x1
 *(.noinit)
 .noinit        0x1fff80c0        0x1 .\CortexM3\ARM_GCC_541\Release\Sensors.a(CyLib.o)
                0x1fff80c0                CyResetStatus

.data           0x1fff80c8       0x90 load address 0x00001920
                0x1fff80c8                __cy_region_start_data = .
 *(.jcr)
 .jcr           0x1fff80c8        0x0 c:/program files (x86)/cypress/psoc creator/4.1/psoc creator/import/gnu/arm/5.4.1/bin/../lib/gcc/arm-none-eabi/5.4.1/armv7-m/crtbegin.o
 .jcr           0x1fff80c8        0x4 c:/program files (x86)/cypress/psoc creator/4.1/psoc creator/import/gnu/arm/5.4.1/bin/../lib/gcc/arm-none-eabi/5.4.1/armv7-m/crtend.o
 *(.got.plt)
 *(.got)
 *(.shdata)
 *(.data .data.* .gnu.linkonce.d.*)
 .data          0x1fff80cc       0x18 .\CortexM3\ARM_GCC_541\Release\Sensors.a(USBUART_1_cdc.o)
                0x1fff80cc                USBUART_1_linesCoding
 .data          0x1fff80e4       0x10 .\CortexM3\ARM_GCC_541\Release\Sensors.a(CyLib.o)
                0x1fff80e4                cydelay_32k_ms
                0x1fff80e8                cydelay_freq_khz
                0x1fff80ec                cydelay_freq_mhz
                0x1fff80f0                cydelay_freq_hz
 .data.impure_data
                0x1fff80f4       0x60 c:/program files (x86)/cypress/psoc creator/4.1/psoc creator/import/gnu/arm/5.4.1/bin/../lib/gcc/arm-none-eabi/5.4.1/../../../../arm-none-eabi/lib/armv7-m\libg_nano.a(lib_a-impure.o)
 .data._impure_ptr
                0x1fff8154        0x4 c:/program files (x86)/cypress/psoc creator/4.1/psoc creator/import/gnu/arm/5.4.1/bin/../lib/gcc/arm-none-eabi/5.4.1/../../../../arm-none-eabi/lib/armv7-m\libg_nano.a(lib_a-impure.o)
                0x1fff8154                _impure_ptr
                0x1fff8158                . = ALIGN (0x8)
 *(.ram)
                0x1fff8158                _edata = .

.igot.plt       0x1fff8158        0x0 load address 0x000019b0
 .igot.plt      0x1fff8158        0x0 c:/program files (x86)/cypress/psoc creator/4.1/psoc creator/import/gnu/arm/5.4.1/bin/../lib/gcc/arm-none-eabi/5.4.1/armv7-m/crtbegin.o

.bss            0x1fff8158       0xf0 load address 0x000019b0
                0x1fff8158                PROVIDE (__bss_start__, .)
 *(.shbss)
 *(.bss .bss.* .gnu.linkonce.b.*)
 .bss           0x1fff8158       0x1c c:/program files (x86)/cypress/psoc creator/4.1/psoc creator/import/gnu/arm/5.4.1/bin/../lib/gcc/arm-none-eabi/5.4.1/armv7-m/crtbegin.o
 .bss           0x1fff8174        0x1 .\CortexM3\ARM_GCC_541\Release\Sensors.a(USBUART_1.o)
                0x1fff8174                USBUART_1_initVar
 .bss           0x1fff8175        0x1 .\CortexM3\ARM_GCC_541\Release\Sensors.a(USBUART_1_cdc.o)
 .bss           0x1fff8176        0x2 .\CortexM3\ARM_GCC_541\Release\Sensors.a(USBUART_1_std.o)
 .bss           0x1fff8178        0x1 .\CortexM3\ARM_GCC_541\Release\Sensors.a(Timer.o)
                0x1fff8178                Timer_initVar
 *(COMMON)
 *fill*         0x1fff8179        0x1 
 COMMON         0x1fff817a        0x4 .\CortexM3\ARM_GCC_541\Release\main.o
                0x1fff817a                time
                0x1fff817c                speed
 COMMON         0x1fff817e       0x10 .\CortexM3\ARM_GCC_541\Release\Sensors.a(USBUART_1_cdc.o)
                0x1fff817e                USBUART_1_cdcDataInEp
                0x1fff8180                USBUART_1_cdcDataOutEp
                0x1fff8182                USBUART_1_cdcCommInInterruptEp
                0x1fff8184                USBUART_1_serialStateBitmap
                0x1fff8188                USBUART_1_linesChanged
                0x1fff818a                USBUART_1_linesControlBitmap
 *fill*         0x1fff818e        0x2 
 COMMON         0x1fff8190       0x95 .\CortexM3\ARM_GCC_541\Release\Sensors.a(USBUART_1_drv.o)
                0x1fff8190                USBUART_1_interfaceSettingLast
                0x1fff8192                USBUART_1_ep0Mode
                0x1fff8193                USBUART_1_lastPacketSize
                0x1fff8194                USBUART_1_configurationChanged
                0x1fff8195                USBUART_1_configuration
                0x1fff8196                USBUART_1_interfaceNumber
                0x1fff8197                USBUART_1_deviceStatus
                0x1fff8198                USBUART_1_ep0Toggle
                0x1fff819c                USBUART_1_interfaceClass
                0x1fff81a0                USBUART_1_interfaceSetting
                0x1fff81a4                USBUART_1_currentTD
                0x1fff81b0                USBUART_1_ep0Count
                0x1fff81b2                USBUART_1_EP
                0x1fff821e                USBUART_1_transferByteCount
                0x1fff8220                USBUART_1_transferState
                0x1fff8221                USBUART_1_device
                0x1fff8222                USBUART_1_interfaceStatus
                0x1fff8224                USBUART_1_deviceAddress
 COMMON         0x1fff8225       0x22 .\CortexM3\ARM_GCC_541\Release\Sensors.a(USBUART_1_descr.o)
                0x1fff8225                USBUART_1_idSerialNumberStringDescriptor
                0x1fff8248                . = ALIGN (0x8)
 *fill*         0x1fff8247        0x1 
 *(.ram.b)
                0x1fff8248                _end = .
                0x1fff8248                __end = .
                0x1fff8248                PROVIDE (end, .)
                0x1fff8248                PROVIDE (__bss_end__, .)
                0x00001920                __cy_region_init_ram = LOADADDR (.data)
                0x00000090                __cy_region_init_size_ram = (_edata - ADDR (.data))
                0x000000f0                __cy_region_zero_size_ram = (_end - _edata)

.heap           0x1fff8248       0x80 load address 0x000019b0
                0x1fff8248                . = _end
                0x1fff82c8                . = (. + 0x80)
 *fill*         0x1fff8248       0x80 
                0x1fff82c8                __cy_heap_limit = .

.stack          0x20007800      0x800
                0x20007800                __cy_stack_limit = .
                0x20008000                . = (. + 0x800)
 *fill*         0x20007800      0x800 
                0x00000001                ASSERT ((__cy_stack_limit >= __cy_heap_limit), region RAM overflowed with stack)
                0x00000000                cy_checksum_exclude_size = (CY_APPL_LOADABLE == 0x1)?SIZEOF (.cy_checksum_exclude):0x0
                0x00000001                ASSERT ((cy_checksum_exclude_size <= CY_CHECKSUM_EXCLUDE_SIZE), CY_BOOT: Section .cy_checksum_exclude size exceedes specified limit.)

.cyloadermeta
 *(.cyloadermeta)

.cyloadablemeta
 *(.cyloadablemeta)

.cyconfigecc    0x80000000       0xfc
 *(.cyconfigecc)
 .cyconfigecc   0x80000000       0xfc .\CortexM3\ARM_GCC_541\Release\cymetadata.o
                0x80000000                cy_meta_configecc

.cycustnvl      0x90000000        0x4
 *(.cycustnvl)
 .cycustnvl     0x90000000        0x4 .\CortexM3\ARM_GCC_541\Release\cymetadata.o
                0x90000000                cy_meta_custnvl

.cywolatch      0x90100000        0x4
 *(.cywolatch)
 .cywolatch     0x90100000        0x4 .\CortexM3\ARM_GCC_541\Release\cymetadata.o
                0x90100000                cy_meta_wonvl

.cyeeprom       0x90200000        0x0
 *(.cyeeprom)
                0x00000001                ASSERT ((. <= ((0x90200000 + ee_offset) + ee_size)), .cyeeprom data will not fit in EEPROM)

.cyflashprotect
                0x90400000      0x100
 *(.cyflashprotect)
 .cyflashprotect
                0x90400000      0x100 .\CortexM3\ARM_GCC_541\Release\cymetadata.o
                0x90400000                cy_meta_flashprotect

.cymeta         0x90500000        0xc
 *(.cymeta)
 .cymeta        0x90500000        0xc .\CortexM3\ARM_GCC_541\Release\cymetadata.o
                0x90500000                cy_metadata

.rel.dyn        0x000019b0        0x0 load address 0x9050000c
 .rel.iplt      0x000019b0        0x0 c:/program files (x86)/cypress/psoc creator/4.1/psoc creator/import/gnu/arm/5.4.1/bin/../lib/gcc/arm-none-eabi/5.4.1/armv7-m/crtbegin.o

.stab
 *(.stab)

.stabstr
 *(.stabstr)

.debug
 *(.debug)

.line
 *(.line)

.debug_srcinfo
 *(.debug_srcinfo)

.debug_sfnames
 *(.debug_sfnames)

.debug_aranges  0x00000000      0x9c0
 *(.debug_aranges)
 .debug_aranges
                0x00000000       0x28 .\CortexM3\ARM_GCC_541\Release\main.o
 .debug_aranges
                0x00000028       0x18 .\CortexM3\ARM_GCC_541\Release\pressure_pad.o
 .debug_aranges
                0x00000040       0x28 .\CortexM3\ARM_GCC_541\Release\cyfitter_cfg.o
 .debug_aranges
                0x00000068       0x18 .\CortexM3\ARM_GCC_541\Release\cymetadata.o
 .debug_aranges
                0x00000080       0x48 .\CortexM3\ARM_GCC_541\Release\Cm3Start.o
 .debug_aranges
                0x000000c8       0xc8 .\CortexM3\ARM_GCC_541\Release\Sensors.a(USBUART_1.o)
 .debug_aranges
                0x00000190       0xe0 .\CortexM3\ARM_GCC_541\Release\Sensors.a(USBUART_1_cdc.o)
 .debug_aranges
                0x00000270       0x98 .\CortexM3\ARM_GCC_541\Release\Sensors.a(USBUART_1_drv.o)
 .debug_aranges
                0x00000308       0x40 .\CortexM3\ARM_GCC_541\Release\Sensors.a(USBUART_1_episr.o)
 .debug_aranges
                0x00000348       0x40 .\CortexM3\ARM_GCC_541\Release\Sensors.a(USBUART_1_pm.o)
 .debug_aranges
                0x00000388       0x80 .\CortexM3\ARM_GCC_541\Release\Sensors.a(USBUART_1_std.o)
 .debug_aranges
                0x00000408       0x20 .\CortexM3\ARM_GCC_541\Release\Sensors.a(USBUART_1_vnd.o)
 .debug_aranges
                0x00000428       0x48 .\CortexM3\ARM_GCC_541\Release\Sensors.a(USBUART_1_Dp.o)
 .debug_aranges
                0x00000470      0x298 .\CortexM3\ARM_GCC_541\Release\Sensors.a(CyLib.o)
 .debug_aranges
                0x00000708       0x78 .\CortexM3\ARM_GCC_541\Release\Sensors.a(cyPm.o)
 .debug_aranges
                0x00000780       0x80 .\CortexM3\ARM_GCC_541\Release\Sensors.a(Timer.o)
 .debug_aranges
                0x00000800       0x80 .\CortexM3\ARM_GCC_541\Release\Sensors.a(Hall_Interrupt.o)
 .debug_aranges
                0x00000880       0x20 .\CortexM3\ARM_GCC_541\Release\Sensors.a(CyBootAsmGnu.o)
 .debug_aranges
                0x000008a0       0x20 .\CortexM3\ARM_GCC_541\Release\Sensors.a(USBUART_1_cls.o)
 .debug_aranges
                0x000008c0       0x18 .\CortexM3\ARM_GCC_541\Release\Sensors.a(USBUART_1_descr.o)
 .debug_aranges
                0x000008d8       0x70 .\CortexM3\ARM_GCC_541\Release\Sensors.a(CyFlash.o)
 .debug_aranges
                0x00000948       0x78 .\CortexM3\ARM_GCC_541\Release\Sensors.a(CySpc.o)

.debug_pubnames
 *(.debug_pubnames)

.debug_info     0x00000000     0x6d6c
 *(.debug_info .gnu.linkonce.wi.*)
 .debug_info    0x00000000      0x287 .\CortexM3\ARM_GCC_541\Release\main.o
 .debug_info    0x00000287       0x2c .\CortexM3\ARM_GCC_541\Release\pressure_pad.o
 .debug_info    0x000002b3      0x4a8 .\CortexM3\ARM_GCC_541\Release\cyfitter_cfg.o
 .debug_info    0x0000075b      0x134 .\CortexM3\ARM_GCC_541\Release\cymetadata.o
 .debug_info    0x0000088f      0x3b7 .\CortexM3\ARM_GCC_541\Release\Cm3Start.o
 .debug_info    0x00000c46      0x9c5 .\CortexM3\ARM_GCC_541\Release\Sensors.a(USBUART_1.o)
 .debug_info    0x0000160b      0xacd .\CortexM3\ARM_GCC_541\Release\Sensors.a(USBUART_1_cdc.o)
 .debug_info    0x000020d8      0x699 .\CortexM3\ARM_GCC_541\Release\Sensors.a(USBUART_1_drv.o)
 .debug_info    0x00002771      0x254 .\CortexM3\ARM_GCC_541\Release\Sensors.a(USBUART_1_episr.o)
 .debug_info    0x000029c5      0x2dd .\CortexM3\ARM_GCC_541\Release\Sensors.a(USBUART_1_pm.o)
 .debug_info    0x00002ca2      0xb80 .\CortexM3\ARM_GCC_541\Release\Sensors.a(USBUART_1_std.o)
 .debug_info    0x00003822       0xed .\CortexM3\ARM_GCC_541\Release\Sensors.a(USBUART_1_vnd.o)
 .debug_info    0x0000390f      0x174 .\CortexM3\ARM_GCC_541\Release\Sensors.a(USBUART_1_Dp.o)
 .debug_info    0x00003a83     0x1343 .\CortexM3\ARM_GCC_541\Release\Sensors.a(CyLib.o)
 .debug_info    0x00004dc6      0x97e .\CortexM3\ARM_GCC_541\Release\Sensors.a(cyPm.o)
 .debug_info    0x00005744      0x2a4 .\CortexM3\ARM_GCC_541\Release\Sensors.a(Timer.o)
 .debug_info    0x000059e8      0x385 .\CortexM3\ARM_GCC_541\Release\Sensors.a(Hall_Interrupt.o)
 .debug_info    0x00005d6d       0x85 .\CortexM3\ARM_GCC_541\Release\Sensors.a(CyBootAsmGnu.o)
 .debug_info    0x00005df2      0x1de .\CortexM3\ARM_GCC_541\Release\Sensors.a(USBUART_1_cls.o)
 .debug_info    0x00005fd0      0x2a3 .\CortexM3\ARM_GCC_541\Release\Sensors.a(USBUART_1_descr.o)
 .debug_info    0x00006273      0x610 .\CortexM3\ARM_GCC_541\Release\Sensors.a(CyFlash.o)
 .debug_info    0x00006883      0x4e9 .\CortexM3\ARM_GCC_541\Release\Sensors.a(CySpc.o)

.debug_abbrev   0x00000000     0x218e
 *(.debug_abbrev)
 .debug_abbrev  0x00000000      0x145 .\CortexM3\ARM_GCC_541\Release\main.o
 .debug_abbrev  0x00000145       0x26 .\CortexM3\ARM_GCC_541\Release\pressure_pad.o
 .debug_abbrev  0x0000016b      0x20e .\CortexM3\ARM_GCC_541\Release\cyfitter_cfg.o
 .debug_abbrev  0x00000379       0x5d .\CortexM3\ARM_GCC_541\Release\cymetadata.o
 .debug_abbrev  0x000003d6      0x1f4 .\CortexM3\ARM_GCC_541\Release\Cm3Start.o
 .debug_abbrev  0x000005ca      0x286 .\CortexM3\ARM_GCC_541\Release\Sensors.a(USBUART_1.o)
 .debug_abbrev  0x00000850      0x2bc .\CortexM3\ARM_GCC_541\Release\Sensors.a(USBUART_1_cdc.o)
 .debug_abbrev  0x00000b0c      0x1fd .\CortexM3\ARM_GCC_541\Release\Sensors.a(USBUART_1_drv.o)
 .debug_abbrev  0x00000d09      0x11e .\CortexM3\ARM_GCC_541\Release\Sensors.a(USBUART_1_episr.o)
 .debug_abbrev  0x00000e27      0x10b .\CortexM3\ARM_GCC_541\Release\Sensors.a(USBUART_1_pm.o)
 .debug_abbrev  0x00000f32      0x2b9 .\CortexM3\ARM_GCC_541\Release\Sensors.a(USBUART_1_std.o)
 .debug_abbrev  0x000011eb       0x9b .\CortexM3\ARM_GCC_541\Release\Sensors.a(USBUART_1_vnd.o)
 .debug_abbrev  0x00001286       0x9f .\CortexM3\ARM_GCC_541\Release\Sensors.a(USBUART_1_Dp.o)
 .debug_abbrev  0x00001325      0x390 .\CortexM3\ARM_GCC_541\Release\Sensors.a(CyLib.o)
 .debug_abbrev  0x000016b5      0x1d5 .\CortexM3\ARM_GCC_541\Release\Sensors.a(cyPm.o)
 .debug_abbrev  0x0000188a      0x17a .\CortexM3\ARM_GCC_541\Release\Sensors.a(Timer.o)
 .debug_abbrev  0x00001a04      0x212 .\CortexM3\ARM_GCC_541\Release\Sensors.a(Hall_Interrupt.o)
 .debug_abbrev  0x00001c16       0x14 .\CortexM3\ARM_GCC_541\Release\Sensors.a(CyBootAsmGnu.o)
 .debug_abbrev  0x00001c2a       0xe4 .\CortexM3\ARM_GCC_541\Release\Sensors.a(USBUART_1_cls.o)
 .debug_abbrev  0x00001d0e       0xb4 .\CortexM3\ARM_GCC_541\Release\Sensors.a(USBUART_1_descr.o)
 .debug_abbrev  0x00001dc2      0x22a .\CortexM3\ARM_GCC_541\Release\Sensors.a(CyFlash.o)
 .debug_abbrev  0x00001fec      0x1a2 .\CortexM3\ARM_GCC_541\Release\Sensors.a(CySpc.o)

.debug_line     0x00000000     0x2a47
 *(.debug_line)
 .debug_line    0x00000000      0x1f5 .\CortexM3\ARM_GCC_541\Release\main.o
 .debug_line    0x000001f5       0x1d .\CortexM3\ARM_GCC_541\Release\pressure_pad.o
 .debug_line    0x00000212      0x1a7 .\CortexM3\ARM_GCC_541\Release\cyfitter_cfg.o
 .debug_line    0x000003b9      0x141 .\CortexM3\ARM_GCC_541\Release\cymetadata.o
 .debug_line    0x000004fa      0x21f .\CortexM3\ARM_GCC_541\Release\Cm3Start.o
 .debug_line    0x00000719      0x308 .\CortexM3\ARM_GCC_541\Release\Sensors.a(USBUART_1.o)
 .debug_line    0x00000a21      0x2fc .\CortexM3\ARM_GCC_541\Release\Sensors.a(USBUART_1_cdc.o)
 .debug_line    0x00000d1d      0x238 .\CortexM3\ARM_GCC_541\Release\Sensors.a(USBUART_1_drv.o)
 .debug_line    0x00000f55       0xeb .\CortexM3\ARM_GCC_541\Release\Sensors.a(USBUART_1_episr.o)
 .debug_line    0x00001040      0x147 .\CortexM3\ARM_GCC_541\Release\Sensors.a(USBUART_1_pm.o)
 .debug_line    0x00001187      0x3c4 .\CortexM3\ARM_GCC_541\Release\Sensors.a(USBUART_1_std.o)
 .debug_line    0x0000154b       0x7d .\CortexM3\ARM_GCC_541\Release\Sensors.a(USBUART_1_vnd.o)
 .debug_line    0x000015c8       0xbf .\CortexM3\ARM_GCC_541\Release\Sensors.a(USBUART_1_Dp.o)
 .debug_line    0x00001687      0x7fc .\CortexM3\ARM_GCC_541\Release\Sensors.a(CyLib.o)
 .debug_line    0x00001e83      0x3be .\CortexM3\ARM_GCC_541\Release\Sensors.a(cyPm.o)
 .debug_line    0x00002241      0x155 .\CortexM3\ARM_GCC_541\Release\Sensors.a(Timer.o)
 .debug_line    0x00002396      0x15e .\CortexM3\ARM_GCC_541\Release\Sensors.a(Hall_Interrupt.o)
 .debug_line    0x000024f4       0x66 .\CortexM3\ARM_GCC_541\Release\Sensors.a(CyBootAsmGnu.o)
 .debug_line    0x0000255a       0x9a .\CortexM3\ARM_GCC_541\Release\Sensors.a(USBUART_1_cls.o)
 .debug_line    0x000025f4       0x65 .\CortexM3\ARM_GCC_541\Release\Sensors.a(USBUART_1_descr.o)
 .debug_line    0x00002659      0x1c8 .\CortexM3\ARM_GCC_541\Release\Sensors.a(CyFlash.o)
 .debug_line    0x00002821      0x226 .\CortexM3\ARM_GCC_541\Release\Sensors.a(CySpc.o)

.debug_frame    0x00000000     0x1910
 *(.debug_frame)
 .debug_frame   0x00000000       0x50 .\CortexM3\ARM_GCC_541\Release\main.o
 .debug_frame   0x00000050       0x48 .\CortexM3\ARM_GCC_541\Release\cyfitter_cfg.o
 .debug_frame   0x00000098       0xb8 .\CortexM3\ARM_GCC_541\Release\Cm3Start.o
 .debug_frame   0x00000150      0x1f0 .\CortexM3\ARM_GCC_541\Release\Sensors.a(USBUART_1.o)
 .debug_frame   0x00000340      0x280 .\CortexM3\ARM_GCC_541\Release\Sensors.a(USBUART_1_cdc.o)
 .debug_frame   0x000005c0      0x1a0 .\CortexM3\ARM_GCC_541\Release\Sensors.a(USBUART_1_drv.o)
 .debug_frame   0x00000760       0x60 .\CortexM3\ARM_GCC_541\Release\Sensors.a(USBUART_1_episr.o)
 .debug_frame   0x000007c0       0xa8 .\CortexM3\ARM_GCC_541\Release\Sensors.a(USBUART_1_pm.o)
 .debug_frame   0x00000868      0x214 .\CortexM3\ARM_GCC_541\Release\Sensors.a(USBUART_1_std.o)
 .debug_frame   0x00000a7c       0x20 .\CortexM3\ARM_GCC_541\Release\Sensors.a(USBUART_1_vnd.o)
 .debug_frame   0x00000a9c       0x70 .\CortexM3\ARM_GCC_541\Release\Sensors.a(USBUART_1_Dp.o)
 .debug_frame   0x00000b0c      0x6f8 .\CortexM3\ARM_GCC_541\Release\Sensors.a(CyLib.o)
 .debug_frame   0x00001204      0x1c8 .\CortexM3\ARM_GCC_541\Release\Sensors.a(cyPm.o)
 .debug_frame   0x000013cc       0xfc .\CortexM3\ARM_GCC_541\Release\Sensors.a(Timer.o)
 .debug_frame   0x000014c8       0xe0 .\CortexM3\ARM_GCC_541\Release\Sensors.a(Hall_Interrupt.o)
 .debug_frame   0x000015a8       0x20 .\CortexM3\ARM_GCC_541\Release\Sensors.a(USBUART_1_cls.o)
 .debug_frame   0x000015c8      0x144 .\CortexM3\ARM_GCC_541\Release\Sensors.a(CyFlash.o)
 .debug_frame   0x0000170c      0x170 .\CortexM3\ARM_GCC_541\Release\Sensors.a(CySpc.o)
 .debug_frame   0x0000187c       0x20 c:/program files (x86)/cypress/psoc creator/4.1/psoc creator/import/gnu/arm/5.4.1/bin/../lib/gcc/arm-none-eabi/5.4.1/../../../../arm-none-eabi/lib/armv7-m\libg_nano.a(lib_a-errno.o)
 .debug_frame   0x0000189c       0x28 c:/program files (x86)/cypress/psoc creator/4.1/psoc creator/import/gnu/arm/5.4.1/bin/../lib/gcc/arm-none-eabi/5.4.1/../../../../arm-none-eabi/lib/armv7-m\libg_nano.a(lib_a-exit.o)
 .debug_frame   0x000018c4       0x2c c:/program files (x86)/cypress/psoc creator/4.1/psoc creator/import/gnu/arm/5.4.1/bin/../lib/gcc/arm-none-eabi/5.4.1/../../../../arm-none-eabi/lib/armv7-m\libg_nano.a(lib_a-init.o)
 .debug_frame   0x000018f0       0x20 c:/program files (x86)/cypress/psoc creator/4.1/psoc creator/import/gnu/arm/5.4.1/bin/../lib/gcc/arm-none-eabi/5.4.1/../../../../arm-none-eabi/lib/armv7-m\libg_nano.a(lib_a-memset.o)

.debug_str      0x00000000     0x2854
 *(.debug_str)
 .debug_str     0x00000000      0x245 .\CortexM3\ARM_GCC_541\Release\main.o
                                0x28d (size before relaxing)
 .debug_str     0x00000245        0xf .\CortexM3\ARM_GCC_541\Release\pressure_pad.o
                                 0xdd (size before relaxing)
 .debug_str     0x00000254      0x16c .\CortexM3\ARM_GCC_541\Release\cyfitter_cfg.o
                                0x2fd (size before relaxing)
 .debug_str     0x000003c0       0x7f .\CortexM3\ARM_GCC_541\Release\cymetadata.o
                                0x1d9 (size before relaxing)
 .debug_str     0x0000043f      0x144 .\CortexM3\ARM_GCC_541\Release\Cm3Start.o
                                0x2ff (size before relaxing)
 .debug_str     0x00000583      0x4ca .\CortexM3\ARM_GCC_541\Release\Sensors.a(USBUART_1.o)
                                0x6af (size before relaxing)
 .debug_str     0x00000a4d      0x555 .\CortexM3\ARM_GCC_541\Release\Sensors.a(USBUART_1_cdc.o)
                                0x829 (size before relaxing)
 .debug_str     0x00000fa2      0x2c1 .\CortexM3\ARM_GCC_541\Release\Sensors.a(USBUART_1_drv.o)
                                0x691 (size before relaxing)
 .debug_str     0x00001263       0x8c .\CortexM3\ARM_GCC_541\Release\Sensors.a(USBUART_1_episr.o)
                                0x2ea (size before relaxing)
 .debug_str     0x000012ef       0xe6 .\CortexM3\ARM_GCC_541\Release\Sensors.a(USBUART_1_pm.o)
                                0x2fd (size before relaxing)
 .debug_str     0x000013d5      0x292 .\CortexM3\ARM_GCC_541\Release\Sensors.a(USBUART_1_std.o)
                                0x806 (size before relaxing)
 .debug_str     0x00001667       0x27 .\CortexM3\ARM_GCC_541\Release\Sensors.a(USBUART_1_vnd.o)
                                0x1e8 (size before relaxing)
 .debug_str     0x0000168e       0xb0 .\CortexM3\ARM_GCC_541\Release\Sensors.a(USBUART_1_Dp.o)
                                0x244 (size before relaxing)
 .debug_str     0x0000173e      0x7d3 .\CortexM3\ARM_GCC_541\Release\Sensors.a(CyLib.o)
                                0xa3c (size before relaxing)
 .debug_str     0x00001f11      0x365 .\CortexM3\ARM_GCC_541\Release\Sensors.a(cyPm.o)
                                0x721 (size before relaxing)
 .debug_str     0x00002276      0x110 .\CortexM3\ARM_GCC_541\Release\Sensors.a(Timer.o)
                                0x2c9 (size before relaxing)
 .debug_str     0x00002386      0x14d .\CortexM3\ARM_GCC_541\Release\Sensors.a(Hall_Interrupt.o)
                                0x319 (size before relaxing)
 .debug_str     0x000024d3       0x27 .\CortexM3\ARM_GCC_541\Release\Sensors.a(USBUART_1_cls.o)
                                0x2af (size before relaxing)
 .debug_str     0x000024fa      0x112 .\CortexM3\ARM_GCC_541\Release\Sensors.a(USBUART_1_descr.o)
                                0x368 (size before relaxing)
 .debug_str     0x0000260c      0x19c .\CortexM3\ARM_GCC_541\Release\Sensors.a(CyFlash.o)
                                0x38f (size before relaxing)
 .debug_str     0x000027a8       0xac .\CortexM3\ARM_GCC_541\Release\Sensors.a(CySpc.o)
                                0x31f (size before relaxing)

.debug_loc      0x00000000     0x2d28
 *(.debug_loc)
 .debug_loc     0x00000000      0x287 .\CortexM3\ARM_GCC_541\Release\cyfitter_cfg.o
 .debug_loc     0x00000287      0x1af .\CortexM3\ARM_GCC_541\Release\Cm3Start.o
 .debug_loc     0x00000436      0x3d6 .\CortexM3\ARM_GCC_541\Release\Sensors.a(USBUART_1.o)
 .debug_loc     0x0000080c      0x591 .\CortexM3\ARM_GCC_541\Release\Sensors.a(USBUART_1_cdc.o)
 .debug_loc     0x00000d9d      0x18a .\CortexM3\ARM_GCC_541\Release\Sensors.a(USBUART_1_drv.o)
 .debug_loc     0x00000f27       0x26 .\CortexM3\ARM_GCC_541\Release\Sensors.a(USBUART_1_pm.o)
 .debug_loc     0x00000f4d      0x682 .\CortexM3\ARM_GCC_541\Release\Sensors.a(USBUART_1_std.o)
 .debug_loc     0x000015cf       0x7b .\CortexM3\ARM_GCC_541\Release\Sensors.a(USBUART_1_Dp.o)
 .debug_loc     0x0000164a      0xa20 .\CortexM3\ARM_GCC_541\Release\Sensors.a(CyLib.o)
 .debug_loc     0x0000206a      0x1d6 .\CortexM3\ARM_GCC_541\Release\Sensors.a(cyPm.o)
 .debug_loc     0x00002240       0x29 .\CortexM3\ARM_GCC_541\Release\Sensors.a(Timer.o)
 .debug_loc     0x00002269       0xf3 .\CortexM3\ARM_GCC_541\Release\Sensors.a(Hall_Interrupt.o)
 .debug_loc     0x0000235c       0x32 .\CortexM3\ARM_GCC_541\Release\Sensors.a(USBUART_1_cls.o)
 .debug_loc     0x0000238e      0x3ab .\CortexM3\ARM_GCC_541\Release\Sensors.a(CyFlash.o)
 .debug_loc     0x00002739      0x5ef .\CortexM3\ARM_GCC_541\Release\Sensors.a(CySpc.o)

.debug_macinfo
 *(.debug_macinfo)

.debug_ranges   0x00000000      0xa00
 *(.debug_ranges)
 .debug_ranges  0x00000000       0x18 .\CortexM3\ARM_GCC_541\Release\main.o
 .debug_ranges  0x00000018       0xf8 .\CortexM3\ARM_GCC_541\Release\cyfitter_cfg.o
 .debug_ranges  0x00000110       0x50 .\CortexM3\ARM_GCC_541\Release\Cm3Start.o
 .debug_ranges  0x00000160       0xb8 .\CortexM3\ARM_GCC_541\Release\Sensors.a(USBUART_1.o)
 .debug_ranges  0x00000218       0xd0 .\CortexM3\ARM_GCC_541\Release\Sensors.a(USBUART_1_cdc.o)
 .debug_ranges  0x000002e8       0x88 .\CortexM3\ARM_GCC_541\Release\Sensors.a(USBUART_1_drv.o)
 .debug_ranges  0x00000370       0x30 .\CortexM3\ARM_GCC_541\Release\Sensors.a(USBUART_1_episr.o)
 .debug_ranges  0x000003a0       0x30 .\CortexM3\ARM_GCC_541\Release\Sensors.a(USBUART_1_pm.o)
 .debug_ranges  0x000003d0       0x88 .\CortexM3\ARM_GCC_541\Release\Sensors.a(USBUART_1_std.o)
 .debug_ranges  0x00000458       0x10 .\CortexM3\ARM_GCC_541\Release\Sensors.a(USBUART_1_vnd.o)
 .debug_ranges  0x00000468       0x38 .\CortexM3\ARM_GCC_541\Release\Sensors.a(USBUART_1_Dp.o)
 .debug_ranges  0x000004a0      0x2b8 .\CortexM3\ARM_GCC_541\Release\Sensors.a(CyLib.o)
 .debug_ranges  0x00000758       0x90 .\CortexM3\ARM_GCC_541\Release\Sensors.a(cyPm.o)
 .debug_ranges  0x000007e8       0x88 .\CortexM3\ARM_GCC_541\Release\Sensors.a(Timer.o)
 .debug_ranges  0x00000870       0xa0 .\CortexM3\ARM_GCC_541\Release\Sensors.a(Hall_Interrupt.o)
 .debug_ranges  0x00000910       0x10 .\CortexM3\ARM_GCC_541\Release\Sensors.a(USBUART_1_cls.o)
 .debug_ranges  0x00000920       0x78 .\CortexM3\ARM_GCC_541\Release\Sensors.a(CyFlash.o)
 .debug_ranges  0x00000998       0x68 .\CortexM3\ARM_GCC_541\Release\Sensors.a(CySpc.o)

.comment        0x00000000       0x6e
 .comment       0x00000000       0x6e .\CortexM3\ARM_GCC_541\Release\main.o
                                 0x6f (size before relaxing)
 .comment       0x0000006e       0x6f .\CortexM3\ARM_GCC_541\Release\pressure_pad.o
 .comment       0x0000006e       0x6f .\CortexM3\ARM_GCC_541\Release\cyfitter_cfg.o
 .comment       0x0000006e       0x6f .\CortexM3\ARM_GCC_541\Release\cymetadata.o
 .comment       0x0000006e       0x6f .\CortexM3\ARM_GCC_541\Release\Cm3Start.o
 .comment       0x0000006e       0x6f .\CortexM3\ARM_GCC_541\Release\Sensors.a(USBUART_1.o)
 .comment       0x0000006e       0x6f .\CortexM3\ARM_GCC_541\Release\Sensors.a(USBUART_1_cdc.o)
 .comment       0x0000006e       0x6f .\CortexM3\ARM_GCC_541\Release\Sensors.a(USBUART_1_drv.o)
 .comment       0x0000006e       0x6f .\CortexM3\ARM_GCC_541\Release\Sensors.a(USBUART_1_episr.o)
 .comment       0x0000006e       0x6f .\CortexM3\ARM_GCC_541\Release\Sensors.a(USBUART_1_pm.o)
 .comment       0x0000006e       0x6f .\CortexM3\ARM_GCC_541\Release\Sensors.a(USBUART_1_std.o)
 .comment       0x0000006e       0x6f .\CortexM3\ARM_GCC_541\Release\Sensors.a(USBUART_1_vnd.o)
 .comment       0x0000006e       0x6f .\CortexM3\ARM_GCC_541\Release\Sensors.a(USBUART_1_Dp.o)
 .comment       0x0000006e       0x6f .\CortexM3\ARM_GCC_541\Release\Sensors.a(CyLib.o)
 .comment       0x0000006e       0x6f .\CortexM3\ARM_GCC_541\Release\Sensors.a(cyPm.o)
 .comment       0x0000006e       0x6f .\CortexM3\ARM_GCC_541\Release\Sensors.a(Timer.o)
 .comment       0x0000006e       0x6f .\CortexM3\ARM_GCC_541\Release\Sensors.a(Hall_Interrupt.o)
 .comment       0x0000006e       0x6f .\CortexM3\ARM_GCC_541\Release\Sensors.a(USBUART_1_cls.o)
 .comment       0x0000006e       0x6f .\CortexM3\ARM_GCC_541\Release\Sensors.a(USBUART_1_descr.o)
 .comment       0x0000006e       0x6f .\CortexM3\ARM_GCC_541\Release\Sensors.a(CyFlash.o)
 .comment       0x0000006e       0x6f .\CortexM3\ARM_GCC_541\Release\Sensors.a(CySpc.o)

.debug_weaknames
 *(.debug_weaknames)

.debug_funcnames
 *(.debug_funcnames)

.debug_typenames
 *(.debug_typenames)

.debug_varnames
 *(.debug_varnames)

.note.gnu.arm.ident
 *(.note.gnu.arm.ident)

.ARM.attributes
                0x00000000       0x29
 *(.ARM.attributes)
 .ARM.attributes
                0x00000000       0x1d c:/program files (x86)/cypress/psoc creator/4.1/psoc creator/import/gnu/arm/5.4.1/bin/../lib/gcc/arm-none-eabi/5.4.1/armv7-m/crti.o
 .ARM.attributes
                0x0000001d       0x2d c:/program files (x86)/cypress/psoc creator/4.1/psoc creator/import/gnu/arm/5.4.1/bin/../lib/gcc/arm-none-eabi/5.4.1/armv7-m/crtbegin.o
 .ARM.attributes
                0x0000004a       0x1b c:/program files (x86)/cypress/psoc creator/4.1/psoc creator/import/gnu/arm/5.4.1/bin/../lib/gcc/arm-none-eabi/5.4.1/../../../../arm-none-eabi/lib/armv7-m/crt0.o
 .ARM.attributes
                0x00000065       0x33 .\CortexM3\ARM_GCC_541\Release\main.o
 .ARM.attributes
                0x00000098       0x33 .\CortexM3\ARM_GCC_541\Release\pressure_pad.o
 .ARM.attributes
                0x000000cb       0x33 .\CortexM3\ARM_GCC_541\Release\cyfitter_cfg.o
 .ARM.attributes
                0x000000fe       0x33 .\CortexM3\ARM_GCC_541\Release\cymetadata.o
 .ARM.attributes
                0x00000131       0x33 .\CortexM3\ARM_GCC_541\Release\Cm3Start.o
 .ARM.attributes
                0x00000164       0x33 .\CortexM3\ARM_GCC_541\Release\Sensors.a(USBUART_1.o)
 .ARM.attributes
                0x00000197       0x33 .\CortexM3\ARM_GCC_541\Release\Sensors.a(USBUART_1_cdc.o)
 .ARM.attributes
                0x000001ca       0x33 .\CortexM3\ARM_GCC_541\Release\Sensors.a(USBUART_1_drv.o)
 .ARM.attributes
                0x000001fd       0x33 .\CortexM3\ARM_GCC_541\Release\Sensors.a(USBUART_1_episr.o)
 .ARM.attributes
                0x00000230       0x33 .\CortexM3\ARM_GCC_541\Release\Sensors.a(USBUART_1_pm.o)
 .ARM.attributes
                0x00000263       0x33 .\CortexM3\ARM_GCC_541\Release\Sensors.a(USBUART_1_std.o)
 .ARM.attributes
                0x00000296       0x33 .\CortexM3\ARM_GCC_541\Release\Sensors.a(USBUART_1_vnd.o)
 .ARM.attributes
                0x000002c9       0x33 .\CortexM3\ARM_GCC_541\Release\Sensors.a(USBUART_1_Dp.o)
 .ARM.attributes
                0x000002fc       0x33 .\CortexM3\ARM_GCC_541\Release\Sensors.a(CyLib.o)
 .ARM.attributes
                0x0000032f       0x33 .\CortexM3\ARM_GCC_541\Release\Sensors.a(cyPm.o)
 .ARM.attributes
                0x00000362       0x33 .\CortexM3\ARM_GCC_541\Release\Sensors.a(Timer.o)
 .ARM.attributes
                0x00000395       0x33 .\CortexM3\ARM_GCC_541\Release\Sensors.a(Hall_Interrupt.o)
 .ARM.attributes
                0x000003c8       0x21 .\CortexM3\ARM_GCC_541\Release\Sensors.a(CyBootAsmGnu.o)
 .ARM.attributes
                0x000003e9       0x33 .\CortexM3\ARM_GCC_541\Release\Sensors.a(USBUART_1_cls.o)
 .ARM.attributes
                0x0000041c       0x33 .\CortexM3\ARM_GCC_541\Release\Sensors.a(USBUART_1_descr.o)
 .ARM.attributes
                0x0000044f       0x33 .\CortexM3\ARM_GCC_541\Release\Sensors.a(CyFlash.o)
 .ARM.attributes
                0x00000482       0x33 .\CortexM3\ARM_GCC_541\Release\Sensors.a(CySpc.o)
 .ARM.attributes
                0x000004b5       0x2d c:/program files (x86)/cypress/psoc creator/4.1/psoc creator/import/gnu/arm/5.4.1/bin/../lib/gcc/arm-none-eabi/5.4.1/../../../../arm-none-eabi/lib/armv7-m\libg_nano.a(lib_a-errno.o)
 .ARM.attributes
                0x000004e2       0x2d c:/program files (x86)/cypress/psoc creator/4.1/psoc creator/import/gnu/arm/5.4.1/bin/../lib/gcc/arm-none-eabi/5.4.1/../../../../arm-none-eabi/lib/armv7-m\libg_nano.a(lib_a-exit.o)
 .ARM.attributes
                0x0000050f       0x2d c:/program files (x86)/cypress/psoc creator/4.1/psoc creator/import/gnu/arm/5.4.1/bin/../lib/gcc/arm-none-eabi/5.4.1/../../../../arm-none-eabi/lib/armv7-m\libg_nano.a(lib_a-impure.o)
 .ARM.attributes
                0x0000053c       0x2d c:/program files (x86)/cypress/psoc creator/4.1/psoc creator/import/gnu/arm/5.4.1/bin/../lib/gcc/arm-none-eabi/5.4.1/../../../../arm-none-eabi/lib/armv7-m\libg_nano.a(lib_a-init.o)
 .ARM.attributes
                0x00000569       0x2d c:/program files (x86)/cypress/psoc creator/4.1/psoc creator/import/gnu/arm/5.4.1/bin/../lib/gcc/arm-none-eabi/5.4.1/../../../../arm-none-eabi/lib/armv7-m\libg_nano.a(lib_a-memset.o)
 .ARM.attributes
                0x00000596       0x2d c:/program files (x86)/cypress/psoc creator/4.1/psoc creator/import/gnu/arm/5.4.1/bin/../lib/gcc/arm-none-eabi/5.4.1/armv7-m/crtend.o
 .ARM.attributes
                0x000005c3       0x1d c:/program files (x86)/cypress/psoc creator/4.1/psoc creator/import/gnu/arm/5.4.1/bin/../lib/gcc/arm-none-eabi/5.4.1/armv7-m/crtn.o

/DISCARD/
 *(.note.GNU-stack)
OUTPUT(C:\Users\jon\Sync\Research\PSoC Projects\Sensors.cydsn\CortexM3\ARM_GCC_541\Release\Sensors.elf elf32-littlearm)
