Archive member included to satisfy reference by file (symbol)

.\CortexM3\ARM_GCC_541\Debug\IMU.a(Seat_ADC.o)
                              .\CortexM3\ARM_GCC_541\Debug\main.o (Seat_ADC_Start)
.\CortexM3\ARM_GCC_541\Debug\IMU.a(Seat_ADC_INT.o)
                              .\CortexM3\ARM_GCC_541\Debug\IMU.a(Seat_ADC.o) (Seat_ADC_ISR)
.\CortexM3\ARM_GCC_541\Debug\IMU.a(Seat_ADC_SAR.o)
                              .\CortexM3\ARM_GCC_541\Debug\IMU.a(Seat_ADC.o) (Seat_ADC_SAR_shift)
.\CortexM3\ARM_GCC_541\Debug\IMU.a(Seat_ADC_TempBuf_dma.o)
                              .\CortexM3\ARM_GCC_541\Debug\IMU.a(Seat_ADC.o) (Seat_ADC_TempBuf_DmaInitialize)
.\CortexM3\ARM_GCC_541\Debug\IMU.a(Seat_ADC_FinalBuf_dma.o)
                              .\CortexM3\ARM_GCC_541\Debug\IMU.a(Seat_ADC.o) (Seat_ADC_FinalBuf_DmaInitialize)
.\CortexM3\ARM_GCC_541\Debug\IMU.a(Seat_ADC_IRQ.o)
                              .\CortexM3\ARM_GCC_541\Debug\IMU.a(Seat_ADC.o) (Seat_ADC_IRQ_SetVector)
.\CortexM3\ARM_GCC_541\Debug\IMU.a(CyDmac.o)
                              .\CortexM3\ARM_GCC_541\Debug\Cm3Start.o (CyDmacConfigure)
.\CortexM3\ARM_GCC_541\Debug\IMU.a(CyLib.o)
                              .\CortexM3\ARM_GCC_541\Debug\Cm3Start.o (CyResetStatus)
.\CortexM3\ARM_GCC_541\Debug\IMU.a(cyPm.o)
                              .\CortexM3\ARM_GCC_541\Debug\IMU.a(CyLib.o) (CyPmReadStatus)
.\CortexM3\ARM_GCC_541\Debug\IMU.a(USBUART.o)
                              .\CortexM3\ARM_GCC_541\Debug\main.o (USBUART_Start)
.\CortexM3\ARM_GCC_541\Debug\IMU.a(USBUART_cdc.o)
                              .\CortexM3\ARM_GCC_541\Debug\main.o (USBUART_CDC_Init)
.\CortexM3\ARM_GCC_541\Debug\IMU.a(USBUART_drv.o)
                              .\CortexM3\ARM_GCC_541\Debug\IMU.a(USBUART.o) (USBUART_EP)
.\CortexM3\ARM_GCC_541\Debug\IMU.a(USBUART_episr.o)
                              .\CortexM3\ARM_GCC_541\Debug\IMU.a(USBUART.o) (USBUART_EP_1_ISR)
.\CortexM3\ARM_GCC_541\Debug\IMU.a(USBUART_pm.o)
                              .\CortexM3\ARM_GCC_541\Debug\IMU.a(USBUART.o) (USBUART_DP_ISR)
.\CortexM3\ARM_GCC_541\Debug\IMU.a(USBUART_std.o)
                              .\CortexM3\ARM_GCC_541\Debug\IMU.a(USBUART_drv.o) (USBUART_HandleStandardRqst)
.\CortexM3\ARM_GCC_541\Debug\IMU.a(USBUART_vnd.o)
                              .\CortexM3\ARM_GCC_541\Debug\IMU.a(USBUART_drv.o) (USBUART_HandleVendorRqst)
.\CortexM3\ARM_GCC_541\Debug\IMU.a(USBUART_Dp.o)
                              .\CortexM3\ARM_GCC_541\Debug\IMU.a(USBUART.o) (USBUART_Dp_ClearInterrupt)
.\CortexM3\ARM_GCC_541\Debug\IMU.a(LED.o)
                              .\CortexM3\ARM_GCC_541\Debug\main.o (LED_Write)
.\CortexM3\ARM_GCC_541\Debug\IMU.a(Sample_Timer.o)
                              .\CortexM3\ARM_GCC_541\Debug\main.o (Sample_Timer_Start)
.\CortexM3\ARM_GCC_541\Debug\IMU.a(Sample_Interrupt.o)
                              .\CortexM3\ARM_GCC_541\Debug\main.o (Sample_Interrupt_StartEx)
.\CortexM3\ARM_GCC_541\Debug\IMU.a(Enc_Int_High.o)
                              .\CortexM3\ARM_GCC_541\Debug\main.o (Enc_Int_High_StartEx)
.\CortexM3\ARM_GCC_541\Debug\IMU.a(Enc_Int_Low.o)
                              .\CortexM3\ARM_GCC_541\Debug\main.o (Enc_Int_Low_StartEx)
.\CortexM3\ARM_GCC_541\Debug\IMU.a(I2C.o)
                              .\CortexM3\ARM_GCC_541\Debug\main.o (I2C_Enable)
.\CortexM3\ARM_GCC_541\Debug\IMU.a(I2C_INT.o)
                              .\CortexM3\ARM_GCC_541\Debug\IMU.a(I2C.o) (I2C_ISR)
.\CortexM3\ARM_GCC_541\Debug\IMU.a(I2C_PM.o)
                              .\CortexM3\ARM_GCC_541\Debug\IMU.a(I2C.o) (I2C_backup)
.\CortexM3\ARM_GCC_541\Debug\IMU.a(I2C_MASTER.o)
                              .\CortexM3\ARM_GCC_541\Debug\IMU.a(I2C.o) (I2C_mstrStatus)
.\CortexM3\ARM_GCC_541\Debug\IMU.a(EncTimer.o)
                              .\CortexM3\ARM_GCC_541\Debug\main.o (EncTimer_WriteCounter)
.\CortexM3\ARM_GCC_541\Debug\IMU.a(CyBootAsmGnu.o)
                              .\CortexM3\ARM_GCC_541\Debug\cyfitter_cfg.o (CyDelayCycles)
.\CortexM3\ARM_GCC_541\Debug\IMU.a(CyFlash.o)
                              .\CortexM3\ARM_GCC_541\Debug\IMU.a(cyPm.o) (CyFlash_SetWaitCycles)
.\CortexM3\ARM_GCC_541\Debug\IMU.a(CySpc.o)
                              .\CortexM3\ARM_GCC_541\Debug\IMU.a(CyFlash.o) (CySpcStart)
.\CortexM3\ARM_GCC_541\Debug\IMU.a(USBUART_cls.o)
                              .\CortexM3\ARM_GCC_541\Debug\IMU.a(USBUART_drv.o) (USBUART_DispatchClassRqst)
.\CortexM3\ARM_GCC_541\Debug\IMU.a(USBUART_descr.o)
                              .\CortexM3\ARM_GCC_541\Debug\IMU.a(USBUART_std.o) (USBUART_DEVICE0_DESCR)
c:/program files (x86)/cypress/psoc creator/4.2/psoc creator/import/gnu/arm/5.4.1/bin/../lib/gcc/arm-none-eabi/5.4.1/armv7-m\libgcc.a(_arm_addsubdf3.o)
                              .\CortexM3\ARM_GCC_541\Debug\main.o (__aeabi_i2d)
c:/program files (x86)/cypress/psoc creator/4.2/psoc creator/import/gnu/arm/5.4.1/bin/../lib/gcc/arm-none-eabi/5.4.1/armv7-m\libgcc.a(_arm_muldivdf3.o)
[...]
Memory Configuration

Name             Origin             Length             Attributes
rom              0x00000000         0x00040000         xr
ram              0x1fff8000         0x00010000         xrw
*default*        0x00000000         0xffffffff

Linker script and memory map

LOAD c:/program files (x86)/cypress/psoc creator/4.2/psoc creator/import/gnu/arm/5.4.1/bin/../lib/gcc/arm-none-eabi/5.4.1/armv7-m/crti.o
LOAD c:/program files (x86)/cypress/psoc creator/4.2/psoc creator/import/gnu/arm/5.4.1/bin/../lib/gcc/arm-none-eabi/5.4.1/armv7-m/crtbegin.o
LOAD c:/program files (x86)/cypress/psoc creator/4.2/psoc creator/import/gnu/arm/5.4.1/bin/../lib/gcc/arm-none-eabi/5.4.1/../../../../arm-none-eabi/lib/armv7-m/crt0.o
START GROUP
LOAD .\CortexM3\ARM_GCC_541\Debug\main.o
LOAD .\CortexM3\ARM_GCC_541\Debug\bno055.o
LOAD .\CortexM3\ARM_GCC_541\Debug\cyfitter_cfg.o
LOAD .\CortexM3\ARM_GCC_541\Debug\cymetadata.o
LOAD .\CortexM3\ARM_GCC_541\Debug\Cm3Start.o
LOAD .\CortexM3\ARM_GCC_541\Debug\IMU.a
LOAD C:\Program Files (x86)\Cypress\PSoC Creator\4.2\PSoC Creator\psoc\content\cycomponentlibrary\CyComponentLibrary.cylib\CortexM3\ARM_GCC_541\Debug\CyComponentLibrary.a
END GROUP
START GROUP
LOAD c:/program files (x86)/cypress/psoc creator/4.2/psoc creator/import/gnu/arm/5.4.1/bin/../lib/gcc/arm-none-eabi/5.4.1/armv7-m\libgcc.a
LOAD c:/program files (x86)/cypress/psoc creator/4.2/psoc creator/import/gnu/arm/5.4.1/bin/../lib/gcc/arm-none-eabi/5.4.1/../../../../arm-none-eabi/lib/armv7-m\libg_nano.a
LOAD c:/program files (x86)/cypress/psoc creator/4.2/psoc creator/import/gnu/arm/5.4.1/bin/../lib/gcc/arm-none-eabi/5.4.1/../../../../arm-none-eabi/lib/armv7-m\libc_nano.a
END GROUP
START GROUP
LOAD c:/program files (x86)/cypress/psoc creator/4.2/psoc creator/import/gnu/arm/5.4.1/bin/../lib/gcc/arm-none-eabi/5.4.1/armv7-m\libgcc.a
LOAD c:/program files (x86)/cypress/psoc creator/4.2/psoc creator/import/gnu/arm/5.4.1/bin/../lib/gcc/arm-none-eabi/5.4.1/../../../../arm-none-eabi/lib/armv7-m\libc_nano.a
END GROUP
LOAD c:/program files (x86)/cypress/psoc creator/4.2/psoc creator/import/gnu/arm/5.4.1/bin/../lib/gcc/arm-none-eabi/5.4.1/armv7-m/crtend.o
LOAD c:/program files (x86)/cypress/psoc creator/4.2/psoc creator/import/gnu/arm/5.4.1/bin/../lib/gcc/arm-none-eabi/5.4.1/armv7-m/crtn.o
START GROUP
LOAD c:/program files (x86)/cypress/psoc creator/4.2/psoc creator/import/gnu/arm/5.4.1/bin/../lib/gcc/arm-none-eabi/5.4.1/armv7-m\libgcc.a
LOAD c:/program files (x86)/cypress/psoc creator/4.2/psoc creator/import/gnu/arm/5.4.1/bin/../lib/gcc/arm-none-eabi/5.4.1/../../../../arm-none-eabi/lib/armv7-m\libc.a
LOAD c:/program files (x86)/cypress/psoc creator/4.2/psoc creator/import/gnu/arm/5.4.1/bin/../lib/gcc/arm-none-eabi/5.4.1/../../../../arm-none-eabi/lib/armv7-m\libnosys.a
END GROUP
                0x00000000                CY_APPL_ORIGIN = 0x0
                0x00000100                CY_FLASH_ROW_SIZE = 0x100
                0x00000020                CY_ECC_ROW_SIZE = 0x20
                0x00000000                CY_EE_IN_BTLDR = 0x0
                0x00000000                CY_APPL_LOADABLE = 0x0
                0x00000800                CY_EE_SIZE = 0x800
                0x00000001                CY_APPL_NUM = 0x1
                0x00000001                CY_APPL_MAX = 0x1
                0x00000040                CY_METADATA_SIZE = 0x40
                0x00000000                CY_APPL_LOADABLE = 0x0
                0x00000000                CY_CHECKSUM_EXCLUDE_SIZE = ALIGN (0x0, CY_FLASH_ROW_SIZE)
                [!provide]                PROVIDE (__cy_heap_start, _end)
                0x00000001                PROVIDE (__cy_region_num, ((__cy_regions_end - __cy_regions) / 0x10))
                0x20008000                PROVIDE (__cy_stack, (ORIGIN (ram) + LENGTH (ram)))
                [!provide]                PROVIDE (__cy_heap_end, (__cy_stack - 0x800))

.cybootloader   0x00000000        0x0
 *(.cybootloader)
                0x00000000                appl1_start = CY_APPL_ORIGIN?CY_APPL_ORIGIN:ALIGN (CY_FLASH_ROW_SIZE)
                0x0001ff00                appl2_start = (appl1_start + ALIGN ((((LENGTH (rom) - appl1_start) - (0x2 * CY_FLASH_ROW_SIZE)) / 0x2), CY_FLASH_ROW_SIZE))
                0x00000000                appl_start = (CY_APPL_NUM == 0x1)?appl1_start:appl2_start
                0x00000000                ecc_offset = ((appl_start / CY_FLASH_ROW_SIZE) * CY_ECC_ROW_SIZE)
                0x00000000                ee_offset = (CY_APPL_LOADABLE && ! (CY_EE_IN_BTLDR))?((CY_EE_SIZE / CY_APPL_MAX) * (CY_APPL_NUM - 0x1)):0x0
                0x00000800                ee_size = (CY_APPL_LOADABLE && ! (CY_EE_IN_BTLDR))?(CY_EE_SIZE / CY_APPL_MAX):CY_EE_SIZE
                [!provide]                PROVIDE (CY_ECC_OFFSET, ecc_offset)

.text           0x00000000     0x6c04
 CREATE_OBJECT_SYMBOLS
                0x00000000                PROVIDE (__cy_interrupt_vector, RomVectors)
 *(.romvectors)
 .romvectors    0x00000000       0x10 .\CortexM3\ARM_GCC_541\Debug\Cm3Start.o
                0x00000000                RomVectors
                0x00000001                ASSERT ((. != __cy_interrupt_vector), No interrupt vector)
                0x00000001                ASSERT (CY_APPL_ORIGIN?(SIZEOF (.cybootloader) <= CY_APPL_ORIGIN):0x1, Wrong image location)
                0x00000010                PROVIDE (__cy_reset, Reset)
 *(.text.Reset)
 .text.Reset    0x00000010       0x18 .\CortexM3\ARM_GCC_541\Debug\Cm3Start.o
                0x00000010                Reset
                0x00000001                ASSERT ((. != __cy_reset), No reset code)
 *(.dma_init)
                0x00000001                ASSERT ((((appl_start + .) <= 0x10000) || 0x1), DMA Init must be within the first 64k of flash)
 *(.text .text.* .gnu.linkonce.t.*)
 .text          0x00000028       0x5c c:/program files (x86)/cypress/psoc creator/4.2/psoc creator/import/gnu/arm/5.4.1/bin/../lib/gcc/arm-none-eabi/5.4.1/armv7-m/crtbegin.o
 .text.sample_isr
                0x00000084       0x18 .\CortexM3\ARM_GCC_541\Debug\main.o
                0x00000084                sample_isr
 .text.enc_high_isr
                0x0000009c       0x24 .\CortexM3\ARM_GCC_541\Debug\main.o
                0x0000009c                enc_high_isr
 .text.enc_low_isr
                0x000000c0       0x1c .\CortexM3\ARM_GCC_541\Debug\main.o
                0x000000c0                enc_low_isr
 .text.main     0x000000dc      0x134 .\CortexM3\ARM_GCC_541\Debug\main.o
                0x000000dc                main
 .text.bno_init
                0x00000210       0xc0 .\CortexM3\ARM_GCC_541\Debug\bno055.o
                0x00000210                bno_init
 .text.bno_write
                0x000002d0       0x44 .\CortexM3\ARM_GCC_541\Debug\bno055.o
                0x000002d0                bno_write
 .text.bno_read
                0x00000314       0x40 .\CortexM3\ARM_GCC_541\Debug\bno055.o
                0x00000314                bno_read
 .text.bno_update
                0x00000354       0xe0 .\CortexM3\ARM_GCC_541\Debug\bno055.o
                0x00000354                bno_update
 .text.CYMEMZERO
                0x00000434       0x1c .\CortexM3\ARM_GCC_541\Debug\cyfitter_cfg.o
 .text.CYCONFIGCPY
                0x00000450       0x20 .\CortexM3\ARM_GCC_541\Debug\cyfitter_cfg.o
 .text.CyClockStartupError
                0x00000470        0xc .\CortexM3\ARM_GCC_541\Debug\cyfitter_cfg.o
 .text.cfg_write_bytes32
                0x0000047c       0x74 .\CortexM3\ARM_GCC_541\Debug\cyfitter_cfg.o
 .text.ClockSetup
                0x000004f0      0x130 .\CortexM3\ARM_GCC_541\Debug\cyfitter_cfg.o
 .text.AnalogSetDefault
                0x00000620       0xa8 .\CortexM3\ARM_GCC_541\Debug\cyfitter_cfg.o
 .text.cyfitter_cfg
                0x000006c8      0x180 .\CortexM3\ARM_GCC_541\Debug\cyfitter_cfg.o
                0x000006c8                cyfitter_cfg
 .text.IntDefaultHandler
                0x00000848       0x14 .\CortexM3\ARM_GCC_541\Debug\Cm3Start.o
                0x00000848                IntDefaultHandler
 .text._sbrk    0x0000085c       0x54 .\CortexM3\ARM_GCC_541\Debug\Cm3Start.o
                0x0000085c                _sbrk
 .text.Start_c  0x000008b0       0x98 .\CortexM3\ARM_GCC_541\Debug\Cm3Start.o
                0x000008b0                Start_c
 .text.initialize_psoc
                0x00000948       0x94 .\CortexM3\ARM_GCC_541\Debug\Cm3Start.o
                0x00000948                initialize_psoc
 .text.Seat_ADC_Init
                0x000009dc       0x50 .\CortexM3\ARM_GCC_541\Debug\IMU.a(Seat_ADC.o)
                0x000009dc                Seat_ADC_Init
 .text.Seat_ADC_Enable
                0x00000a2c      0x130 .\CortexM3\ARM_GCC_541\Debug\IMU.a(Seat_ADC.o)
                0x00000a2c                Seat_ADC_Enable
 .text.Seat_ADC_Start
                0x00000b5c       0x30 .\CortexM3\ARM_GCC_541\Debug\IMU.a(Seat_ADC.o)
                0x00000b5c                Seat_ADC_Start
 .text.Seat_ADC_ISR
                0x00000b8c        0xc .\CortexM3\ARM_GCC_541\Debug\IMU.a(Seat_ADC_INT.o)
                0x00000b8c                Seat_ADC_ISR
 .text.Seat_ADC_SAR_Start
                0x00000b98       0x24 .\CortexM3\ARM_GCC_541\Debug\IMU.a(Seat_ADC_SAR.o)
                0x00000b98                Seat_ADC_SAR_Start
 .text.Seat_ADC_SAR_Init
                0x00000bbc       0x2c .\CortexM3\ARM_GCC_541\Debug\IMU.a(Seat_ADC_SAR.o)
                0x00000bbc                Seat_ADC_SAR_Init
 .text.Seat_ADC_SAR_Enable
                0x00000be8       0xc4 .\CortexM3\ARM_GCC_541\Debug\IMU.a(Seat_ADC_SAR.o)
                0x00000be8                Seat_ADC_SAR_Enable
 .text.Seat_ADC_SAR_SetResolution
                0x00000cac       0x54 .\CortexM3\ARM_GCC_541\Debug\IMU.a(Seat_ADC_SAR.o)
                0x00000cac                Seat_ADC_SAR_SetResolution
 .text.Seat_ADC_SAR_CalcGain
                0x00000d00       0x94 .\CortexM3\ARM_GCC_541\Debug\IMU.a(Seat_ADC_SAR.o)
 .text.Seat_ADC_TempBuf_DmaInitialize
                0x00000d94       0x64 .\CortexM3\ARM_GCC_541\Debug\IMU.a(Seat_ADC_TempBuf_dma.o)
                0x00000d94                Seat_ADC_TempBuf_DmaInitialize
 .text.Seat_ADC_FinalBuf_DmaInitialize
                0x00000df8       0x64 .\CortexM3\ARM_GCC_541\Debug\IMU.a(Seat_ADC_FinalBuf_dma.o)
                0x00000df8                Seat_ADC_FinalBuf_DmaInitialize
 .text.Seat_ADC_IRQ_SetVector
                0x00000e5c       0x24 .\CortexM3\ARM_GCC_541\Debug\IMU.a(Seat_ADC_IRQ.o)
                0x00000e5c                Seat_ADC_IRQ_SetVector
 .text.Seat_ADC_IRQ_SetPriority
                0x00000e80       0x24 .\CortexM3\ARM_GCC_541\Debug\IMU.a(Seat_ADC_IRQ.o)
                0x00000e80                Seat_ADC_IRQ_SetPriority
 .text.CyDmacConfigure
                0x00000ea4       0x5c .\CortexM3\ARM_GCC_541\Debug\IMU.a(CyDmac.o)
                0x00000ea4                CyDmacConfigure
 .text.CyDmaChEnable
                0x00000f00       0x8c .\CortexM3\ARM_GCC_541\Debug\IMU.a(CyDmac.o)
                0x00000f00                CyDmaChEnable
 .text.CyDmaClearPendingDrq
                0x00000f8c       0x60 .\CortexM3\ARM_GCC_541\Debug\IMU.a(CyDmac.o)
                0x00000f8c                CyDmaClearPendingDrq
 .text.CyDmaChPriority
                0x00000fec       0x64 .\CortexM3\ARM_GCC_541\Debug\IMU.a(CyDmac.o)
                0x00000fec                CyDmaChPriority
 .text.CyDmaChSetExtendedAddress
                0x00001050       0x78 .\CortexM3\ARM_GCC_541\Debug\IMU.a(CyDmac.o)
                0x00001050                CyDmaChSetExtendedAddress
 .text.CyDmaChSetInitialTd
                0x000010c8       0x3c .\CortexM3\ARM_GCC_541\Debug\IMU.a(CyDmac.o)
                0x000010c8                CyDmaChSetInitialTd
 .text.CyDmaChSetConfiguration
                0x00001104       0xa0 .\CortexM3\ARM_GCC_541\Debug\IMU.a(CyDmac.o)
                0x00001104                CyDmaChSetConfiguration
 .text.CyDmaTdAllocate
                0x000011a4       0x5c .\CortexM3\ARM_GCC_541\Debug\IMU.a(CyDmac.o)
                0x000011a4                CyDmaTdAllocate
 .text.CyDmaTdSetConfiguration
                0x00001200       0x80 .\CortexM3\ARM_GCC_541\Debug\IMU.a(CyDmac.o)
                0x00001200                CyDmaTdSetConfiguration
 .text.CyDmaTdSetAddress
                0x00001280       0x5c .\CortexM3\ARM_GCC_541\Debug\IMU.a(CyDmac.o)
                0x00001280                CyDmaTdSetAddress
 .text.CyHalt   0x000012dc       0x18 .\CortexM3\ARM_GCC_541\Debug\IMU.a(CyLib.o)
                0x000012dc                CyHalt
 .text.CyDelay  0x000012f4       0x44 .\CortexM3\ARM_GCC_541\Debug\IMU.a(CyLib.o)
                0x000012f4                CyDelay
 .text.CyDelayUs
                0x00001338       0x28 .\CortexM3\ARM_GCC_541\Debug\IMU.a(CyLib.o)
                0x00001338                CyDelayUs
 .text.CyIntSetVector
                0x00001360       0x50 .\CortexM3\ARM_GCC_541\Debug\IMU.a(CyLib.o)
                0x00001360                CyIntSetVector
 .text.CyIntSetPriority
                0x000013b0       0x48 .\CortexM3\ARM_GCC_541\Debug\IMU.a(CyLib.o)
                0x000013b0                CyIntSetPriority
 .text.CyGetUniqueId
                0x000013f8       0xc4 .\CortexM3\ARM_GCC_541\Debug\IMU.a(CyLib.o)
                0x000013f8                CyGetUniqueId
 .text.USBUART_Start
                0x000014bc       0x3c .\CortexM3\ARM_GCC_541\Debug\IMU.a(USBUART.o)
                0x000014bc                USBUART_Start
 .text.USBUART_Init
                0x000014f8      0x1a4 .\CortexM3\ARM_GCC_541\Debug\IMU.a(USBUART.o)
                0x000014f8                USBUART_Init
 .text.USBUART_InitComponent
                0x0000169c      0x100 .\CortexM3\ARM_GCC_541\Debug\IMU.a(USBUART.o)
                0x0000169c                USBUART_InitComponent
 .text.USBUART_ReInitComponent
                0x0000179c       0x68 .\CortexM3\ARM_GCC_541\Debug\IMU.a(USBUART.o)
                0x0000179c                USBUART_ReInitComponent
 .text.USBUART_LoadInEP
                0x00001804      0x108 .\CortexM3\ARM_GCC_541\Debug\IMU.a(USBUART.o)
                0x00001804                USBUART_LoadInEP
 .text.USBUART_EnableOutEP
                0x0000190c       0x5c .\CortexM3\ARM_GCC_541\Debug\IMU.a(USBUART.o)
                0x0000190c                USBUART_EnableOutEP
 .text.USBUART_DispatchCDCClassRqst
                0x00001968       0xe4 .\CortexM3\ARM_GCC_541\Debug\IMU.a(USBUART_cdc.o)
                0x00001968                USBUART_DispatchCDCClassRqst
 .text.USBUART_GetInterfaceComPort
                0x00001a4c       0x60 .\CortexM3\ARM_GCC_541\Debug\IMU.a(USBUART_cdc.o)
                0x00001a4c                USBUART_GetInterfaceComPort
 .text.USBUART_CDC_Init
                0x00001aac       0xa8 .\CortexM3\ARM_GCC_541\Debug\IMU.a(USBUART_cdc.o)
                0x00001aac                USBUART_CDC_Init
 .text.USBUART_StrLen
                0x00001b54       0x2c .\CortexM3\ARM_GCC_541\Debug\IMU.a(USBUART_cdc.o)
 .text.USBUART_PutString
                0x00001b80       0xdc .\CortexM3\ARM_GCC_541\Debug\IMU.a(USBUART_cdc.o)
                0x00001b80                USBUART_PutString
 .text.USBUART_Cdc_EpInit
                0x00001c5c       0x90 .\CortexM3\ARM_GCC_541\Debug\IMU.a(USBUART_cdc.o)
                0x00001c5c                USBUART_Cdc_EpInit
 .text.USBUART_EP_0_ISR
                0x00001cec       0xf8 .\CortexM3\ARM_GCC_541\Debug\IMU.a(USBUART_drv.o)
                0x00001cec                USBUART_EP_0_ISR
 .text.USBUART_HandleSetup
                0x00001de4       0x88 .\CortexM3\ARM_GCC_541\Debug\IMU.a(USBUART_drv.o)
                0x00001de4                USBUART_HandleSetup
 .text.USBUART_HandleIN
                0x00001e6c       0x4c .\CortexM3\ARM_GCC_541\Debug\IMU.a(USBUART_drv.o)
                0x00001e6c                USBUART_HandleIN
 .text.USBUART_HandleOUT
                0x00001eb8       0x58 .\CortexM3\ARM_GCC_541\Debug\IMU.a(USBUART_drv.o)
                0x00001eb8                USBUART_HandleOUT
 .text.USBUART_LoadEP0
                0x00001f10       0xd0 .\CortexM3\ARM_GCC_541\Debug\IMU.a(USBUART_drv.o)
                0x00001f10                USBUART_LoadEP0
 .text.USBUART_InitControlRead
                0x00001fe0       0x70 .\CortexM3\ARM_GCC_541\Debug\IMU.a(USBUART_drv.o)
                0x00001fe0                USBUART_InitControlRead
 .text.USBUART_InitZeroLengthControlTransfer
                0x00002050       0x40 .\CortexM3\ARM_GCC_541\Debug\IMU.a(USBUART_drv.o)
                0x00002050                USBUART_InitZeroLengthControlTransfer
 .text.USBUART_ControlReadDataStage
                0x00002090        0xc .\CortexM3\ARM_GCC_541\Debug\IMU.a(USBUART_drv.o)
                0x00002090                USBUART_ControlReadDataStage
 .text.USBUART_ControlReadStatusStage
                0x0000209c       0x40 .\CortexM3\ARM_GCC_541\Debug\IMU.a(USBUART_drv.o)
                0x0000209c                USBUART_ControlReadStatusStage
 .text.USBUART_InitControlWrite
                0x000020dc       0x64 .\CortexM3\ARM_GCC_541\Debug\IMU.a(USBUART_drv.o)
                0x000020dc                USBUART_InitControlWrite
 .text.USBUART_ControlWriteDataStage
                0x00002140       0xb4 .\CortexM3\ARM_GCC_541\Debug\IMU.a(USBUART_drv.o)
                0x00002140                USBUART_ControlWriteDataStage
 .text.USBUART_ControlWriteStatusStage
                0x000021f4       0x24 .\CortexM3\ARM_GCC_541\Debug\IMU.a(USBUART_drv.o)
                0x000021f4                USBUART_ControlWriteStatusStage
 .text.USBUART_InitNoDataControlTransfer
                0x00002218       0x38 .\CortexM3\ARM_GCC_541\Debug\IMU.a(USBUART_drv.o)
                0x00002218                USBUART_InitNoDataControlTransfer
 .text.USBUART_NoDataControlStatusStage
                0x00002250       0x4c .\CortexM3\ARM_GCC_541\Debug\IMU.a(USBUART_drv.o)
                0x00002250                USBUART_NoDataControlStatusStage
 .text.USBUART_UpdateStatusBlock
                0x0000229c       0x40 .\CortexM3\ARM_GCC_541\Debug\IMU.a(USBUART_drv.o)
                0x0000229c                USBUART_UpdateStatusBlock
 .text.USBUART_InitializeStatusBlock
                0x000022dc       0x34 .\CortexM3\ARM_GCC_541\Debug\IMU.a(USBUART_drv.o)
                0x000022dc                USBUART_InitializeStatusBlock
 .text.USBUART_EP_1_ISR
                0x00002310       0x48 .\CortexM3\ARM_GCC_541\Debug\IMU.a(USBUART_episr.o)
                0x00002310                USBUART_EP_1_ISR
 .text.USBUART_EP_2_ISR
                0x00002358       0x4c .\CortexM3\ARM_GCC_541\Debug\IMU.a(USBUART_episr.o)
                0x00002358                USBUART_EP_2_ISR
 .text.USBUART_EP_3_ISR
                0x000023a4       0x54 .\CortexM3\ARM_GCC_541\Debug\IMU.a(USBUART_episr.o)
                0x000023a4                USBUART_EP_3_ISR
 .text.USBUART_SOF_ISR
                0x000023f8        0xc .\CortexM3\ARM_GCC_541\Debug\IMU.a(USBUART_episr.o)
                0x000023f8                USBUART_SOF_ISR
 .text.USBUART_BUS_RESET_ISR
                0x00002404        0xc .\CortexM3\ARM_GCC_541\Debug\IMU.a(USBUART_episr.o)
                0x00002404                USBUART_BUS_RESET_ISR
 .text.USBUART_DP_ISR
                0x00002410        0xc .\CortexM3\ARM_GCC_541\Debug\IMU.a(USBUART_pm.o)
                0x00002410                USBUART_DP_ISR
 .text.USBUART_HandleStandardRqst
                0x0000241c      0x494 .\CortexM3\ARM_GCC_541\Debug\IMU.a(USBUART_std.o)
                0x0000241c                USBUART_HandleStandardRqst
 .text.USBUART_ReadDieID
                0x000028b0       0xd8 .\CortexM3\ARM_GCC_541\Debug\IMU.a(USBUART_std.o)
                0x000028b0                USBUART_ReadDieID
 .text.USBUART_ConfigReg
                0x00002988      0x138 .\CortexM3\ARM_GCC_541\Debug\IMU.a(USBUART_std.o)
                0x00002988                USBUART_ConfigReg
 .text.USBUART_Config
                0x00002ac0      0x3b4 .\CortexM3\ARM_GCC_541\Debug\IMU.a(USBUART_std.o)
                0x00002ac0                USBUART_Config
 .text.USBUART_ConfigAltChanged
                0x00002e74      0x25c .\CortexM3\ARM_GCC_541\Debug\IMU.a(USBUART_std.o)
                0x00002e74                USBUART_ConfigAltChanged
 .text.USBUART_GetConfigTablePtr
                0x000030d0       0x50 .\CortexM3\ARM_GCC_541\Debug\IMU.a(USBUART_std.o)
                0x000030d0                USBUART_GetConfigTablePtr
 .text.USBUART_GetDeviceTablePtr
                0x00003120       0x24 .\CortexM3\ARM_GCC_541\Debug\IMU.a(USBUART_std.o)
                0x00003120                USBUART_GetDeviceTablePtr
 .text.USBUART_GetInterfaceClassTablePtr
                0x00003144       0x4c .\CortexM3\ARM_GCC_541\Debug\IMU.a(USBUART_std.o)
                0x00003144                USBUART_GetInterfaceClassTablePtr
 .text.USBUART_SetEndpointHalt
                0x00003190       0xe8 .\CortexM3\ARM_GCC_541\Debug\IMU.a(USBUART_std.o)
                0x00003190                USBUART_SetEndpointHalt
 .text.USBUART_ClearEndpointHalt
                0x00003278      0x158 .\CortexM3\ARM_GCC_541\Debug\IMU.a(USBUART_std.o)
                0x00003278                USBUART_ClearEndpointHalt
 .text.USBUART_ValidateAlternateSetting
                0x000033d0       0x70 .\CortexM3\ARM_GCC_541\Debug\IMU.a(USBUART_std.o)
                0x000033d0                USBUART_ValidateAlternateSetting
 .text.USBUART_HandleVendorRqst
                0x00003440       0x34 .\CortexM3\ARM_GCC_541\Debug\IMU.a(USBUART_vnd.o)
                0x00003440                USBUART_HandleVendorRqst
 .text.USBUART_Dp_ClearInterrupt
                0x00003474       0x20 .\CortexM3\ARM_GCC_541\Debug\IMU.a(USBUART_Dp.o)
                0x00003474                USBUART_Dp_ClearInterrupt
 .text.LED_Write
                0x00003494       0x3c .\CortexM3\ARM_GCC_541\Debug\IMU.a(LED.o)
                0x00003494                LED_Write
 .text.LED_Read
                0x000034d0       0x20 .\CortexM3\ARM_GCC_541\Debug\IMU.a(LED.o)
                0x000034d0                LED_Read
 .text.Sample_Timer_Init
                0x000034f0       0x9c .\CortexM3\ARM_GCC_541\Debug\IMU.a(Sample_Timer.o)
                0x000034f0                Sample_Timer_Init
 .text.Sample_Timer_Enable
                0x0000358c       0x48 .\CortexM3\ARM_GCC_541\Debug\IMU.a(Sample_Timer.o)
                0x0000358c                Sample_Timer_Enable
 .text.Sample_Timer_Start
                0x000035d4       0x24 .\CortexM3\ARM_GCC_541\Debug\IMU.a(Sample_Timer.o)
                0x000035d4                Sample_Timer_Start
 .text.Sample_Timer_SetInterruptMode
                0x000035f8       0x20 .\CortexM3\ARM_GCC_541\Debug\IMU.a(Sample_Timer.o)
                0x000035f8                Sample_Timer_SetInterruptMode
 .text.Sample_Timer_ReadStatusRegister
                0x00003618       0x18 .\CortexM3\ARM_GCC_541\Debug\IMU.a(Sample_Timer.o)
                0x00003618                Sample_Timer_ReadStatusRegister
 .text.Sample_Timer_WritePeriod
                0x00003630       0x24 .\CortexM3\ARM_GCC_541\Debug\IMU.a(Sample_Timer.o)
                0x00003630                Sample_Timer_WritePeriod
 .text.Sample_Timer_WriteCounter
                0x00003654       0x20 .\CortexM3\ARM_GCC_541\Debug\IMU.a(Sample_Timer.o)
                0x00003654                Sample_Timer_WriteCounter
 .text.Sample_Interrupt_StartEx
                0x00003674       0x24 .\CortexM3\ARM_GCC_541\Debug\IMU.a(Sample_Interrupt.o)
                0x00003674                Sample_Interrupt_StartEx
 .text.Sample_Interrupt_SetVector
                0x00003698       0x24 .\CortexM3\ARM_GCC_541\Debug\IMU.a(Sample_Interrupt.o)
                0x00003698                Sample_Interrupt_SetVector
 .text.Sample_Interrupt_SetPriority
                0x000036bc       0x24 .\CortexM3\ARM_GCC_541\Debug\IMU.a(Sample_Interrupt.o)
                0x000036bc                Sample_Interrupt_SetPriority
 .text.Sample_Interrupt_Enable
                0x000036e0       0x18 .\CortexM3\ARM_GCC_541\Debug\IMU.a(Sample_Interrupt.o)
                0x000036e0                Sample_Interrupt_Enable
 .text.Sample_Interrupt_Disable
                0x000036f8       0x18 .\CortexM3\ARM_GCC_541\Debug\IMU.a(Sample_Interrupt.o)
                0x000036f8                Sample_Interrupt_Disable
 .text.Enc_Int_High_StartEx
                0x00003710       0x24 .\CortexM3\ARM_GCC_541\Debug\IMU.a(Enc_Int_High.o)
                0x00003710                Enc_Int_High_StartEx
 .text.Enc_Int_High_SetVector
                0x00003734       0x24 .\CortexM3\ARM_GCC_541\Debug\IMU.a(Enc_Int_High.o)
                0x00003734                Enc_Int_High_SetVector
 .text.Enc_Int_High_SetPriority
                0x00003758       0x24 .\CortexM3\ARM_GCC_541\Debug\IMU.a(Enc_Int_High.o)
                0x00003758                Enc_Int_High_SetPriority
 .text.Enc_Int_High_Enable
                0x0000377c       0x18 .\CortexM3\ARM_GCC_541\Debug\IMU.a(Enc_Int_High.o)
                0x0000377c                Enc_Int_High_Enable
 .text.Enc_Int_High_Disable
                0x00003794       0x18 .\CortexM3\ARM_GCC_541\Debug\IMU.a(Enc_Int_High.o)
                0x00003794                Enc_Int_High_Disable
 .text.Enc_Int_Low_StartEx
                0x000037ac       0x24 .\CortexM3\ARM_GCC_541\Debug\IMU.a(Enc_Int_Low.o)
                0x000037ac                Enc_Int_Low_StartEx
 .text.Enc_Int_Low_SetVector
                0x000037d0       0x24 .\CortexM3\ARM_GCC_541\Debug\IMU.a(Enc_Int_Low.o)
                0x000037d0                Enc_Int_Low_SetVector
 .text.Enc_Int_Low_SetPriority
                0x000037f4       0x24 .\CortexM3\ARM_GCC_541\Debug\IMU.a(Enc_Int_Low.o)
                0x000037f4                Enc_Int_Low_SetPriority
 .text.Enc_Int_Low_Enable
                0x00003818       0x18 .\CortexM3\ARM_GCC_541\Debug\IMU.a(Enc_Int_Low.o)
                0x00003818                Enc_Int_Low_Enable
 .text.Enc_Int_Low_Disable
                0x00003830       0x18 .\CortexM3\ARM_GCC_541\Debug\IMU.a(Enc_Int_Low.o)
                0x00003830                Enc_Int_Low_Disable
 .text.I2C_Init
                0x00003848       0x84 .\CortexM3\ARM_GCC_541\Debug\IMU.a(I2C.o)
                0x00003848                I2C_Init
 .text.I2C_Enable
                0x000038cc       0x48 .\CortexM3\ARM_GCC_541\Debug\IMU.a(I2C.o)
                0x000038cc                I2C_Enable
 .text.I2C_Start
                0x00003914       0x30 .\CortexM3\ARM_GCC_541\Debug\IMU.a(I2C.o)
                0x00003914                I2C_Start
 .text.I2C_ISR  0x00003944      0x3a8 .\CortexM3\ARM_GCC_541\Debug\IMU.a(I2C_INT.o)
                0x00003944                I2C_ISR
 .text.I2C_MasterSendStart
                0x00003cec       0xb8 .\CortexM3\ARM_GCC_541\Debug\IMU.a(I2C_MASTER.o)
                0x00003cec                I2C_MasterSendStart
 .text.I2C_MasterSendRestart
                0x00003da4       0xa4 .\CortexM3\ARM_GCC_541\Debug\IMU.a(I2C_MASTER.o)
                0x00003da4                I2C_MasterSendRestart
 .text.I2C_MasterSendStop
                0x00003e48       0x58 .\CortexM3\ARM_GCC_541\Debug\IMU.a(I2C_MASTER.o)
                0x00003e48                I2C_MasterSendStop
 .text.I2C_MasterWriteByte
                0x00003ea0       0x80 .\CortexM3\ARM_GCC_541\Debug\IMU.a(I2C_MASTER.o)
                0x00003ea0                I2C_MasterWriteByte
 .text.I2C_MasterReadByte
                0x00003f20       0x78 .\CortexM3\ARM_GCC_541\Debug\IMU.a(I2C_MASTER.o)
                0x00003f20                I2C_MasterReadByte
 .text.EncTimer_Init
                0x00003f98       0x4c .\CortexM3\ARM_GCC_541\Debug\IMU.a(EncTimer.o)
                0x00003f98                EncTimer_Init
 .text.EncTimer_Enable
                0x00003fe4       0x20 .\CortexM3\ARM_GCC_541\Debug\IMU.a(EncTimer.o)
                0x00003fe4                EncTimer_Enable
 .text.EncTimer_Start
                0x00004004       0x24 .\CortexM3\ARM_GCC_541\Debug\IMU.a(EncTimer.o)
                0x00004004                EncTimer_Start
 .text.EncTimer_SetInterruptMode
                0x00004028       0x20 .\CortexM3\ARM_GCC_541\Debug\IMU.a(EncTimer.o)
                0x00004028                EncTimer_SetInterruptMode
 .text.EncTimer_ReadStatusRegister
                0x00004048       0x18 .\CortexM3\ARM_GCC_541\Debug\IMU.a(EncTimer.o)
                0x00004048                EncTimer_ReadStatusRegister
 .text.EncTimer_WritePeriod
                0x00004060       0x20 .\CortexM3\ARM_GCC_541\Debug\IMU.a(EncTimer.o)
                0x00004060                EncTimer_WritePeriod
 .text.EncTimer_ReadCapture
                0x00004080       0x18 .\CortexM3\ARM_GCC_541\Debug\IMU.a(EncTimer.o)
                0x00004080                EncTimer_ReadCapture
 .text.EncTimer_WriteCounter
                0x00004098       0x20 .\CortexM3\ARM_GCC_541\Debug\IMU.a(EncTimer.o)
                0x00004098                EncTimer_WriteCounter
 .text.EncTimer_ReadCounter
                0x000040b8       0x20 .\CortexM3\ARM_GCC_541\Debug\IMU.a(EncTimer.o)
                0x000040b8                EncTimer_ReadCounter
 .text.EncTimer_ClearFIFO
                0x000040d8       0x1c .\CortexM3\ARM_GCC_541\Debug\IMU.a(EncTimer.o)
                0x000040d8                EncTimer_ClearFIFO
 *fill*         0x000040f4        0x4 
 .text          0x000040f8       0x20 .\CortexM3\ARM_GCC_541\Debug\IMU.a(CyBootAsmGnu.o)
                0x000040f8                CyDelayCycles
                0x00004108                CyEnterCriticalSection
                0x00004110                CyExitCriticalSection
 .text.USBUART_DispatchClassRqst
                0x00004118       0x84 .\CortexM3\ARM_GCC_541\Debug\IMU.a(USBUART_cls.o)
                0x00004118                USBUART_DispatchClassRqst
 .text          0x0000419c      0x370 c:/program files (x86)/cypress/psoc creator/4.2/psoc creator/import/gnu/arm/5.4.1/bin/../lib/gcc/arm-none-eabi/5.4.1/armv7-m\libgcc.a(_arm_addsubdf3.o)
                0x0000419c                __aeabi_drsub
                0x000041a4                __aeabi_dsub
                0x000041a4                __subdf3
                0x000041a8                __aeabi_dadd
                0x000041a8                __adddf3
                0x00004420                __floatunsidf
                0x00004420                __aeabi_ui2d
                0x00004440                __floatsidf
                0x00004440                __aeabi_i2d
                0x00004464                __aeabi_f2d
                0x00004464                __extendsfdf2
                0x000044a0                __floatundidf
                0x000044a0                __aeabi_ul2d
                0x000044b0                __floatdidf
                0x000044b0                __aeabi_l2d
 .text          0x0000450c      0x424 c:/program files (x86)/cypress/psoc creator/4.2/psoc creator/import/gnu/arm/5.4.1/bin/../lib/gcc/arm-none-eabi/5.4.1/armv7-m\libgcc.a(_arm_muldivdf3.o)
                0x0000450c                __aeabi_dmul
                0x0000450c                __muldf3
                0x00004760                __divdf3
                0x00004760                __aeabi_ddiv
 .text          0x00004930       0xa0 c:/program files (x86)/cypress/psoc creator/4.2/psoc creator/import/gnu/arm/5.4.1/bin/../lib/gcc/arm-none-eabi/5.4.1/armv7-m\libgcc.a(_arm_truncdfsf2.o)
                0x00004930                __truncdfsf2
                0x00004930                __aeabi_d2f
 .text.__errno  0x000049d0        0xc c:/program files (x86)/cypress/psoc creator/4.2/psoc creator/import/gnu/arm/5.4.1/bin/../lib/gcc/arm-none-eabi/5.4.1/../../../../arm-none-eabi/lib/armv7-m\libg_nano.a(lib_a-errno.o)
                0x000049d0                __errno
 .text.__libc_init_array
                0x000049dc       0x4c c:/program files (x86)/cypress/psoc creator/4.2/psoc creator/import/gnu/arm/5.4.1/bin/../lib/gcc/arm-none-eabi/5.4.1/../../../../arm-none-eabi/lib/armv7-m\libg_nano.a(lib_a-init.o)
                0x000049dc                __libc_init_array
 .text.memcpy   0x00004a28       0x16 c:/program files (x86)/cypress/psoc creator/4.2/psoc creator/import/gnu/arm/5.4.1/bin/../lib/gcc/arm-none-eabi/5.4.1/../../../../arm-none-eabi/lib/armv7-m\libg_nano.a(lib_a-memcpy-stub.o)
                0x00004a28                memcpy
 .text.memset   0x00004a3e       0x10 c:/program files (x86)/cypress/psoc creator/4.2/psoc creator/import/gnu/arm/5.4.1/bin/../lib/gcc/arm-none-eabi/5.4.1/../../../../arm-none-eabi/lib/armv7-m\libg_nano.a(lib_a-memset.o)
                0x00004a3e                memset
 .text.__cvt    0x00004a4e       0xc0 c:/program files (x86)/cypress/psoc creator/4.2/psoc creator/import/gnu/arm/5.4.1/bin/../lib/gcc/arm-none-eabi/5.4.1/../../../../arm-none-eabi/lib/armv7-m\libg_nano.a(lib_a-nano-vfprintf_float.o)
                0x00004a4e                __cvt
 .text.__exponent
                0x00004b0e       0x62 c:/program files (x86)/cypress/psoc creator/4.2/psoc creator/import/gnu/arm/5.4.1/bin/../lib/gcc/arm-none-eabi/5.4.1/../../../../arm-none-eabi/lib/armv7-m\libg_nano.a(lib_a-nano-vfprintf_float.o)
                0x00004b0e                __exponent
 .text._printf_float
                0x00004b70      0x488 c:/program files (x86)/cypress/psoc creator/4.2/psoc creator/import/gnu/arm/5.4.1/bin/../lib/gcc/arm-none-eabi/5.4.1/../../../../arm-none-eabi/lib/armv7-m\libg_nano.a(lib_a-nano-vfprintf_float.o)
                0x00004b70                _printf_float
 .text._printf_common
                0x00004ff8       0xec c:/program files (x86)/cypress/psoc creator/4.2/psoc creator/import/gnu/arm/5.4.1/bin/../lib/gcc/arm-none-eabi/5.4.1/../../../../arm-none-eabi/lib/armv7-m\libg_nano.a(lib_a-nano-vfprintf_i.o)
                0x00004ff8                _printf_common
 .text._printf_i
                0x000050e4      0x24c c:/program files (x86)/cypress/psoc creator/4.2/psoc creator/import/gnu/arm/5.4.1/bin/../lib/gcc/arm-none-eabi/5.4.1/../../../../arm-none-eabi/lib/armv7-m\libg_nano.a(lib_a-nano-vfprintf_i.o)
                0x000050e4                _printf_i
 .text.sprintf  0x00005330       0x48 c:/program files (x86)/cypress/psoc creator/4.2/psoc creator/import/gnu/arm/5.4.1/bin/../lib/gcc/arm-none-eabi/5.4.1/../../../../arm-none-eabi/lib/armv7-m\libg_nano.a(lib_a-sprintf.o)
                0x00005330                siprintf
                0x00005330                sprintf
 .text          0x00005378       0x10 c:/program files (x86)/cypress/psoc creator/4.2/psoc creator/import/gnu/arm/5.4.1/bin/../lib/gcc/arm-none-eabi/5.4.1/../../../../arm-none-eabi/lib/armv7-m\libg_nano.a(lib_a-strlen.o)
                0x00005378                strlen
 .text.quorem   0x00005388      0x116 c:/program files (x86)/cypress/psoc creator/4.2/psoc creator/import/gnu/arm/5.4.1/bin/../lib/gcc/arm-none-eabi/5.4.1/../../../../arm-none-eabi/lib/armv7-m\libg_nano.a(lib_a-dtoa.o)
 *fill*         0x0000549e        0x2 
 .text._dtoa_r  0x000054a0      0xb30 c:/program files (x86)/cypress/psoc creator/4.2/psoc creator/import/gnu/arm/5.4.1/bin/../lib/gcc/arm-none-eabi/5.4.1/../../../../arm-none-eabi/lib/armv7-m\libg_nano.a(lib_a-dtoa.o)
                0x000054a0                _dtoa_r
 .text._localeconv_r
                0x00005fd0        0x8 c:/program files (x86)/cypress/psoc creator/4.2/psoc creator/import/gnu/arm/5.4.1/bin/../lib/gcc/arm-none-eabi/5.4.1/../../../../arm-none-eabi/lib/armv7-m\libg_nano.a(lib_a-locale.o)
                0x00005fd0                _localeconv_r
 .text.malloc   0x00005fd8       0x10 c:/program files (x86)/cypress/psoc creator/4.2/psoc creator/import/gnu/arm/5.4.1/bin/../lib/gcc/arm-none-eabi/5.4.1/../../../../arm-none-eabi/lib/armv7-m\libg_nano.a(lib_a-malloc.o)
                0x00005fd8                malloc
 .text.memchr   0x00005fe8       0x1c c:/program files (x86)/cypress/psoc creator/4.2/psoc creator/import/gnu/arm/5.4.1/bin/../lib/gcc/arm-none-eabi/5.4.1/../../../../arm-none-eabi/lib/armv7-m\libg_nano.a(lib_a-memchr-stub.o)
                0x00005fe8                memchr
 .text._Balloc  0x00006004       0x6a c:/program files (x86)/cypress/psoc creator/4.2/psoc creator/import/gnu/arm/5.4.1/bin/../lib/gcc/arm-none-eabi/5.4.1/../../../../arm-none-eabi/lib/armv7-m\libg_nano.a(lib_a-mprec.o)
                0x00006004                _Balloc
 .text._Bfree   0x0000606e       0x2e c:/program files (x86)/cypress/psoc creator/4.2/psoc creator/import/gnu/arm/5.4.1/bin/../lib/gcc/arm-none-eabi/5.4.1/../../../../arm-none-eabi/lib/armv7-m\libg_nano.a(lib_a-mprec.o)
                0x0000606e                _Bfree
 .text.__multadd
                0x0000609c       0x76 c:/program files (x86)/cypress/psoc creator/4.2/psoc creator/import/gnu/arm/5.4.1/bin/../lib/gcc/arm-none-eabi/5.4.1/../../../../arm-none-eabi/lib/armv7-m\libg_nano.a(lib_a-mprec.o)
                0x0000609c                __multadd
 .text.__hi0bits
                0x00006112       0x40 c:/program files (x86)/cypress/psoc creator/4.2/psoc creator/import/gnu/arm/5.4.1/bin/../lib/gcc/arm-none-eabi/5.4.1/../../../../arm-none-eabi/lib/armv7-m\libg_nano.a(lib_a-mprec.o)
                0x00006112                __hi0bits
 .text.__lo0bits
                0x00006152       0x5a c:/program files (x86)/cypress/psoc creator/4.2/psoc creator/import/gnu/arm/5.4.1/bin/../lib/gcc/arm-none-eabi/5.4.1/../../../../arm-none-eabi/lib/armv7-m\libg_nano.a(lib_a-mprec.o)
                0x00006152                __lo0bits
 .text.__i2b    0x000061ac       0x12 c:/program files (x86)/cypress/psoc creator/4.2/psoc creator/import/gnu/arm/5.4.1/bin/../lib/gcc/arm-none-eabi/5.4.1/../../../../arm-none-eabi/lib/armv7-m\libg_nano.a(lib_a-mprec.o)
                0x000061ac                __i2b
 .text.__multiply
                0x000061be      0x120 c:/program files (x86)/cypress/psoc creator/4.2/psoc creator/import/gnu/arm/5.4.1/bin/../lib/gcc/arm-none-eabi/5.4.1/../../../../arm-none-eabi/lib/armv7-m\libg_nano.a(lib_a-mprec.o)
                0x000061be                __multiply
 *fill*         0x000062de        0x2 
 .text.__pow5mult
                0x000062e0       0x9c c:/program files (x86)/cypress/psoc creator/4.2/psoc creator/import/gnu/arm/5.4.1/bin/../lib/gcc/arm-none-eabi/5.4.1/../../../../arm-none-eabi/lib/armv7-m\libg_nano.a(lib_a-mprec.o)
                0x000062e0                __pow5mult
 .text.__lshift
                0x0000637c       0xa2 c:/program files (x86)/cypress/psoc creator/4.2/psoc creator/import/gnu/arm/5.4.1/bin/../lib/gcc/arm-none-eabi/5.4.1/../../../../arm-none-eabi/lib/armv7-m\libg_nano.a(lib_a-mprec.o)
                0x0000637c                __lshift
 .text.__mcmp   0x0000641e       0x38 c:/program files (x86)/cypress/psoc creator/4.2/psoc creator/import/gnu/arm/5.4.1/bin/../lib/gcc/arm-none-eabi/5.4.1/../../../../arm-none-eabi/lib/armv7-m\libg_nano.a(lib_a-mprec.o)
                0x0000641e                __mcmp
 .text.__mdiff  0x00006456       0xbe c:/program files (x86)/cypress/psoc creator/4.2/psoc creator/import/gnu/arm/5.4.1/bin/../lib/gcc/arm-none-eabi/5.4.1/../../../../arm-none-eabi/lib/armv7-m\libg_nano.a(lib_a-mprec.o)
                0x00006456                __mdiff
 .text.__d2b    0x00006514       0x9c c:/program files (x86)/cypress/psoc creator/4.2/psoc creator/import/gnu/arm/5.4.1/bin/../lib/gcc/arm-none-eabi/5.4.1/../../../../arm-none-eabi/lib/armv7-m\libg_nano.a(lib_a-mprec.o)
                0x00006514                __d2b
 .text._calloc_r
                0x000065b0       0x1c c:/program files (x86)/cypress/psoc creator/4.2/psoc creator/import/gnu/arm/5.4.1/bin/../lib/gcc/arm-none-eabi/5.4.1/../../../../arm-none-eabi/lib/armv7-m\libg_nano.a(lib_a-nano-callocr.o)
                0x000065b0                _calloc_r
 .text._free_r  0x000065cc       0x98 c:/program files (x86)/cypress/psoc creator/4.2/psoc creator/import/gnu/arm/5.4.1/bin/../lib/gcc/arm-none-eabi/5.4.1/../../../../arm-none-eabi/lib/armv7-m\libg_nano.a(lib_a-nano-freer.o)
                0x000065cc                _free_r
 .text._malloc_r
                0x00006664       0xbc c:/program files (x86)/cypress/psoc creator/4.2/psoc creator/import/gnu/arm/5.4.1/bin/../lib/gcc/arm-none-eabi/5.4.1/../../../../arm-none-eabi/lib/armv7-m\libg_nano.a(lib_a-nano-mallocr.o)
                0x00006664                _malloc_r
 .text.__ssputs_r
                0x00006720       0xb2 c:/program files (x86)/cypress/psoc creator/4.2/psoc creator/import/gnu/arm/5.4.1/bin/../lib/gcc/arm-none-eabi/5.4.1/../../../../arm-none-eabi/lib/armv7-m\libg_nano.a(lib_a-nano-svfprintf.o)
                0x00006720                __ssputs_r
 *fill*         0x000067d2        0x2 
 .text._svfprintf_r
                0x000067d4      0x1e8 c:/program files (x86)/cypress/psoc creator/4.2/psoc creator/import/gnu/arm/5.4.1/bin/../lib/gcc/arm-none-eabi/5.4.1/../../../../arm-none-eabi/lib/armv7-m\libg_nano.a(lib_a-nano-svfprintf.o)
                0x000067d4                _svfiprintf_r
                0x000067d4                _svfprintf_r
 .text._sbrk_r  0x000069bc       0x20 c:/program files (x86)/cypress/psoc creator/4.2/psoc creator/import/gnu/arm/5.4.1/bin/../lib/gcc/arm-none-eabi/5.4.1/../../../../arm-none-eabi/lib/armv7-m\libg_nano.a(lib_a-sbrkr.o)
                0x000069bc                _sbrk_r
 .text.memmove  0x000069dc       0x36 c:/program files (x86)/cypress/psoc creator/4.2/psoc creator/import/gnu/arm/5.4.1/bin/../lib/gcc/arm-none-eabi/5.4.1/../../../../arm-none-eabi/lib/armv7-m\libg_nano.a(lib_a-memmove.o)
                0x000069dc                memmove
 .text.__malloc_lock
                0x00006a12        0x2 c:/program files (x86)/cypress/psoc creator/4.2/psoc creator/import/gnu/arm/5.4.1/bin/../lib/gcc/arm-none-eabi/5.4.1/../../../../arm-none-eabi/lib/armv7-m\libg_nano.a(lib_a-mlock.o)
                0x00006a12                __malloc_lock
 .text.__malloc_unlock
                0x00006a14        0x2 c:/program files (x86)/cypress/psoc creator/4.2/psoc creator/import/gnu/arm/5.4.1/bin/../lib/gcc/arm-none-eabi/5.4.1/../../../../arm-none-eabi/lib/armv7-m\libg_nano.a(lib_a-mlock.o)
                0x00006a14                __malloc_unlock
 .text._realloc_r
                0x00006a16       0x4c c:/program files (x86)/cypress/psoc creator/4.2/psoc creator/import/gnu/arm/5.4.1/bin/../lib/gcc/arm-none-eabi/5.4.1/../../../../arm-none-eabi/lib/armv7-m\libg_nano.a(lib_a-nano-reallocr.o)
                0x00006a16                _realloc_r
 .text._malloc_usable_size_r
                0x00006a62       0x14 c:/program files (x86)/cypress/psoc creator/4.2/psoc creator/import/gnu/arm/5.4.1/bin/../lib/gcc/arm-none-eabi/5.4.1/../../../../arm-none-eabi/lib/armv7-m\libg_nano.a(lib_a-nano-msizer.o)
                0x00006a62                _malloc_usable_size_r
 *fill*         0x00006a76        0x2 
 .text          0x00006a78      0x110 c:/program files (x86)/cypress/psoc creator/4.2/psoc creator/import/gnu/arm/5.4.1/bin/../lib/gcc/arm-none-eabi/5.4.1/armv7-m\libgcc.a(_arm_cmpdf2.o)
                0x00006a78                __gtdf2
                0x00006a78                __gedf2
                0x00006a80                __ltdf2
                0x00006a80                __ledf2
                0x00006a88                __nedf2
                0x00006a88                __eqdf2
                0x00006a88                __cmpdf2
                0x00006b04                __aeabi_cdrcmple
                0x00006b14                __aeabi_cdcmpeq
                0x00006b14                __aeabi_cdcmple
                0x00006b24                __aeabi_dcmpeq
                0x00006b38                __aeabi_dcmplt
                0x00006b4c                __aeabi_dcmple
                0x00006b60                __aeabi_dcmpge
                0x00006b74                __aeabi_dcmpgt
 .text          0x00006b88       0x2c c:/program files (x86)/cypress/psoc creator/4.2/psoc creator/import/gnu/arm/5.4.1/bin/../lib/gcc/arm-none-eabi/5.4.1/armv7-m\libgcc.a(_arm_unorddf2.o)
                0x00006b88                __unorddf2
                0x00006b88                __aeabi_dcmpun
 .text          0x00006bb4       0x50 c:/program files (x86)/cypress/psoc creator/4.2/psoc creator/import/gnu/arm/5.4.1/bin/../lib/gcc/arm-none-eabi/5.4.1/armv7-m\libgcc.a(_arm_fixdfsi.o)
                0x00006bb4                __aeabi_d2iz
                0x00006bb4                __fixdfsi
 *(.plt)
 *(.gnu.warning)
 *(.glue_7t)
 .glue_7t       0x00006c04        0x0 linker stubs
 *(.glue_7)
 .glue_7        0x00006c04        0x0 linker stubs
 *(.vfp11_veneer)
 .vfp11_veneer  0x00006c04        0x0 linker stubs
 *(.bootloader)
 *(.ARM.extab* .gnu.linkonce.armextab.*)
 *(.gcc_except_table)

.v4_bx          0x00006c04        0x0
 .v4_bx         0x00006c04        0x0 linker stubs

.iplt           0x00006c04        0x0
 .iplt          0x00006c04        0x0 c:/program files (x86)/cypress/psoc creator/4.2/psoc creator/import/gnu/arm/5.4.1/bin/../lib/gcc/arm-none-eabi/5.4.1/armv7-m/crtbegin.o

.eh_frame_hdr
 *(.eh_frame_hdr)

.eh_frame       0x00006c04        0x4
 *(.eh_frame)
 .eh_frame      0x00006c04        0x0 c:/program files (x86)/cypress/psoc creator/4.2/psoc creator/import/gnu/arm/5.4.1/bin/../lib/gcc/arm-none-eabi/5.4.1/armv7-m/crtbegin.o
 .eh_frame      0x00006c04        0x4 c:/program files (x86)/cypress/psoc creator/4.2/psoc creator/import/gnu/arm/5.4.1/bin/../lib/gcc/arm-none-eabi/5.4.1/armv7-m/crtend.o
                [!provide]                PROVIDE (__exidx_start, .)

.ARM.exidx
 *(.ARM.exidx* .gnu.linkonce.armexidx.*)
                0x00006c08                __exidx_end = .

.rodata         0x00006c08      0x370
 *(.rodata .rodata.* .gnu.linkonce.r.*)
 .rodata        0x00006c08       0x31 .\CortexM3\ARM_GCC_541\Debug\main.o
 *fill*         0x00006c39        0x3 
 .rodata        0x00006c3c       0x30 .\CortexM3\ARM_GCC_541\Debug\cyfitter_cfg.o
 .rodata        0x00006c6c       0x11 .\CortexM3\ARM_GCC_541\Debug\IMU.a(USBUART_std.o)
 *fill*         0x00006c7d        0x3 
 .rodata        0x00006c80      0x160 .\CortexM3\ARM_GCC_541\Debug\IMU.a(USBUART_descr.o)
                0x00006c80                USBUART_DEVICE0_DESCR
                0x00006c94                USBUART_DEVICE0_CONFIGURATION0_DESCR
                0x00006cd8                USBUART_STRING_DESCRIPTORS
                0x00006d78                USBUART_SN_STRING_DESCRIPTOR
                0x00006d7c                USBUART_DEVICE0_CONFIGURATION0_EP_SETTINGS_TABLE
                0x00006d94                USBUART_DEVICE0_CONFIGURATION0_INTERFACE_CLASS
                0x00006d98                USBUART_DEVICE0_CONFIGURATION0_TABLE
                0x00006dc0                USBUART_DEVICE0_TABLE
                0x00006dd8                USBUART_TABLE
 .rodata.str1.1
                0x00006de0        0x2 c:/program files (x86)/cypress/psoc creator/4.2/psoc creator/import/gnu/arm/5.4.1/bin/../lib/gcc/arm-none-eabi/5.4.1/../../../../arm-none-eabi/lib/armv7-m\libg_nano.a(lib_a-impure.o)
 .rodata.str1.1
                0x00006de2       0x12 c:/program files (x86)/cypress/psoc creator/4.2/psoc creator/import/gnu/arm/5.4.1/bin/../lib/gcc/arm-none-eabi/5.4.1/../../../../arm-none-eabi/lib/armv7-m\libg_nano.a(lib_a-nano-vfprintf_float.o)
 .rodata.str1.1
                0x00006df4       0x22 c:/program files (x86)/cypress/psoc creator/4.2/psoc creator/import/gnu/arm/5.4.1/bin/../lib/gcc/arm-none-eabi/5.4.1/../../../../arm-none-eabi/lib/armv7-m\libg_nano.a(lib_a-nano-vfprintf_i.o)
 .rodata.str1.1
                0x00006e16        0xd c:/program files (x86)/cypress/psoc creator/4.2/psoc creator/import/gnu/arm/5.4.1/bin/../lib/gcc/arm-none-eabi/5.4.1/../../../../arm-none-eabi/lib/armv7-m\libg_nano.a(lib_a-dtoa.o)
                                  0xf (size before relaxing)
 .rodata.str1.1
                0x00006e23        0x8 c:/program files (x86)/cypress/psoc creator/4.2/psoc creator/import/gnu/arm/5.4.1/bin/../lib/gcc/arm-none-eabi/5.4.1/../../../../arm-none-eabi/lib/armv7-m\libg_nano.a(lib_a-locale.o)
                                  0xb (size before relaxing)
 *fill*         0x00006e2b        0x5 
 .rodata.__mprec_tens
                0x00006e30       0xc8 c:/program files (x86)/cypress/psoc creator/4.2/psoc creator/import/gnu/arm/5.4.1/bin/../lib/gcc/arm-none-eabi/5.4.1/../../../../arm-none-eabi/lib/armv7-m\libg_nano.a(lib_a-mprec.o)
                0x00006e30                __mprec_tens
 .rodata.p05.5408
                0x00006ef8        0xc c:/program files (x86)/cypress/psoc creator/4.2/psoc creator/import/gnu/arm/5.4.1/bin/../lib/gcc/arm-none-eabi/5.4.1/../../../../arm-none-eabi/lib/armv7-m\libg_nano.a(lib_a-mprec.o)
 *fill*         0x00006f04        0x4 
 .rodata.__mprec_bigtens
                0x00006f08       0x28 c:/program files (x86)/cypress/psoc creator/4.2/psoc creator/import/gnu/arm/5.4.1/bin/../lib/gcc/arm-none-eabi/5.4.1/../../../../arm-none-eabi/lib/armv7-m\libg_nano.a(lib_a-mprec.o)
                0x00006f08                __mprec_bigtens
 .rodata.str1.1
                0x00006f30       0x11 c:/program files (x86)/cypress/psoc creator/4.2/psoc creator/import/gnu/arm/5.4.1/bin/../lib/gcc/arm-none-eabi/5.4.1/../../../../arm-none-eabi/lib/armv7-m\libg_nano.a(lib_a-nano-svfprintf.o)
                0x00006f44                . = ALIGN (0x4)
 *fill*         0x00006f41        0x3 
 *(.init)
 .init          0x00006f44        0x4 c:/program files (x86)/cypress/psoc creator/4.2/psoc creator/import/gnu/arm/5.4.1/bin/../lib/gcc/arm-none-eabi/5.4.1/armv7-m/crti.o
                0x00006f44                _init
 .init          0x00006f48        0x8 c:/program files (x86)/cypress/psoc creator/4.2/psoc creator/import/gnu/arm/5.4.1/bin/../lib/gcc/arm-none-eabi/5.4.1/armv7-m/crtn.o
                0x00006f50                . = ALIGN (0x4)
                0x00006f50                __preinit_array_start = .
 *(.preinit_array)
                0x00006f50                __preinit_array_end = .
                0x00006f50                . = ALIGN (0x4)
                0x00006f50                __init_array_start = .
 *(SORT(.init_array.*))
 *(.init_array)
 .init_array    0x00006f50        0x4 c:/program files (x86)/cypress/psoc creator/4.2/psoc creator/import/gnu/arm/5.4.1/bin/../lib/gcc/arm-none-eabi/5.4.1/armv7-m/crtbegin.o
 .init_array    0x00006f54        0x4 .\CortexM3\ARM_GCC_541\Debug\Cm3Start.o
                0x00006f58                __init_array_end = .
                0x00006f58                . = ALIGN (0x4)
 *(.fini)
 .fini          0x00006f58        0x4 c:/program files (x86)/cypress/psoc creator/4.2/psoc creator/import/gnu/arm/5.4.1/bin/../lib/gcc/arm-none-eabi/5.4.1/armv7-m/crti.o
                0x00006f58                _fini
 .fini          0x00006f5c        0x8 c:/program files (x86)/cypress/psoc creator/4.2/psoc creator/import/gnu/arm/5.4.1/bin/../lib/gcc/arm-none-eabi/5.4.1/armv7-m/crtn.o
                0x00006f64                . = ALIGN (0x4)
                0x00006f64                __fini_array_start = .
 *(.fini_array)
 .fini_array    0x00006f64        0x4 c:/program files (x86)/cypress/psoc creator/4.2/psoc creator/import/gnu/arm/5.4.1/bin/../lib/gcc/arm-none-eabi/5.4.1/armv7-m/crtbegin.o
 *(SORT(.fini_array.*))
                0x00006f68                __fini_array_end = .
                0x00006f68                . = ALIGN (0x4)
 *crtbegin.o(.ctors)
 *(EXCLUDE_FILE(*crtend.o) .ctors)
 *(SORT(.ctors.*))
 *crtend.o(.ctors)
                0x00006f68                . = ALIGN (0x4)
 *crtbegin.o(.dtors)
 *(EXCLUDE_FILE(*crtend.o) .dtors)
 *(SORT(.dtors.*))
 *crtend.o(.dtors)
                0x00006f68                . = ALIGN (0x4)
                0x00006f68                __cy_regions = .
                0x00006f68        0x4 LONG 0x6f78 __cy_region_init_ram
                0x00006f6c        0x4 LONG 0x1fff80c8 __cy_region_start_data
                0x00006f70        0x4 LONG 0xe0 __cy_region_init_size_ram
                0x00006f74        0x4 LONG 0x148 __cy_region_zero_size_ram
                0x00006f78                __cy_regions_end = .
                0x00006f78                . = ALIGN (0x8)
                0x00006f78                _etext = .

.cy_checksum_exclude
                0x00006f78        0x0
 *(.cy_checksum_exclude)

.ramvectors     0x1fff8000       0xc0
                0x1fff8000                __cy_region_start_ram = .
 *(.ramvectors)
 .ramvectors    0x1fff8000       0xc0 .\CortexM3\ARM_GCC_541\Debug\Cm3Start.o
                0x1fff8000                CyRamVectors

.noinit         0x1fff80c0        0x5
 *(.noinit)
 .noinit        0x1fff80c0        0x4 .\CortexM3\ARM_GCC_541\Debug\Cm3Start.o
 .noinit        0x1fff80c4        0x1 .\CortexM3\ARM_GCC_541\Debug\IMU.a(CyLib.o)
                0x1fff80c4                CyResetStatus

.data           0x1fff80c8       0xe0 load address 0x00006f78
                0x1fff80c8                __cy_region_start_data = .
 *(.jcr)
 .jcr           0x1fff80c8        0x0 c:/program files (x86)/cypress/psoc creator/4.2/psoc creator/import/gnu/arm/5.4.1/bin/../lib/gcc/arm-none-eabi/5.4.1/armv7-m/crtbegin.o
 .jcr           0x1fff80c8        0x4 c:/program files (x86)/cypress/psoc creator/4.2/psoc creator/import/gnu/arm/5.4.1/bin/../lib/gcc/arm-none-eabi/5.4.1/armv7-m/crtend.o
 *(.got.plt)
 *(.got)
 *(.shdata)
 *(.data .data.* .gnu.linkonce.d.*)
 .data          0x1fff80cc        0x4 .\CortexM3\ARM_GCC_541\Debug\main.o
                0x1fff80cc                high_ctr
                0x1fff80ce                low_ctr
 .data          0x1fff80d0        0x4 .\CortexM3\ARM_GCC_541\Debug\Cm3Start.o
 .data          0x1fff80d4        0x2 .\CortexM3\ARM_GCC_541\Debug\IMU.a(Seat_ADC.o)
 .data          0x1fff80d6        0x1 .\CortexM3\ARM_GCC_541\Debug\IMU.a(Seat_ADC_TempBuf_dma.o)
                0x1fff80d6                Seat_ADC_TempBuf_DmaHandle
 .data          0x1fff80d7        0x1 .\CortexM3\ARM_GCC_541\Debug\IMU.a(Seat_ADC_FinalBuf_dma.o)
                0x1fff80d7                Seat_ADC_FinalBuf_DmaHandle
 .data          0x1fff80d8        0x8 .\CortexM3\ARM_GCC_541\Debug\IMU.a(CyDmac.o)
 .data          0x1fff80e0       0x10 .\CortexM3\ARM_GCC_541\Debug\IMU.a(CyLib.o)
                0x1fff80e0                cydelay_freq_hz
                0x1fff80e4                cydelay_freq_khz
                0x1fff80e8                cydelay_freq_mhz
                0x1fff80ec                cydelay_32k_ms
 .data          0x1fff80f0       0x1a .\CortexM3\ARM_GCC_541\Debug\IMU.a(USBUART_cdc.o)
                0x1fff80f0                USBUART_linesCoding
 *fill*         0x1fff810a        0x2 
 .data.impure_data
                0x1fff810c       0x60 c:/program files (x86)/cypress/psoc creator/4.2/psoc creator/import/gnu/arm/5.4.1/bin/../lib/gcc/arm-none-eabi/5.4.1/../../../../arm-none-eabi/lib/armv7-m\libg_nano.a(lib_a-impure.o)
 .data._impure_ptr
                0x1fff816c        0x4 c:/program files (x86)/cypress/psoc creator/4.2/psoc creator/import/gnu/arm/5.4.1/bin/../lib/gcc/arm-none-eabi/5.4.1/../../../../arm-none-eabi/lib/armv7-m\libg_nano.a(lib_a-impure.o)
                0x1fff816c                _impure_ptr
 .data.lconv    0x1fff8170       0x38 c:/program files (x86)/cypress/psoc creator/4.2/psoc creator/import/gnu/arm/5.4.1/bin/../lib/gcc/arm-none-eabi/5.4.1/../../../../arm-none-eabi/lib/armv7-m\libg_nano.a(lib_a-locale.o)
                0x1fff81a8                . = ALIGN (0x8)
 *(.ram)
                0x1fff81a8                _edata = .

.igot.plt       0x1fff81a8        0x0 load address 0x00007058
 .igot.plt      0x1fff81a8        0x0 c:/program files (x86)/cypress/psoc creator/4.2/psoc creator/import/gnu/arm/5.4.1/bin/../lib/gcc/arm-none-eabi/5.4.1/armv7-m/crtbegin.o

.bss            0x1fff81a8      0x148 load address 0x00007058
                0x1fff81a8                PROVIDE (__bss_start__, .)
 *(.shbss)
 *(.bss .bss.* .gnu.linkonce.b.*)
 .bss           0x1fff81a8       0x1c c:/program files (x86)/cypress/psoc creator/4.2/psoc creator/import/gnu/arm/5.4.1/bin/../lib/gcc/arm-none-eabi/5.4.1/armv7-m/crtbegin.o
 .bss           0x1fff81c4        0x4 .\CortexM3\ARM_GCC_541\Debug\main.o
                0x1fff81c4                take_sample
 .bss           0x1fff81c8        0xe .\CortexM3\ARM_GCC_541\Debug\IMU.a(Seat_ADC.o)
                0x1fff81c8                Seat_ADC_initVar
 .bss           0x1fff81d6        0x1 .\CortexM3\ARM_GCC_541\Debug\IMU.a(Seat_ADC_SAR.o)
                0x1fff81d6                Seat_ADC_SAR_initVar
 .bss           0x1fff81d7        0x1 .\CortexM3\ARM_GCC_541\Debug\IMU.a(USBUART.o)
                0x1fff81d7                USBUART_initVar
 .bss           0x1fff81d8        0x1 .\CortexM3\ARM_GCC_541\Debug\IMU.a(USBUART_cdc.o)
 *fill*         0x1fff81d9        0x3 
 .bss           0x1fff81dc        0x2 .\CortexM3\ARM_GCC_541\Debug\IMU.a(USBUART_std.o)
 .bss           0x1fff81de        0x1 .\CortexM3\ARM_GCC_541\Debug\IMU.a(Sample_Timer.o)
                0x1fff81de                Sample_Timer_initVar
 .bss           0x1fff81df        0x1 .\CortexM3\ARM_GCC_541\Debug\IMU.a(I2C.o)
                0x1fff81df                I2C_initVar
 .bss           0x1fff81e0        0x1 .\CortexM3\ARM_GCC_541\Debug\IMU.a(EncTimer.o)
                0x1fff81e0                EncTimer_initVar
 *fill*         0x1fff81e1        0x3 
 .bss.__malloc_sbrk_start
                0x1fff81e4        0x4 c:/program files (x86)/cypress/psoc creator/4.2/psoc creator/import/gnu/arm/5.4.1/bin/../lib/gcc/arm-none-eabi/5.4.1/../../../../arm-none-eabi/lib/armv7-m\libg_nano.a(lib_a-nano-mallocr.o)
                0x1fff81e4                __malloc_sbrk_start
 .bss.__malloc_free_list
                0x1fff81e8        0x4 c:/program files (x86)/cypress/psoc creator/4.2/psoc creator/import/gnu/arm/5.4.1/bin/../lib/gcc/arm-none-eabi/5.4.1/../../../../arm-none-eabi/lib/armv7-m\libg_nano.a(lib_a-nano-mallocr.o)
                0x1fff81e8                __malloc_free_list
 *(COMMON)
 COMMON         0x1fff81ec        0x6 .\CortexM3\ARM_GCC_541\Debug\IMU.a(Seat_ADC.o)
                0x1fff81ec                Seat_ADC_finalArray
 *fill*         0x1fff81f2        0x2 
 COMMON         0x1fff81f4        0xa .\CortexM3\ARM_GCC_541\Debug\IMU.a(Seat_ADC_SAR.o)
                0x1fff81f4                Seat_ADC_SAR_countsPer10Volt
                0x1fff81f8                Seat_ADC_SAR_offset
                0x1fff81fa                Seat_ADC_SAR_countsPerVolt
                0x1fff81fc                Seat_ADC_SAR_shift
 *fill*         0x1fff81fe        0x2 
 COMMON         0x1fff8200       0x18 .\CortexM3\ARM_GCC_541\Debug\IMU.a(USBUART_cdc.o)
                0x1fff8200                USBUART_linesChanged
                0x1fff8204                USBUART_cdcDataInEp
                0x1fff8208                USBUART_cdcCommInInterruptEp
                0x1fff820c                USBUART_cdcDataOutEp
                0x1fff8210                USBUART_serialStateBitmap
                0x1fff8214                USBUART_linesControlBitmap
 COMMON         0x1fff8218       0x9a .\CortexM3\ARM_GCC_541\Debug\IMU.a(USBUART_drv.o)
                0x1fff8218                USBUART_lastPacketSize
                0x1fff8219                USBUART_device
                0x1fff821a                USBUART_transferByteCount
                0x1fff821c                USBUART_transferState
                0x1fff8220                USBUART_interfaceSettingLast
                0x1fff8224                USBUART_currentTD
                0x1fff8230                USBUART_interfaceNumber
                0x1fff8234                USBUART_interfaceClass
                0x1fff8238                USBUART_configurationChanged
                0x1fff8239                USBUART_ep0Mode
                0x1fff823a                USBUART_deviceAddress
                0x1fff823b                USBUART_configuration
                0x1fff823c                USBUART_ep0Count
                0x1fff823d                USBUART_deviceStatus
                0x1fff8240                USBUART_EP
                0x1fff82ac                USBUART_interfaceSetting
                0x1fff82ae                USBUART_ep0Toggle
                0x1fff82b0                USBUART_interfaceStatus
 COMMON         0x1fff82b2        0x1 .\CortexM3\ARM_GCC_541\Debug\IMU.a(I2C.o)
                0x1fff82b2                I2C_state
 *fill*         0x1fff82b3        0x1 
 COMMON         0x1fff82b4       0x10 .\CortexM3\ARM_GCC_541\Debug\IMU.a(I2C_MASTER.o)
                0x1fff82b4                I2C_mstrWrBufIndex
                0x1fff82b5                I2C_mstrWrBufSize
                0x1fff82b6                I2C_mstrStatus
                0x1fff82b8                I2C_mstrRdBufPtr
                0x1fff82bc                I2C_mstrControl
                0x1fff82bd                I2C_mstrRdBufSize
                0x1fff82be                I2C_mstrRdBufIndex
                0x1fff82c0                I2C_mstrWrBufPtr
 COMMON         0x1fff82c4       0x22 .\CortexM3\ARM_GCC_541\Debug\IMU.a(USBUART_descr.o)
                0x1fff82c4                USBUART_idSerialNumberStringDescriptor
 *fill*         0x1fff82e6        0x2 
 COMMON         0x1fff82e8        0x4 c:/program files (x86)/cypress/psoc creator/4.2/psoc creator/import/gnu/arm/5.4.1/bin/../lib/gcc/arm-none-eabi/5.4.1/../../../../arm-none-eabi/lib/armv7-m\libg_nano.a(lib_a-reent.o)
                0x1fff82e8                errno
                0x1fff82f0                . = ALIGN (0x8)
 *fill*         0x1fff82ec        0x4 
 *(.ram.b)
                0x1fff82f0                _end = .
                0x1fff82f0                __end = .
                0x1fff82f0                PROVIDE (end, .)
                0x1fff82f0                PROVIDE (__bss_end__, .)
                0x00006f78                __cy_region_init_ram = LOADADDR (.data)
                0x000000e0                __cy_region_init_size_ram = (_edata - ADDR (.data))
                0x00000148                __cy_region_zero_size_ram = (_end - _edata)

.heap           0x1fff82f0      0x200 load address 0x00007058
                0x1fff82f0                . = _end
                0x1fff84f0                . = (. + 0x200)
 *fill*         0x1fff82f0      0x200 
                0x1fff84f0                __cy_heap_limit = .

.stack          0x20007800      0x800
                0x20007800                __cy_stack_limit = .
                0x20008000                . = (. + 0x800)
 *fill*         0x20007800      0x800 
                0x00000001                ASSERT ((__cy_stack_limit >= __cy_heap_limit), region RAM overflowed with stack)
                0x00000000                cy_checksum_exclude_size = (CY_APPL_LOADABLE == 0x1)?SIZEOF (.cy_checksum_exclude):0x0
                0x00000001                ASSERT ((cy_checksum_exclude_size <= CY_CHECKSUM_EXCLUDE_SIZE), CY_BOOT: Section .cy_checksum_exclude size exceedes specified limit.)

.cyloadermeta
 *(.cyloadermeta)

.cyloadablemeta
 *(.cyloadablemeta)

.cyconfigecc    0x80000000      0x5c4
 *(.cyconfigecc)
 .cyconfigecc   0x80000000      0x5c4 .\CortexM3\ARM_GCC_541\Debug\cymetadata.o
                0x80000000                cy_meta_configecc

.cycustnvl      0x90000000        0x4
 *(.cycustnvl)
 .cycustnvl     0x90000000        0x4 .\CortexM3\ARM_GCC_541\Debug\cymetadata.o
                0x90000000                cy_meta_custnvl

.cywolatch      0x90100000        0x4
 *(.cywolatch)
 .cywolatch     0x90100000        0x4 .\CortexM3\ARM_GCC_541\Debug\cymetadata.o
                0x90100000                cy_meta_wonvl

.cyeeprom       0x90200000        0x0
 *(.cyeeprom)
                0x00000001                ASSERT ((. <= ((0x90200000 + ee_offset) + ee_size)), .cyeeprom data will not fit in EEPROM)

.cyflashprotect
                0x90400000      0x100
 *(.cyflashprotect)
 .cyflashprotect
                0x90400000      0x100 .\CortexM3\ARM_GCC_541\Debug\cymetadata.o
                0x90400000                cy_meta_flashprotect

.cymeta         0x90500000        0xc
 *(.cymeta)
 .cymeta        0x90500000        0xc .\CortexM3\ARM_GCC_541\Debug\cymetadata.o
                0x90500000                cy_metadata

.rel.dyn        0x00007058        0x0 load address 0x9050000c
 .rel.iplt      0x00007058        0x0 c:/program files (x86)/cypress/psoc creator/4.2/psoc creator/import/gnu/arm/5.4.1/bin/../lib/gcc/arm-none-eabi/5.4.1/armv7-m/crtbegin.o

.stab
 *(.stab)

.stabstr
 *(.stabstr)

.debug
 *(.debug)

.line
 *(.line)

.debug_srcinfo
 *(.debug_srcinfo)

.debug_sfnames
 *(.debug_sfnames)

.debug_aranges  0x00000000     0x1078
 *(.debug_aranges)
 .debug_aranges
                0x00000000       0x40 .\CortexM3\ARM_GCC_541\Debug\main.o
 .debug_aranges
                0x00000040       0x40 .\CortexM3\ARM_GCC_541\Debug\bno055.o
 .debug_aranges
                0x00000080       0x60 .\CortexM3\ARM_GCC_541\Debug\cyfitter_cfg.o
 .debug_aranges
                0x000000e0       0x18 .\CortexM3\ARM_GCC_541\Debug\cymetadata.o
 .debug_aranges
                0x000000f8       0x48 .\CortexM3\ARM_GCC_541\Debug\Cm3Start.o
 .debug_aranges
                0x00000140       0xa0 .\CortexM3\ARM_GCC_541\Debug\IMU.a(Seat_ADC.o)
 .debug_aranges
                0x000001e0       0x20 .\CortexM3\ARM_GCC_541\Debug\IMU.a(Seat_ADC_INT.o)
 .debug_aranges
                0x00000200       0xa8 .\CortexM3\ARM_GCC_541\Debug\IMU.a(Seat_ADC_SAR.o)
 .debug_aranges
                0x000002a8       0x28 .\CortexM3\ARM_GCC_541\Debug\IMU.a(Seat_ADC_TempBuf_dma.o)
 .debug_aranges
                0x000002d0       0x28 .\CortexM3\ARM_GCC_541\Debug\IMU.a(Seat_ADC_FinalBuf_dma.o)
 .debug_aranges
                0x000002f8       0x80 .\CortexM3\ARM_GCC_541\Debug\IMU.a(Seat_ADC_IRQ.o)
 .debug_aranges
                0x00000378       0xd8 .\CortexM3\ARM_GCC_541\Debug\IMU.a(CyDmac.o)
 .debug_aranges
                0x00000450      0x2a0 .\CortexM3\ARM_GCC_541\Debug\IMU.a(CyLib.o)
 .debug_aranges
                0x000006f0       0x98 .\CortexM3\ARM_GCC_541\Debug\IMU.a(cyPm.o)
 .debug_aranges
                0x00000788       0xc8 .\CortexM3\ARM_GCC_541\Debug\IMU.a(USBUART.o)
 .debug_aranges
                0x00000850       0xe8 .\CortexM3\ARM_GCC_541\Debug\IMU.a(USBUART_cdc.o)
 .debug_aranges
                0x00000938       0x98 .\CortexM3\ARM_GCC_541\Debug\IMU.a(USBUART_drv.o)
 .debug_aranges
                0x000009d0       0x40 .\CortexM3\ARM_GCC_541\Debug\IMU.a(USBUART_episr.o)
 .debug_aranges
                0x00000a10       0x40 .\CortexM3\ARM_GCC_541\Debug\IMU.a(USBUART_pm.o)
 .debug_aranges
                0x00000a50       0x80 .\CortexM3\ARM_GCC_541\Debug\IMU.a(USBUART_std.o)
 .debug_aranges
                0x00000ad0       0x20 .\CortexM3\ARM_GCC_541\Debug\IMU.a(USBUART_vnd.o)
 .debug_aranges
                0x00000af0       0x48 .\CortexM3\ARM_GCC_541\Debug\IMU.a(USBUART_Dp.o)
 .debug_aranges
                0x00000b38       0x38 .\CortexM3\ARM_GCC_541\Debug\IMU.a(LED.o)
 .debug_aranges
                0x00000b70       0x88 .\CortexM3\ARM_GCC_541\Debug\IMU.a(Sample_Timer.o)
 .debug_aranges
                0x00000bf8       0x80 .\CortexM3\ARM_GCC_541\Debug\IMU.a(Sample_Interrupt.o)
 .debug_aranges
                0x00000c78       0x80 .\CortexM3\ARM_GCC_541\Debug\IMU.a(Enc_Int_High.o)
 .debug_aranges
                0x00000cf8       0x80 .\CortexM3\ARM_GCC_541\Debug\IMU.a(Enc_Int_Low.o)
 .debug_aranges
                0x00000d78       0x38 .\CortexM3\ARM_GCC_541\Debug\IMU.a(I2C.o)
 .debug_aranges
                0x00000db0       0x20 .\CortexM3\ARM_GCC_541\Debug\IMU.a(I2C_INT.o)
 .debug_aranges
                0x00000dd0       0x38 .\CortexM3\ARM_GCC_541\Debug\IMU.a(I2C_PM.o)
 .debug_aranges
                0x00000e08       0x80 .\CortexM3\ARM_GCC_541\Debug\IMU.a(I2C_MASTER.o)
 .debug_aranges
                0x00000e88       0x90 .\CortexM3\ARM_GCC_541\Debug\IMU.a(EncTimer.o)
 .debug_aranges
                0x00000f18       0x20 .\CortexM3\ARM_GCC_541\Debug\IMU.a(CyBootAsmGnu.o)
 .debug_aranges
                0x00000f38       0x88 .\CortexM3\ARM_GCC_541\Debug\IMU.a(CyFlash.o)
 .debug_aranges
                0x00000fc0       0x80 .\CortexM3\ARM_GCC_541\Debug\IMU.a(CySpc.o)
 .debug_aranges
                0x00001040       0x20 .\CortexM3\ARM_GCC_541\Debug\IMU.a(USBUART_cls.o)
 .debug_aranges
                0x00001060       0x18 .\CortexM3\ARM_GCC_541\Debug\IMU.a(USBUART_descr.o)

.debug_pubnames
 *(.debug_pubnames)

.debug_info     0x00000000     0x8495
 *(.debug_info .gnu.linkonce.wi.*)
 .debug_info    0x00000000      0x578 .\CortexM3\ARM_GCC_541\Debug\main.o
 .debug_info    0x00000578      0x586 .\CortexM3\ARM_GCC_541\Debug\bno055.o
 .debug_info    0x00000afe      0x3b8 .\CortexM3\ARM_GCC_541\Debug\cyfitter_cfg.o
 .debug_info    0x00000eb6      0x137 .\CortexM3\ARM_GCC_541\Debug\cymetadata.o
 .debug_info    0x00000fed      0x32b .\CortexM3\ARM_GCC_541\Debug\Cm3Start.o
 .debug_info    0x00001318      0x3ab .\CortexM3\ARM_GCC_541\Debug\IMU.a(Seat_ADC.o)
 .debug_info    0x000016c3       0xa0 .\CortexM3\ARM_GCC_541\Debug\IMU.a(Seat_ADC_INT.o)
 .debug_info    0x00001763      0x471 .\CortexM3\ARM_GCC_541\Debug\IMU.a(Seat_ADC_SAR.o)
 .debug_info    0x00001bd4      0x11b .\CortexM3\ARM_GCC_541\Debug\IMU.a(Seat_ADC_TempBuf_dma.o)
 .debug_info    0x00001cef      0x11b .\CortexM3\ARM_GCC_541\Debug\IMU.a(Seat_ADC_FinalBuf_dma.o)
 .debug_info    0x00001e0a      0x241 .\CortexM3\ARM_GCC_541\Debug\IMU.a(Seat_ADC_IRQ.o)
 .debug_info    0x0000204b      0x8c0 .\CortexM3\ARM_GCC_541\Debug\IMU.a(CyDmac.o)
 .debug_info    0x0000290b      0xe51 .\CortexM3\ARM_GCC_541\Debug\IMU.a(CyLib.o)
 .debug_info    0x0000375c      0x57a .\CortexM3\ARM_GCC_541\Debug\IMU.a(cyPm.o)
 .debug_info    0x00003cd6      0x717 .\CortexM3\ARM_GCC_541\Debug\IMU.a(USBUART.o)
 .debug_info    0x000043ed      0x924 .\CortexM3\ARM_GCC_541\Debug\IMU.a(USBUART_cdc.o)
 .debug_info    0x00004d11      0x52d .\CortexM3\ARM_GCC_541\Debug\IMU.a(USBUART_drv.o)
 .debug_info    0x0000523e      0x23b .\CortexM3\ARM_GCC_541\Debug\IMU.a(USBUART_episr.o)
 .debug_info    0x00005479      0x18d .\CortexM3\ARM_GCC_541\Debug\IMU.a(USBUART_pm.o)
 .debug_info    0x00005606      0x951 .\CortexM3\ARM_GCC_541\Debug\IMU.a(USBUART_std.o)
 .debug_info    0x00005f57       0xef .\CortexM3\ARM_GCC_541\Debug\IMU.a(USBUART_vnd.o)
 .debug_info    0x00006046      0x171 .\CortexM3\ARM_GCC_541\Debug\IMU.a(USBUART_Dp.o)
 .debug_info    0x000061b7      0x11e .\CortexM3\ARM_GCC_541\Debug\IMU.a(LED.o)
 .debug_info    0x000062d5      0x245 .\CortexM3\ARM_GCC_541\Debug\IMU.a(Sample_Timer.o)
 .debug_info    0x0000651a      0x241 .\CortexM3\ARM_GCC_541\Debug\IMU.a(Sample_Interrupt.o)
 .debug_info    0x0000675b      0x241 .\CortexM3\ARM_GCC_541\Debug\IMU.a(Enc_Int_High.o)
 .debug_info    0x0000699c      0x241 .\CortexM3\ARM_GCC_541\Debug\IMU.a(Enc_Int_Low.o)
 .debug_info    0x00006bdd      0x201 .\CortexM3\ARM_GCC_541\Debug\IMU.a(I2C.o)
 .debug_info    0x00006dde      0x156 .\CortexM3\ARM_GCC_541\Debug\IMU.a(I2C_INT.o)
 .debug_info    0x00006f34      0x19a .\CortexM3\ARM_GCC_541\Debug\IMU.a(I2C_PM.o)
 .debug_info    0x000070ce      0x3f8 .\CortexM3\ARM_GCC_541\Debug\IMU.a(I2C_MASTER.o)
 .debug_info    0x000074c6      0x25b .\CortexM3\ARM_GCC_541\Debug\IMU.a(EncTimer.o)
 .debug_info    0x00007721       0x90 .\CortexM3\ARM_GCC_541\Debug\IMU.a(CyBootAsmGnu.o)
 .debug_info    0x000077b1      0x3b9 .\CortexM3\ARM_GCC_541\Debug\IMU.a(CyFlash.o)
 .debug_info    0x00007b6a      0x4c0 .\CortexM3\ARM_GCC_541\Debug\IMU.a(CySpc.o)
 .debug_info    0x0000802a      0x1c8 .\CortexM3\ARM_GCC_541\Debug\IMU.a(USBUART_cls.o)
 .debug_info    0x000081f2      0x2a3 .\CortexM3\ARM_GCC_541\Debug\IMU.a(USBUART_descr.o)

.debug_abbrev   0x00000000     0x2a13
 *(.debug_abbrev)
 .debug_abbrev  0x00000000      0x15e .\CortexM3\ARM_GCC_541\Debug\main.o
 .debug_abbrev  0x0000015e      0x12c .\CortexM3\ARM_GCC_541\Debug\bno055.o
 .debug_abbrev  0x0000028a      0x19d .\CortexM3\ARM_GCC_541\Debug\cyfitter_cfg.o
 .debug_abbrev  0x00000427       0x77 .\CortexM3\ARM_GCC_541\Debug\cymetadata.o
 .debug_abbrev  0x0000049e      0x1d6 .\CortexM3\ARM_GCC_541\Debug\Cm3Start.o
 .debug_abbrev  0x00000674      0x16d .\CortexM3\ARM_GCC_541\Debug\IMU.a(Seat_ADC.o)
 .debug_abbrev  0x000007e1       0x42 .\CortexM3\ARM_GCC_541\Debug\IMU.a(Seat_ADC_INT.o)
 .debug_abbrev  0x00000823      0x173 .\CortexM3\ARM_GCC_541\Debug\IMU.a(Seat_ADC_SAR.o)
 .debug_abbrev  0x00000996       0x8b .\CortexM3\ARM_GCC_541\Debug\IMU.a(Seat_ADC_TempBuf_dma.o)
 .debug_abbrev  0x00000a21       0x8b .\CortexM3\ARM_GCC_541\Debug\IMU.a(Seat_ADC_FinalBuf_dma.o)
 .debug_abbrev  0x00000aac      0x172 .\CortexM3\ARM_GCC_541\Debug\IMU.a(Seat_ADC_IRQ.o)
 .debug_abbrev  0x00000c1e      0x194 .\CortexM3\ARM_GCC_541\Debug\IMU.a(CyDmac.o)
 .debug_abbrev  0x00000db2      0x217 .\CortexM3\ARM_GCC_541\Debug\IMU.a(CyLib.o)
 .debug_abbrev  0x00000fc9      0x161 .\CortexM3\ARM_GCC_541\Debug\IMU.a(cyPm.o)
 .debug_abbrev  0x0000112a      0x1f3 .\CortexM3\ARM_GCC_541\Debug\IMU.a(USBUART.o)
 .debug_abbrev  0x0000131d      0x233 .\CortexM3\ARM_GCC_541\Debug\IMU.a(USBUART_cdc.o)
 .debug_abbrev  0x00001550      0x161 .\CortexM3\ARM_GCC_541\Debug\IMU.a(USBUART_drv.o)
 .debug_abbrev  0x000016b1       0xfd .\CortexM3\ARM_GCC_541\Debug\IMU.a(USBUART_episr.o)
 .debug_abbrev  0x000017ae       0xd1 .\CortexM3\ARM_GCC_541\Debug\IMU.a(USBUART_pm.o)
 .debug_abbrev  0x0000187f      0x1c2 .\CortexM3\ARM_GCC_541\Debug\IMU.a(USBUART_std.o)
 .debug_abbrev  0x00001a41       0x9b .\CortexM3\ARM_GCC_541\Debug\IMU.a(USBUART_vnd.o)
 .debug_abbrev  0x00001adc       0x90 .\CortexM3\ARM_GCC_541\Debug\IMU.a(USBUART_Dp.o)
 .debug_abbrev  0x00001b6c       0x90 .\CortexM3\ARM_GCC_541\Debug\IMU.a(LED.o)
 .debug_abbrev  0x00001bfc       0xe9 .\CortexM3\ARM_GCC_541\Debug\IMU.a(Sample_Timer.o)
 .debug_abbrev  0x00001ce5      0x172 .\CortexM3\ARM_GCC_541\Debug\IMU.a(Sample_Interrupt.o)
 .debug_abbrev  0x00001e57      0x172 .\CortexM3\ARM_GCC_541\Debug\IMU.a(Enc_Int_High.o)
 .debug_abbrev  0x00001fc9      0x172 .\CortexM3\ARM_GCC_541\Debug\IMU.a(Enc_Int_Low.o)
 .debug_abbrev  0x0000213b       0xe2 .\CortexM3\ARM_GCC_541\Debug\IMU.a(I2C.o)
 .debug_abbrev  0x0000221d       0x81 .\CortexM3\ARM_GCC_541\Debug\IMU.a(I2C_INT.o)
 .debug_abbrev  0x0000229e       0xf8 .\CortexM3\ARM_GCC_541\Debug\IMU.a(I2C_PM.o)
 .debug_abbrev  0x00002396      0x11e .\CortexM3\ARM_GCC_541\Debug\IMU.a(I2C_MASTER.o)
 .debug_abbrev  0x000024b4      0x11b .\CortexM3\ARM_GCC_541\Debug\IMU.a(EncTimer.o)
 .debug_abbrev  0x000025cf       0x14 .\CortexM3\ARM_GCC_541\Debug\IMU.a(CyBootAsmGnu.o)
 .debug_abbrev  0x000025e3      0x14b .\CortexM3\ARM_GCC_541\Debug\IMU.a(CyFlash.o)
 .debug_abbrev  0x0000272e      0x16c .\CortexM3\ARM_GCC_541\Debug\IMU.a(CySpc.o)
 .debug_abbrev  0x0000289a       0xc5 .\CortexM3\ARM_GCC_541\Debug\IMU.a(USBUART_cls.o)
 .debug_abbrev  0x0000295f       0xb4 .\CortexM3\ARM_GCC_541\Debug\IMU.a(USBUART_descr.o)

.debug_line     0x00000000     0x3fed
 *(.debug_line)
 .debug_line    0x00000000      0x203 .\CortexM3\ARM_GCC_541\Debug\main.o
 .debug_line    0x00000203      0x1eb .\CortexM3\ARM_GCC_541\Debug\bno055.o
 .debug_line    0x000003ee      0x203 .\CortexM3\ARM_GCC_541\Debug\cyfitter_cfg.o
 .debug_line    0x000005f1      0x141 .\CortexM3\ARM_GCC_541\Debug\cymetadata.o
 .debug_line    0x00000732      0x1db .\CortexM3\ARM_GCC_541\Debug\Cm3Start.o
 .debug_line    0x0000090d      0x1cb .\CortexM3\ARM_GCC_541\Debug\IMU.a(Seat_ADC.o)
 .debug_line    0x00000ad8       0x58 .\CortexM3\ARM_GCC_541\Debug\IMU.a(Seat_ADC_INT.o)
 .debug_line    0x00000b30      0x212 .\CortexM3\ARM_GCC_541\Debug\IMU.a(Seat_ADC_SAR.o)
 .debug_line    0x00000d42       0x83 .\CortexM3\ARM_GCC_541\Debug\IMU.a(Seat_ADC_TempBuf_dma.o)
 .debug_line    0x00000dc5       0x84 .\CortexM3\ARM_GCC_541\Debug\IMU.a(Seat_ADC_FinalBuf_dma.o)
 .debug_line    0x00000e49      0x157 .\CortexM3\ARM_GCC_541\Debug\IMU.a(Seat_ADC_IRQ.o)
 .debug_line    0x00000fa0      0x2b6 .\CortexM3\ARM_GCC_541\Debug\IMU.a(CyDmac.o)
 .debug_line    0x00001256      0x883 .\CortexM3\ARM_GCC_541\Debug\IMU.a(CyLib.o)
 .debug_line    0x00001ad9      0x38e .\CortexM3\ARM_GCC_541\Debug\IMU.a(cyPm.o)
 .debug_line    0x00001e67      0x307 .\CortexM3\ARM_GCC_541\Debug\IMU.a(USBUART.o)
 .debug_line    0x0000216e      0x30c .\CortexM3\ARM_GCC_541\Debug\IMU.a(USBUART_cdc.o)
 .debug_line    0x0000247a      0x21f .\CortexM3\ARM_GCC_541\Debug\IMU.a(USBUART_drv.o)
 .debug_line    0x00002699       0xf2 .\CortexM3\ARM_GCC_541\Debug\IMU.a(USBUART_episr.o)
 .debug_line    0x0000278b       0xe6 .\CortexM3\ARM_GCC_541\Debug\IMU.a(USBUART_pm.o)
 .debug_line    0x00002871      0x475 .\CortexM3\ARM_GCC_541\Debug\IMU.a(USBUART_std.o)
 .debug_line    0x00002ce6       0x79 .\CortexM3\ARM_GCC_541\Debug\IMU.a(USBUART_vnd.o)
 .debug_line    0x00002d5f       0xbf .\CortexM3\ARM_GCC_541\Debug\IMU.a(USBUART_Dp.o)
 .debug_line    0x00002e1e       0x93 .\CortexM3\ARM_GCC_541\Debug\IMU.a(LED.o)
 .debug_line    0x00002eb1      0x164 .\CortexM3\ARM_GCC_541\Debug\IMU.a(Sample_Timer.o)
 .debug_line    0x00003015      0x15b .\CortexM3\ARM_GCC_541\Debug\IMU.a(Sample_Interrupt.o)
 .debug_line    0x00003170      0x147 .\CortexM3\ARM_GCC_541\Debug\IMU.a(Enc_Int_High.o)
 .debug_line    0x000032b7      0x156 .\CortexM3\ARM_GCC_541\Debug\IMU.a(Enc_Int_Low.o)
 .debug_line    0x0000340d       0xd5 .\CortexM3\ARM_GCC_541\Debug\IMU.a(I2C.o)
 .debug_line    0x000034e2      0x13b .\CortexM3\ARM_GCC_541\Debug\IMU.a(I2C_INT.o)
 .debug_line    0x0000361d       0xbb .\CortexM3\ARM_GCC_541\Debug\IMU.a(I2C_PM.o)
 .debug_line    0x000036d8      0x1e8 .\CortexM3\ARM_GCC_541\Debug\IMU.a(I2C_MASTER.o)
 .debug_line    0x000038c0      0x171 .\CortexM3\ARM_GCC_541\Debug\IMU.a(EncTimer.o)
 .debug_line    0x00003a31       0x66 .\CortexM3\ARM_GCC_541\Debug\IMU.a(CyBootAsmGnu.o)
 .debug_line    0x00003a97      0x22f .\CortexM3\ARM_GCC_541\Debug\IMU.a(CyFlash.o)
 .debug_line    0x00003cc6      0x231 .\CortexM3\ARM_GCC_541\Debug\IMU.a(CySpc.o)
 .debug_line    0x00003ef7       0x95 .\CortexM3\ARM_GCC_541\Debug\IMU.a(USBUART_cls.o)
 .debug_line    0x00003f8c       0x61 .\CortexM3\ARM_GCC_541\Debug\IMU.a(USBUART_descr.o)

.debug_frame    0x00000000     0x4790
 *(.debug_frame)
 .debug_frame   0x00000000       0xc4 .\CortexM3\ARM_GCC_541\Debug\main.o
 .debug_frame   0x000000c4       0xdc .\CortexM3\ARM_GCC_541\Debug\bno055.o
 .debug_frame   0x000001a0      0x16c .\CortexM3\ARM_GCC_541\Debug\cyfitter_cfg.o
 .debug_frame   0x0000030c       0xd8 .\CortexM3\ARM_GCC_541\Debug\Cm3Start.o
 .debug_frame   0x000003e4      0x26c .\CortexM3\ARM_GCC_541\Debug\IMU.a(Seat_ADC.o)
 .debug_frame   0x00000650       0x34 .\CortexM3\ARM_GCC_541\Debug\IMU.a(Seat_ADC_INT.o)
 .debug_frame   0x00000684      0x2bc .\CortexM3\ARM_GCC_541\Debug\IMU.a(Seat_ADC_SAR.o)
 .debug_frame   0x00000940       0x58 .\CortexM3\ARM_GCC_541\Debug\IMU.a(Seat_ADC_TempBuf_dma.o)
 .debug_frame   0x00000998       0x58 .\CortexM3\ARM_GCC_541\Debug\IMU.a(Seat_ADC_FinalBuf_dma.o)
 .debug_frame   0x000009f0      0x1e8 .\CortexM3\ARM_GCC_541\Debug\IMU.a(Seat_ADC_IRQ.o)
 .debug_frame   0x00000bd8      0x3d0 .\CortexM3\ARM_GCC_541\Debug\IMU.a(CyDmac.o)
 .debug_frame   0x00000fa8      0xc0c .\CortexM3\ARM_GCC_541\Debug\IMU.a(CyLib.o)
 .debug_frame   0x00001bb4      0x234 .\CortexM3\ARM_GCC_541\Debug\IMU.a(cyPm.o)
 .debug_frame   0x00001de8      0x37c .\CortexM3\ARM_GCC_541\Debug\IMU.a(USBUART.o)
 .debug_frame   0x00002164      0x3ec .\CortexM3\ARM_GCC_541\Debug\IMU.a(USBUART_cdc.o)
 .debug_frame   0x00002550      0x23c .\CortexM3\ARM_GCC_541\Debug\IMU.a(USBUART_drv.o)
 .debug_frame   0x0000278c       0xbc .\CortexM3\ARM_GCC_541\Debug\IMU.a(USBUART_episr.o)
 .debug_frame   0x00002848       0xbc .\CortexM3\ARM_GCC_541\Debug\IMU.a(USBUART_pm.o)
 .debug_frame   0x00002904      0x224 .\CortexM3\ARM_GCC_541\Debug\IMU.a(USBUART_std.o)
 .debug_frame   0x00002b28       0x38 .\CortexM3\ARM_GCC_541\Debug\IMU.a(USBUART_vnd.o)
 .debug_frame   0x00002b60       0xf4 .\CortexM3\ARM_GCC_541\Debug\IMU.a(USBUART_Dp.o)
 .debug_frame   0x00002c54       0xa8 .\CortexM3\ARM_GCC_541\Debug\IMU.a(LED.o)
 .debug_frame   0x00002cfc      0x208 .\CortexM3\ARM_GCC_541\Debug\IMU.a(Sample_Timer.o)
 .debug_frame   0x00002f04      0x1e8 .\CortexM3\ARM_GCC_541\Debug\IMU.a(Sample_Interrupt.o)
 .debug_frame   0x000030ec      0x1e8 .\CortexM3\ARM_GCC_541\Debug\IMU.a(Enc_Int_High.o)
 .debug_frame   0x000032d4      0x1e8 .\CortexM3\ARM_GCC_541\Debug\IMU.a(Enc_Int_Low.o)
 .debug_frame   0x000034bc       0x98 .\CortexM3\ARM_GCC_541\Debug\IMU.a(I2C.o)
 .debug_frame   0x00003554       0x38 .\CortexM3\ARM_GCC_541\Debug\IMU.a(I2C_INT.o)
 .debug_frame   0x0000358c       0x94 .\CortexM3\ARM_GCC_541\Debug\IMU.a(I2C_PM.o)
 .debug_frame   0x00003620      0x208 .\CortexM3\ARM_GCC_541\Debug\IMU.a(I2C_MASTER.o)
 .debug_frame   0x00003828      0x230 .\CortexM3\ARM_GCC_541\Debug\IMU.a(EncTimer.o)
 .debug_frame   0x00003a58      0x238 .\CortexM3\ARM_GCC_541\Debug\IMU.a(CyFlash.o)
 .debug_frame   0x00003c90      0x228 .\CortexM3\ARM_GCC_541\Debug\IMU.a(CySpc.o)
 .debug_frame   0x00003eb8       0x38 .\CortexM3\ARM_GCC_541\Debug\IMU.a(USBUART_cls.o)
 .debug_frame   0x00003ef0       0x44 c:/program files (x86)/cypress/psoc creator/4.2/psoc creator/import/gnu/arm/5.4.1/bin/../lib/gcc/arm-none-eabi/5.4.1/armv7-m\libgcc.a(_aeabi_ldivmod.o)
 .debug_frame   0x00003f34       0x38 c:/program files (x86)/cypress/psoc creator/4.2/psoc creator/import/gnu/arm/5.4.1/bin/../lib/gcc/arm-none-eabi/5.4.1/armv7-m\libgcc.a(_udivmoddi4.o)
 .debug_frame   0x00003f6c       0x20 c:/program files (x86)/cypress/psoc creator/4.2/psoc creator/import/gnu/arm/5.4.1/bin/../lib/gcc/arm-none-eabi/5.4.1/../../../../arm-none-eabi/lib/armv7-m\libg_nano.a(lib_a-errno.o)
 .debug_frame   0x00003f8c       0x28 c:/program files (x86)/cypress/psoc creator/4.2/psoc creator/import/gnu/arm/5.4.1/bin/../lib/gcc/arm-none-eabi/5.4.1/../../../../arm-none-eabi/lib/armv7-m\libg_nano.a(lib_a-exit.o)
 .debug_frame   0x00003fb4       0x2c c:/program files (x86)/cypress/psoc creator/4.2/psoc creator/import/gnu/arm/5.4.1/bin/../lib/gcc/arm-none-eabi/5.4.1/../../../../arm-none-eabi/lib/armv7-m\libg_nano.a(lib_a-init.o)
 .debug_frame   0x00003fe0       0x28 c:/program files (x86)/cypress/psoc creator/4.2/psoc creator/import/gnu/arm/5.4.1/bin/../lib/gcc/arm-none-eabi/5.4.1/../../../../arm-none-eabi/lib/armv7-m\libg_nano.a(lib_a-memcpy-stub.o)
 .debug_frame   0x00004008       0x20 c:/program files (x86)/cypress/psoc creator/4.2/psoc creator/import/gnu/arm/5.4.1/bin/../lib/gcc/arm-none-eabi/5.4.1/../../../../arm-none-eabi/lib/armv7-m\libg_nano.a(lib_a-memset.o)
 .debug_frame   0x00004028       0x8c c:/program files (x86)/cypress/psoc creator/4.2/psoc creator/import/gnu/arm/5.4.1/bin/../lib/gcc/arm-none-eabi/5.4.1/../../../../arm-none-eabi/lib/armv7-m\libg_nano.a(lib_a-nano-vfprintf_float.o)
 .debug_frame   0x000040b4       0x60 c:/program files (x86)/cypress/psoc creator/4.2/psoc creator/import/gnu/arm/5.4.1/bin/../lib/gcc/arm-none-eabi/5.4.1/../../../../arm-none-eabi/lib/armv7-m\libg_nano.a(lib_a-nano-vfprintf_i.o)
 .debug_frame   0x00004114       0x70 c:/program files (x86)/cypress/psoc creator/4.2/psoc creator/import/gnu/arm/5.4.1/bin/../lib/gcc/arm-none-eabi/5.4.1/../../../../arm-none-eabi/lib/armv7-m\libg_nano.a(lib_a-sprintf.o)
 .debug_frame   0x00004184       0x6c c:/program files (x86)/cypress/psoc creator/4.2/psoc creator/import/gnu/arm/5.4.1/bin/../lib/gcc/arm-none-eabi/5.4.1/../../../../arm-none-eabi/lib/armv7-m\libg_nano.a(lib_a-dtoa.o)
 .debug_frame   0x000041f0       0x98 c:/program files (x86)/cypress/psoc creator/4.2/psoc creator/import/gnu/arm/5.4.1/bin/../lib/gcc/arm-none-eabi/5.4.1/../../../../arm-none-eabi/lib/armv7-m\libg_nano.a(lib_a-locale.o)
 .debug_frame   0x00004288       0x30 c:/program files (x86)/cypress/psoc creator/4.2/psoc creator/import/gnu/arm/5.4.1/bin/../lib/gcc/arm-none-eabi/5.4.1/../../../../arm-none-eabi/lib/armv7-m\libg_nano.a(lib_a-malloc.o)
 .debug_frame   0x000042b8       0x28 c:/program files (x86)/cypress/psoc creator/4.2/psoc creator/import/gnu/arm/5.4.1/bin/../lib/gcc/arm-none-eabi/5.4.1/../../../../arm-none-eabi/lib/armv7-m\libg_nano.a(lib_a-memchr-stub.o)
 .debug_frame   0x000042e0      0x234 c:/program files (x86)/cypress/psoc creator/4.2/psoc creator/import/gnu/arm/5.4.1/bin/../lib/gcc/arm-none-eabi/5.4.1/../../../../arm-none-eabi/lib/armv7-m\libg_nano.a(lib_a-mprec.o)
 .debug_frame   0x00004514       0x2c c:/program files (x86)/cypress/psoc creator/4.2/psoc creator/import/gnu/arm/5.4.1/bin/../lib/gcc/arm-none-eabi/5.4.1/../../../../arm-none-eabi/lib/armv7-m\libg_nano.a(lib_a-nano-callocr.o)
 .debug_frame   0x00004540       0x38 c:/program files (x86)/cypress/psoc creator/4.2/psoc creator/import/gnu/arm/5.4.1/bin/../lib/gcc/arm-none-eabi/5.4.1/../../../../arm-none-eabi/lib/armv7-m\libg_nano.a(lib_a-nano-freer.o)
 .debug_frame   0x00004578       0x2c c:/program files (x86)/cypress/psoc creator/4.2/psoc creator/import/gnu/arm/5.4.1/bin/../lib/gcc/arm-none-eabi/5.4.1/../../../../arm-none-eabi/lib/armv7-m\libg_nano.a(lib_a-nano-mallocr.o)
 .debug_frame   0x000045a4       0x90 c:/program files (x86)/cypress/psoc creator/4.2/psoc creator/import/gnu/arm/5.4.1/bin/../lib/gcc/arm-none-eabi/5.4.1/../../../../arm-none-eabi/lib/armv7-m\libg_nano.a(lib_a-nano-svfprintf.o)
 .debug_frame   0x00004634       0x2c c:/program files (x86)/cypress/psoc creator/4.2/psoc creator/import/gnu/arm/5.4.1/bin/../lib/gcc/arm-none-eabi/5.4.1/../../../../arm-none-eabi/lib/armv7-m\libg_nano.a(lib_a-sbrkr.o)
 .debug_frame   0x00004660       0x20 c:/program files (x86)/cypress/psoc creator/4.2/psoc creator/import/gnu/arm/5.4.1/bin/../lib/gcc/arm-none-eabi/5.4.1/../../../../arm-none-eabi/lib/armv7-m\libg_nano.a(lib_a-strcmp.o)
 .debug_frame   0x00004680       0x28 c:/program files (x86)/cypress/psoc creator/4.2/psoc creator/import/gnu/arm/5.4.1/bin/../lib/gcc/arm-none-eabi/5.4.1/../../../../arm-none-eabi/lib/armv7-m\libg_nano.a(lib_a-memmove.o)
 .debug_frame   0x000046a8       0x30 c:/program files (x86)/cypress/psoc creator/4.2/psoc creator/import/gnu/arm/5.4.1/bin/../lib/gcc/arm-none-eabi/5.4.1/../../../../arm-none-eabi/lib/armv7-m\libg_nano.a(lib_a-mlock.o)
 .debug_frame   0x000046d8       0x3c c:/program files (x86)/cypress/psoc creator/4.2/psoc creator/import/gnu/arm/5.4.1/bin/../lib/gcc/arm-none-eabi/5.4.1/../../../../arm-none-eabi/lib/armv7-m\libg_nano.a(lib_a-nano-reallocr.o)
 .debug_frame   0x00004714       0x5c c:/program files (x86)/cypress/psoc creator/4.2/psoc creator/import/gnu/arm/5.4.1/bin/../lib/gcc/arm-none-eabi/5.4.1/../../../../arm-none-eabi/lib/armv7-m\libg_nano.a(lib_a-reent.o)
 .debug_frame   0x00004770       0x20 c:/program files (x86)/cypress/psoc creator/4.2/psoc creator/import/gnu/arm/5.4.1/bin/../lib/gcc/arm-none-eabi/5.4.1/../../../../arm-none-eabi/lib/armv7-m\libg_nano.a(lib_a-nano-msizer.o)

.debug_str      0x00000000     0x46c3
 *(.debug_str)
 .debug_str     0x00000000      0xe63 .\CortexM3\ARM_GCC_541\Debug\main.o
                                0xebf (size before relaxing)
 .debug_str     0x00000e63       0x8d .\CortexM3\ARM_GCC_541\Debug\bno055.o
                                0xed3 (size before relaxing)
 .debug_str     0x00000ef0      0x167 .\CortexM3\ARM_GCC_541\Debug\cyfitter_cfg.o
                                0x303 (size before relaxing)
 .debug_str     0x00001057       0x75 .\CortexM3\ARM_GCC_541\Debug\cymetadata.o
                                0x1e4 (size before relaxing)
 .debug_str     0x000010cc      0x11e .\CortexM3\ARM_GCC_541\Debug\Cm3Start.o
                                0x2d7 (size before relaxing)
 .debug_str     0x000011ea      0x24d .\CortexM3\ARM_GCC_541\Debug\IMU.a(Seat_ADC.o)
                                0x401 (size before relaxing)
 .debug_str     0x00001437       0x33 .\CortexM3\ARM_GCC_541\Debug\IMU.a(Seat_ADC_INT.o)
                                0x1ae (size before relaxing)
 .debug_str     0x0000146a      0x261 .\CortexM3\ARM_GCC_541\Debug\IMU.a(Seat_ADC_SAR.o)
                                0x482 (size before relaxing)
 .debug_str     0x000016cb       0xbf .\CortexM3\ARM_GCC_541\Debug\IMU.a(Seat_ADC_TempBuf_dma.o)
                                0x247 (size before relaxing)
 .debug_str     0x0000178a       0x88 .\CortexM3\ARM_GCC_541\Debug\IMU.a(Seat_ADC_FinalBuf_dma.o)
                                0x24b (size before relaxing)
 .debug_str     0x00001812      0x160 .\CortexM3\ARM_GCC_541\Debug\IMU.a(Seat_ADC_IRQ.o)
                                0x308 (size before relaxing)
 .debug_str     0x00001972      0x349 .\CortexM3\ARM_GCC_541\Debug\IMU.a(CyDmac.o)
                                0x51d (size before relaxing)
 .debug_str     0x00001cbb      0x7ca .\CortexM3\ARM_GCC_541\Debug\IMU.a(CyLib.o)
                                0x9ea (size before relaxing)
 .debug_str     0x00002485      0x371 .\CortexM3\ARM_GCC_541\Debug\IMU.a(cyPm.o)
                                0x543 (size before relaxing)
 .debug_str     0x000027f6      0x415 .\CortexM3\ARM_GCC_541\Debug\IMU.a(USBUART.o)
                                0x5eb (size before relaxing)
 .debug_str     0x00002c0b      0x4d9 .\CortexM3\ARM_GCC_541\Debug\IMU.a(USBUART_cdc.o)
                                0x71a (size before relaxing)
 .debug_str     0x000030e4      0x296 .\CortexM3\ARM_GCC_541\Debug\IMU.a(USBUART_drv.o)
                                0x5fa (size before relaxing)
 .debug_str     0x0000337a       0x80 .\CortexM3\ARM_GCC_541\Debug\IMU.a(USBUART_episr.o)
                                0x2c7 (size before relaxing)
 .debug_str     0x000033fa       0xac .\CortexM3\ARM_GCC_541\Debug\IMU.a(USBUART_pm.o)
                                0x26b (size before relaxing)
 .debug_str     0x000034a6      0x29a .\CortexM3\ARM_GCC_541\Debug\IMU.a(USBUART_std.o)
                                0x742 (size before relaxing)
 .debug_str     0x00003740       0x3e .\CortexM3\ARM_GCC_541\Debug\IMU.a(USBUART_vnd.o)
                                0x1ed (size before relaxing)
 .debug_str     0x0000377e       0xbe .\CortexM3\ARM_GCC_541\Debug\IMU.a(USBUART_Dp.o)
                                0x241 (size before relaxing)
 .debug_str     0x0000383c       0x51 .\CortexM3\ARM_GCC_541\Debug\IMU.a(LED.o)
                                0x1d8 (size before relaxing)
 .debug_str     0x0000388d      0x1d2 .\CortexM3\ARM_GCC_541\Debug\IMU.a(Sample_Timer.o)
                                0x365 (size before relaxing)
 .debug_str     0x00003a5f      0x180 .\CortexM3\ARM_GCC_541\Debug\IMU.a(Sample_Interrupt.o)
                                0x340 (size before relaxing)
 .debug_str     0x00003bdf      0x148 .\CortexM3\ARM_GCC_541\Debug\IMU.a(Enc_Int_High.o)
                                0x308 (size before relaxing)
 .debug_str     0x00003d27      0x13a .\CortexM3\ARM_GCC_541\Debug\IMU.a(Enc_Int_Low.o)
                                0x2fa (size before relaxing)
 .debug_str     0x00003e61       0xd2 .\CortexM3\ARM_GCC_541\Debug\IMU.a(I2C.o)
                                0x286 (size before relaxing)
 .debug_str     0x00003f33       0x86 .\CortexM3\ARM_GCC_541\Debug\IMU.a(I2C_INT.o)
                                0x258 (size before relaxing)
 .debug_str     0x00003fb9       0x56 .\CortexM3\ARM_GCC_541\Debug\IMU.a(I2C_PM.o)
                                0x23c (size before relaxing)
 .debug_str     0x0000400f      0x169 .\CortexM3\ARM_GCC_541\Debug\IMU.a(I2C_MASTER.o)
                                0x3a4 (size before relaxing)
 .debug_str     0x00004178      0x18c .\CortexM3\ARM_GCC_541\Debug\IMU.a(EncTimer.o)
                                0x344 (size before relaxing)
 .debug_str     0x00004304      0x14f .\CortexM3\ARM_GCC_541\Debug\IMU.a(CyFlash.o)
                                0x307 (size before relaxing)
 .debug_str     0x00004453      0x12d .\CortexM3\ARM_GCC_541\Debug\IMU.a(CySpc.o)
                                0x301 (size before relaxing)
 .debug_str     0x00004580       0x3f .\CortexM3\ARM_GCC_541\Debug\IMU.a(USBUART_cls.o)
                                0x28f (size before relaxing)
 .debug_str     0x000045bf      0x104 .\CortexM3\ARM_GCC_541\Debug\IMU.a(USBUART_descr.o)
                                0x359 (size before relaxing)

.debug_loc
 *(.debug_loc)

.debug_macinfo
 *(.debug_macinfo)

.debug_ranges   0x00000000      0xe08
 *(.debug_ranges)
 .debug_ranges  0x00000000       0x30 .\CortexM3\ARM_GCC_541\Debug\main.o
 .debug_ranges  0x00000030       0x30 .\CortexM3\ARM_GCC_541\Debug\bno055.o
 .debug_ranges  0x00000060       0x50 .\CortexM3\ARM_GCC_541\Debug\cyfitter_cfg.o
 .debug_ranges  0x000000b0       0x38 .\CortexM3\ARM_GCC_541\Debug\Cm3Start.o
 .debug_ranges  0x000000e8       0x90 .\CortexM3\ARM_GCC_541\Debug\IMU.a(Seat_ADC.o)
 .debug_ranges  0x00000178       0x10 .\CortexM3\ARM_GCC_541\Debug\IMU.a(Seat_ADC_INT.o)
 .debug_ranges  0x00000188       0x98 .\CortexM3\ARM_GCC_541\Debug\IMU.a(Seat_ADC_SAR.o)
 .debug_ranges  0x00000220       0x18 .\CortexM3\ARM_GCC_541\Debug\IMU.a(Seat_ADC_TempBuf_dma.o)
 .debug_ranges  0x00000238       0x18 .\CortexM3\ARM_GCC_541\Debug\IMU.a(Seat_ADC_FinalBuf_dma.o)
 .debug_ranges  0x00000250       0x70 .\CortexM3\ARM_GCC_541\Debug\IMU.a(Seat_ADC_IRQ.o)
 .debug_ranges  0x000002c0       0xc8 .\CortexM3\ARM_GCC_541\Debug\IMU.a(CyDmac.o)
 .debug_ranges  0x00000388      0x290 .\CortexM3\ARM_GCC_541\Debug\IMU.a(CyLib.o)
 .debug_ranges  0x00000618       0x88 .\CortexM3\ARM_GCC_541\Debug\IMU.a(cyPm.o)
 .debug_ranges  0x000006a0       0xb8 .\CortexM3\ARM_GCC_541\Debug\IMU.a(USBUART.o)
 .debug_ranges  0x00000758       0xd8 .\CortexM3\ARM_GCC_541\Debug\IMU.a(USBUART_cdc.o)
 .debug_ranges  0x00000830       0x88 .\CortexM3\ARM_GCC_541\Debug\IMU.a(USBUART_drv.o)
 .debug_ranges  0x000008b8       0x30 .\CortexM3\ARM_GCC_541\Debug\IMU.a(USBUART_episr.o)
 .debug_ranges  0x000008e8       0x30 .\CortexM3\ARM_GCC_541\Debug\IMU.a(USBUART_pm.o)
 .debug_ranges  0x00000918       0x70 .\CortexM3\ARM_GCC_541\Debug\IMU.a(USBUART_std.o)
 .debug_ranges  0x00000988       0x10 .\CortexM3\ARM_GCC_541\Debug\IMU.a(USBUART_vnd.o)
 .debug_ranges  0x00000998       0x38 .\CortexM3\ARM_GCC_541\Debug\IMU.a(USBUART_Dp.o)
 .debug_ranges  0x000009d0       0x28 .\CortexM3\ARM_GCC_541\Debug\IMU.a(LED.o)
 .debug_ranges  0x000009f8       0x78 .\CortexM3\ARM_GCC_541\Debug\IMU.a(Sample_Timer.o)
 .debug_ranges  0x00000a70       0x70 .\CortexM3\ARM_GCC_541\Debug\IMU.a(Sample_Interrupt.o)
 .debug_ranges  0x00000ae0       0x70 .\CortexM3\ARM_GCC_541\Debug\IMU.a(Enc_Int_High.o)
 .debug_ranges  0x00000b50       0x70 .\CortexM3\ARM_GCC_541\Debug\IMU.a(Enc_Int_Low.o)
 .debug_ranges  0x00000bc0       0x28 .\CortexM3\ARM_GCC_541\Debug\IMU.a(I2C.o)
 .debug_ranges  0x00000be8       0x10 .\CortexM3\ARM_GCC_541\Debug\IMU.a(I2C_INT.o)