Archive member included to satisfy reference by file (symbol)

.\CortexM3\ARM_GCC_541\Debug\CMG_IMU.a(gimbal_direction.o)
                              .\CortexM3\ARM_GCC_541\Debug\main.o (gimbal_direction_Write)
.\CortexM3\ARM_GCC_541\Debug\CMG_IMU.a(UART.o)
                              .\CortexM3\ARM_GCC_541\Debug\main.o (UART_Start)
.\CortexM3\ARM_GCC_541\Debug\CMG_IMU.a(UART_INT.o)
                              .\CortexM3\ARM_GCC_541\Debug\CMG_IMU.a(UART.o) (UART_TXISR)
.\CortexM3\ARM_GCC_541\Debug\CMG_IMU.a(Rpi_Tx_Interrupt.o)
                              .\CortexM3\ARM_GCC_541\Debug\main.o (Rpi_Tx_Interrupt_StartEx)
.\CortexM3\ARM_GCC_541\Debug\CMG_IMU.a(Steering_Timer.o)
                              .\CortexM3\ARM_GCC_541\Debug\main.o (Steering_Timer_ReadStatusRegister)
.\CortexM3\ARM_GCC_541\Debug\CMG_IMU.a(Timer_Interrupt.o)
                              .\CortexM3\ARM_GCC_541\Debug\main.o (Timer_Interrupt_StartEx)
.\CortexM3\ARM_GCC_541\Debug\CMG_IMU.a(UART_IntClock.o)
                              .\CortexM3\ARM_GCC_541\Debug\CMG_IMU.a(UART.o) (UART_IntClock_Start)
.\CortexM3\ARM_GCC_541\Debug\CMG_IMU.a(CyLib.o)
                              .\CortexM3\ARM_GCC_541\Debug\Cm3Start.o (CyHalt)
.\CortexM3\ARM_GCC_541\Debug\CMG_IMU.a(cyPm.o)
                              .\CortexM3\ARM_GCC_541\Debug\CMG_IMU.a(CyLib.o) (CyPmReadStatus)
.\CortexM3\ARM_GCC_541\Debug\CMG_IMU.a(PWM_CMG.o)
                              .\CortexM3\ARM_GCC_541\Debug\main.o (PWM_CMG_WriteCompare1)
.\CortexM3\ARM_GCC_541\Debug\CMG_IMU.a(SW1.o)
                              .\CortexM3\ARM_GCC_541\Debug\main.o (SW1_Read)
.\CortexM3\ARM_GCC_541\Debug\CMG_IMU.a(LED1.o)
                              .\CortexM3\ARM_GCC_541\Debug\main.o (LED1_Write)
.\CortexM3\ARM_GCC_541\Debug\CMG_IMU.a(Gimbal_Encoder.o)
                              .\CortexM3\ARM_GCC_541\Debug\main.o (Gimbal_Encoder_GetCounter)
.\CortexM3\ARM_GCC_541\Debug\CMG_IMU.a(Gimbal_Encoder_Cnt16.o)
                              .\CortexM3\ARM_GCC_541\Debug\CMG_IMU.a(Gimbal_Encoder.o) (Gimbal_Encoder_Cnt16_Stop)
.\CortexM3\ARM_GCC_541\Debug\CMG_IMU.a(Gimbal_Timer.o)
                              .\CortexM3\ARM_GCC_541\Debug\main.o (Gimbal_Timer_ReadStatusRegister)
.\CortexM3\ARM_GCC_541\Debug\CMG_IMU.a(Gimbal_Control_Loop_Interrupt.o)
                              .\CortexM3\ARM_GCC_541\Debug\main.o (Gimbal_Control_Loop_Interrupt_StartEx)
.\CortexM3\ARM_GCC_541\Debug\CMG_IMU.a(Handle_Encoder.o)
                              .\CortexM3\ARM_GCC_541\Debug\main.o (Handle_Encoder_GetCounter)
.\CortexM3\ARM_GCC_541\Debug\CMG_IMU.a(Handle_Encoder_Cnt16.o)
                              .\CortexM3\ARM_GCC_541\Debug\CMG_IMU.a(Handle_Encoder.o) (Handle_Encoder_Cnt16_Stop)
.\CortexM3\ARM_GCC_541\Debug\CMG_IMU.a(Steering_Control_Loop_Interrupt.o)
                              .\CortexM3\ARM_GCC_541\Debug\main.o (Steering_Control_Loop_Interrupt_StartEx)
.\CortexM3\ARM_GCC_541\Debug\CMG_IMU.a(Steering_Dir.o)
                              .\CortexM3\ARM_GCC_541\Debug\main.o (Steering_Dir_Write)
.\CortexM3\ARM_GCC_541\Debug\CMG_IMU.a(PWM_Steer.o)
                              .\CortexM3\ARM_GCC_541\Debug\main.o (PWM_Steer_WriteCompare)
.\CortexM3\ARM_GCC_541\Debug\CMG_IMU.a(CyBootAsmGnu.o)
                              .\CortexM3\ARM_GCC_541\Debug\cyfitter_cfg.o (CyDelayCycles)
.\CortexM3\ARM_GCC_541\Debug\CMG_IMU.a(CyFlash.o)
                              .\CortexM3\ARM_GCC_541\Debug\CMG_IMU.a(cyPm.o) (CyFlash_SetWaitCycles)
.\CortexM3\ARM_GCC_541\Debug\CMG_IMU.a(CySpc.o)
                              .\CortexM3\ARM_GCC_541\Debug\CMG_IMU.a(CyFlash.o) (CySpcStart)
c:/program files (x86)/cypress/psoc creator/4.2/psoc creator/import/gnu/arm/5.4.1/bin/../lib/gcc/arm-none-eabi/5.4.1/../../../../arm-none-eabi/lib/armv7-m\libm.a(lib_a-s_cos.o)
                              .\CortexM3\ARM_GCC_541\Debug\main.o (cos)
c:/program files (x86)/cypress/psoc creator/4.2/psoc creator/import/gnu/arm/5.4.1/bin/../lib/gcc/arm-none-eabi/5.4.1/../../../../arm-none-eabi/lib/armv7-m\libm.a(lib_a-e_rem_pio2.o)
                              c:/program files (x86)/cypress/psoc creator/4.2/psoc creator/import/gnu/arm/5.4.1/bin/../lib/gcc/arm-none-eabi/5.4.1/../../../../arm-none-eabi/lib/armv7-m\libm.a(lib_a-s_cos.o) (__ieee754_rem_pio2)
c:/program files (x86)/cypress/psoc creator/4.2/psoc creator/import/gnu/arm/5.4.1/bin/../lib/gcc/arm-none-eabi/5.4.1/../../../../arm-none-eabi/lib/armv7-m\libm.a(lib_a-k_cos.o)
                              c:/program files (x86)/cypress/psoc creator/4.2/psoc creator/import/gnu/arm/5.4.1/bin/../lib/gcc/arm-none-eabi/5.4.1/../../../../arm-none-eabi/lib/armv7-m\libm.a(lib_a-s_cos.o) (__kernel_cos)
c:/program files (x86)/cypress/psoc creator/4.2/psoc creator/import/gnu/arm/5.4.1/bin/../lib/gcc/arm-none-eabi/5.4.1/../../../../arm-none-eabi/lib/armv7-m\libm.a(lib_a-k_rem_pio2.o)
[...]
Memory Configuration

Name             Origin             Length             Attributes
rom              0x00000000         0x00040000         xr
ram              0x1fff8000         0x00010000         xrw
*default*        0x00000000         0xffffffff

Linker script and memory map

LOAD c:/program files (x86)/cypress/psoc creator/4.2/psoc creator/import/gnu/arm/5.4.1/bin/../lib/gcc/arm-none-eabi/5.4.1/armv7-m/crti.o
LOAD c:/program files (x86)/cypress/psoc creator/4.2/psoc creator/import/gnu/arm/5.4.1/bin/../lib/gcc/arm-none-eabi/5.4.1/armv7-m/crtbegin.o
LOAD c:/program files (x86)/cypress/psoc creator/4.2/psoc creator/import/gnu/arm/5.4.1/bin/../lib/gcc/arm-none-eabi/5.4.1/../../../../arm-none-eabi/lib/armv7-m/crt0.o
START GROUP
LOAD .\CortexM3\ARM_GCC_541\Debug\main.o
LOAD .\CortexM3\ARM_GCC_541\Debug\cyfitter_cfg.o
LOAD .\CortexM3\ARM_GCC_541\Debug\cymetadata.o
LOAD .\CortexM3\ARM_GCC_541\Debug\Cm3Start.o
LOAD .\CortexM3\ARM_GCC_541\Debug\CMG_IMU.a
LOAD C:\Program Files (x86)\Cypress\PSoC Creator\4.2\PSoC Creator\psoc\content\cycomponentlibrary\CyComponentLibrary.cylib\CortexM3\ARM_GCC_541\Debug\CyComponentLibrary.a
LOAD c:/program files (x86)/cypress/psoc creator/4.2/psoc creator/import/gnu/arm/5.4.1/bin/../lib/gcc/arm-none-eabi/5.4.1/../../../../arm-none-eabi/lib/armv7-m\libm.a
END GROUP
START GROUP
LOAD c:/program files (x86)/cypress/psoc creator/4.2/psoc creator/import/gnu/arm/5.4.1/bin/../lib/gcc/arm-none-eabi/5.4.1/armv7-m\libgcc.a
LOAD c:/program files (x86)/cypress/psoc creator/4.2/psoc creator/import/gnu/arm/5.4.1/bin/../lib/gcc/arm-none-eabi/5.4.1/../../../../arm-none-eabi/lib/armv7-m\libg_nano.a
LOAD c:/program files (x86)/cypress/psoc creator/4.2/psoc creator/import/gnu/arm/5.4.1/bin/../lib/gcc/arm-none-eabi/5.4.1/../../../../arm-none-eabi/lib/armv7-m\libc_nano.a
END GROUP
START GROUP
LOAD c:/program files (x86)/cypress/psoc creator/4.2/psoc creator/import/gnu/arm/5.4.1/bin/../lib/gcc/arm-none-eabi/5.4.1/armv7-m\libgcc.a
LOAD c:/program files (x86)/cypress/psoc creator/4.2/psoc creator/import/gnu/arm/5.4.1/bin/../lib/gcc/arm-none-eabi/5.4.1/../../../../arm-none-eabi/lib/armv7-m\libc_nano.a
END GROUP
LOAD c:/program files (x86)/cypress/psoc creator/4.2/psoc creator/import/gnu/arm/5.4.1/bin/../lib/gcc/arm-none-eabi/5.4.1/armv7-m/crtend.o
LOAD c:/program files (x86)/cypress/psoc creator/4.2/psoc creator/import/gnu/arm/5.4.1/bin/../lib/gcc/arm-none-eabi/5.4.1/armv7-m/crtn.o
START GROUP
LOAD c:/program files (x86)/cypress/psoc creator/4.2/psoc creator/import/gnu/arm/5.4.1/bin/../lib/gcc/arm-none-eabi/5.4.1/armv7-m\libgcc.a
LOAD c:/program files (x86)/cypress/psoc creator/4.2/psoc creator/import/gnu/arm/5.4.1/bin/../lib/gcc/arm-none-eabi/5.4.1/../../../../arm-none-eabi/lib/armv7-m\libc.a
LOAD c:/program files (x86)/cypress/psoc creator/4.2/psoc creator/import/gnu/arm/5.4.1/bin/../lib/gcc/arm-none-eabi/5.4.1/../../../../arm-none-eabi/lib/armv7-m\libnosys.a
END GROUP
                0x00000000                CY_APPL_ORIGIN = 0x0
                0x00000100                CY_FLASH_ROW_SIZE = 0x100
                0x00000020                CY_ECC_ROW_SIZE = 0x20
                0x00000000                CY_EE_IN_BTLDR = 0x0
                0x00000000                CY_APPL_LOADABLE = 0x0
                0x00000800                CY_EE_SIZE = 0x800
                0x00000001                CY_APPL_NUM = 0x1
                0x00000001                CY_APPL_MAX = 0x1
                0x00000040                CY_METADATA_SIZE = 0x40
                0x00000000                CY_APPL_LOADABLE = 0x0
                0x00000000                CY_CHECKSUM_EXCLUDE_SIZE = ALIGN (0x0, CY_FLASH_ROW_SIZE)
                [!provide]                PROVIDE (__cy_heap_start, _end)
                0x00000001                PROVIDE (__cy_region_num, ((__cy_regions_end - __cy_regions) / 0x10))
                0x20008000                PROVIDE (__cy_stack, (ORIGIN (ram) + LENGTH (ram)))
                [!provide]                PROVIDE (__cy_heap_end, (__cy_stack - 0x800))

.cybootloader   0x00000000        0x0
 *(.cybootloader)
                0x00000000                appl1_start = CY_APPL_ORIGIN?CY_APPL_ORIGIN:ALIGN (CY_FLASH_ROW_SIZE)
                0x0001ff00                appl2_start = (appl1_start + ALIGN ((((LENGTH (rom) - appl1_start) - (0x2 * CY_FLASH_ROW_SIZE)) / 0x2), CY_FLASH_ROW_SIZE))
                0x00000000                appl_start = (CY_APPL_NUM == 0x1)?appl1_start:appl2_start
                0x00000000                ecc_offset = ((appl_start / CY_FLASH_ROW_SIZE) * CY_ECC_ROW_SIZE)
                0x00000000                ee_offset = (CY_APPL_LOADABLE && ! (CY_EE_IN_BTLDR))?((CY_EE_SIZE / CY_APPL_MAX) * (CY_APPL_NUM - 0x1)):0x0
                0x00000800                ee_size = (CY_APPL_LOADABLE && ! (CY_EE_IN_BTLDR))?(CY_EE_SIZE / CY_APPL_MAX):CY_EE_SIZE
                [!provide]                PROVIDE (CY_ECC_OFFSET, ecc_offset)

.text           0x00000000     0x35ca
 CREATE_OBJECT_SYMBOLS
                0x00000000                PROVIDE (__cy_interrupt_vector, RomVectors)
 *(.romvectors)
 .romvectors    0x00000000       0x10 .\CortexM3\ARM_GCC_541\Debug\Cm3Start.o
                0x00000000                RomVectors
                0x00000001                ASSERT ((. != __cy_interrupt_vector), No interrupt vector)
                0x00000001                ASSERT (CY_APPL_ORIGIN?(SIZEOF (.cybootloader) <= CY_APPL_ORIGIN):0x1, Wrong image location)
                0x00000010                PROVIDE (__cy_reset, Reset)
 *(.text.Reset)
 .text.Reset    0x00000010       0x18 .\CortexM3\ARM_GCC_541\Debug\Cm3Start.o
                0x00000010                Reset
                0x00000001                ASSERT ((. != __cy_reset), No reset code)
 *(.dma_init)
                0x00000001                ASSERT ((((appl_start + .) <= 0x10000) || 0x1), DMA Init must be within the first 64k of flash)
 *(.text .text.* .gnu.linkonce.t.*)
 .text          0x00000028       0x5c c:/program files (x86)/cypress/psoc creator/4.2/psoc creator/import/gnu/arm/5.4.1/bin/../lib/gcc/arm-none-eabi/5.4.1/armv7-m/crtbegin.o
 *fill*         0x00000084        0x4 
 .text.timer_isr
                0x00000088       0x78 .\CortexM3\ARM_GCC_541\Debug\main.o
                0x00000088                timer_isr
 .text.gimbal_control_loop
                0x00000100      0x13c .\CortexM3\ARM_GCC_541\Debug\main.o
                0x00000100                gimbal_control_loop
 .text.steering_control_loop
                0x0000023c       0xb4 .\CortexM3\ARM_GCC_541\Debug\main.o
                0x0000023c                steering_control_loop
 .text.rpi_tx_isr
                0x000002f0       0x7c .\CortexM3\ARM_GCC_541\Debug\main.o
                0x000002f0                rpi_tx_isr
 .text.cmg_pid  0x0000036c       0x6c .\CortexM3\ARM_GCC_541\Debug\main.o
                0x0000036c                cmg_pid
 .text.alpha    0x000003d8       0x30 .\CortexM3\ARM_GCC_541\Debug\main.o
                0x000003d8                alpha
 .text.main     0x00000408      0x168 .\CortexM3\ARM_GCC_541\Debug\main.o
                0x00000408                main
 .text.CyClockStartupError
                0x00000570        0x4 .\CortexM3\ARM_GCC_541\Debug\cyfitter_cfg.o
 .text.cfg_write_bytes32
                0x00000574       0x34 .\CortexM3\ARM_GCC_541\Debug\cyfitter_cfg.o
 .text.AnalogSetDefault
                0x000005a8       0x38 .\CortexM3\ARM_GCC_541\Debug\cyfitter_cfg.o
 .text.CYMEMZERO
                0x000005e0        0xc .\CortexM3\ARM_GCC_541\Debug\cyfitter_cfg.o
 .text.ClockSetup
                0x000005ec       0xfc .\CortexM3\ARM_GCC_541\Debug\cyfitter_cfg.o
 .text.CYCONFIGCPY
                0x000006e8        0x8 .\CortexM3\ARM_GCC_541\Debug\cyfitter_cfg.o
 .text.cyfitter_cfg
                0x000006f0      0x164 .\CortexM3\ARM_GCC_541\Debug\cyfitter_cfg.o
                0x000006f0                cyfitter_cfg
 .text.IntDefaultHandler
                0x00000854       0x10 .\CortexM3\ARM_GCC_541\Debug\Cm3Start.o
                0x00000854                IntDefaultHandler
 .text.Start_c  0x00000864       0x4c .\CortexM3\ARM_GCC_541\Debug\Cm3Start.o
                0x00000864                Start_c
 .text.initialize_psoc
                0x000008b0       0x68 .\CortexM3\ARM_GCC_541\Debug\Cm3Start.o
                0x000008b0                initialize_psoc
 .text.gimbal_direction_Write
                0x00000918       0x18 .\CortexM3\ARM_GCC_541\Debug\CMG_IMU.a(gimbal_direction.o)
                0x00000918                gimbal_direction_Write
 .text.UART_Init
                0x00000930       0x40 .\CortexM3\ARM_GCC_541\Debug\CMG_IMU.a(UART.o)
                0x00000930                UART_Init
 .text.UART_Enable
                0x00000970       0x48 .\CortexM3\ARM_GCC_541\Debug\CMG_IMU.a(UART.o)
                0x00000970                UART_Enable
 .text.UART_Start
                0x000009b8       0x1c .\CortexM3\ARM_GCC_541\Debug\CMG_IMU.a(UART.o)
                0x000009b8                UART_Start
 .text.UART_GetChar
                0x000009d4       0x2c .\CortexM3\ARM_GCC_541\Debug\CMG_IMU.a(UART.o)
                0x000009d4                UART_GetChar
 .text.UART_TXISR
                0x00000a00       0x58 .\CortexM3\ARM_GCC_541\Debug\CMG_IMU.a(UART_INT.o)
                0x00000a00                UART_TXISR
 .text.Rpi_Tx_Interrupt_SetVector
                0x00000a58        0xc .\CortexM3\ARM_GCC_541\Debug\CMG_IMU.a(Rpi_Tx_Interrupt.o)
                0x00000a58                Rpi_Tx_Interrupt_SetVector
 .text.Rpi_Tx_Interrupt_SetPriority
                0x00000a64       0x10 .\CortexM3\ARM_GCC_541\Debug\CMG_IMU.a(Rpi_Tx_Interrupt.o)
                0x00000a64                Rpi_Tx_Interrupt_SetPriority
 .text.Rpi_Tx_Interrupt_Enable
                0x00000a74        0xc .\CortexM3\ARM_GCC_541\Debug\CMG_IMU.a(Rpi_Tx_Interrupt.o)
                0x00000a74                Rpi_Tx_Interrupt_Enable
 .text.Rpi_Tx_Interrupt_Disable
                0x00000a80        0xc .\CortexM3\ARM_GCC_541\Debug\CMG_IMU.a(Rpi_Tx_Interrupt.o)
                0x00000a80                Rpi_Tx_Interrupt_Disable
 .text.Rpi_Tx_Interrupt_StartEx
                0x00000a8c       0x1c .\CortexM3\ARM_GCC_541\Debug\CMG_IMU.a(Rpi_Tx_Interrupt.o)
                0x00000a8c                Rpi_Tx_Interrupt_StartEx
 .text.Steering_Timer_Enable
                0x00000aa8       0x28 .\CortexM3\ARM_GCC_541\Debug\CMG_IMU.a(Steering_Timer.o)
                0x00000aa8                Steering_Timer_Enable
 .text.Steering_Timer_SetInterruptMode
                0x00000ad0        0xc .\CortexM3\ARM_GCC_541\Debug\CMG_IMU.a(Steering_Timer.o)
                0x00000ad0                Steering_Timer_SetInterruptMode
 .text.Steering_Timer_ReadStatusRegister
                0x00000adc        0xc .\CortexM3\ARM_GCC_541\Debug\CMG_IMU.a(Steering_Timer.o)
                0x00000adc                Steering_Timer_ReadStatusRegister
 .text.Steering_Timer_WritePeriod
                0x00000ae8        0xc .\CortexM3\ARM_GCC_541\Debug\CMG_IMU.a(Steering_Timer.o)
                0x00000ae8                Steering_Timer_WritePeriod
 .text.Steering_Timer_WriteCounter
                0x00000af4        0xc .\CortexM3\ARM_GCC_541\Debug\CMG_IMU.a(Steering_Timer.o)
                0x00000af4                Steering_Timer_WriteCounter
 .text.Steering_Timer_Init
                0x00000b00       0x64 .\CortexM3\ARM_GCC_541\Debug\CMG_IMU.a(Steering_Timer.o)
                0x00000b00                Steering_Timer_Init
 .text.Steering_Timer_Start
                0x00000b64       0x1c .\CortexM3\ARM_GCC_541\Debug\CMG_IMU.a(Steering_Timer.o)
                0x00000b64                Steering_Timer_Start
 .text.Timer_Interrupt_SetVector
                0x00000b80        0xc .\CortexM3\ARM_GCC_541\Debug\CMG_IMU.a(Timer_Interrupt.o)
                0x00000b80                Timer_Interrupt_SetVector
 .text.Timer_Interrupt_SetPriority
                0x00000b8c       0x10 .\CortexM3\ARM_GCC_541\Debug\CMG_IMU.a(Timer_Interrupt.o)
                0x00000b8c                Timer_Interrupt_SetPriority
 .text.Timer_Interrupt_Enable
                0x00000b9c        0xc .\CortexM3\ARM_GCC_541\Debug\CMG_IMU.a(Timer_Interrupt.o)
                0x00000b9c                Timer_Interrupt_Enable
 .text.Timer_Interrupt_Disable
                0x00000ba8        0xc .\CortexM3\ARM_GCC_541\Debug\CMG_IMU.a(Timer_Interrupt.o)
                0x00000ba8                Timer_Interrupt_Disable
 .text.Timer_Interrupt_StartEx
                0x00000bb4       0x1c .\CortexM3\ARM_GCC_541\Debug\CMG_IMU.a(Timer_Interrupt.o)
                0x00000bb4                Timer_Interrupt_StartEx
 .text.UART_IntClock_Start
                0x00000bd0       0x1c .\CortexM3\ARM_GCC_541\Debug\CMG_IMU.a(UART_IntClock.o)
                0x00000bd0                UART_IntClock_Start
 .text.CyHalt   0x00000bec        0x4 .\CortexM3\ARM_GCC_541\Debug\CMG_IMU.a(CyLib.o)
                0x00000bec                CyHalt
 .text.CyDelay  0x00000bf0       0x2c .\CortexM3\ARM_GCC_541\Debug\CMG_IMU.a(CyLib.o)
                0x00000bf0                CyDelay
 .text.CyIntSetVector
                0x00000c1c       0x28 .\CortexM3\ARM_GCC_541\Debug\CMG_IMU.a(CyLib.o)
                0x00000c1c                CyIntSetVector
 .text.CyIntSetPriority
                0x00000c44       0x30 .\CortexM3\ARM_GCC_541\Debug\CMG_IMU.a(CyLib.o)
                0x00000c44                CyIntSetPriority
 .text.PWM_CMG_Enable
                0x00000c74       0x10 .\CortexM3\ARM_GCC_541\Debug\CMG_IMU.a(PWM_CMG.o)
                0x00000c74                PWM_CMG_Enable
 .text.PWM_CMG_WriteCounter
                0x00000c84        0xc .\CortexM3\ARM_GCC_541\Debug\CMG_IMU.a(PWM_CMG.o)
                0x00000c84                PWM_CMG_WriteCounter
 .text.PWM_CMG_WritePeriod
                0x00000c90        0xc .\CortexM3\ARM_GCC_541\Debug\CMG_IMU.a(PWM_CMG.o)
                0x00000c90                PWM_CMG_WritePeriod
 .text.PWM_CMG_WriteCompare1
                0x00000c9c        0xc .\CortexM3\ARM_GCC_541\Debug\CMG_IMU.a(PWM_CMG.o)
                0x00000c9c                PWM_CMG_WriteCompare1
 .text.PWM_CMG_WriteCompare2
                0x00000ca8        0xc .\CortexM3\ARM_GCC_541\Debug\CMG_IMU.a(PWM_CMG.o)
                0x00000ca8                PWM_CMG_WriteCompare2
 .text.PWM_CMG_SetInterruptMode
                0x00000cb4        0xc .\CortexM3\ARM_GCC_541\Debug\CMG_IMU.a(PWM_CMG.o)
                0x00000cb4                PWM_CMG_SetInterruptMode
 .text.PWM_CMG_ReadStatusRegister
                0x00000cc0        0xc .\CortexM3\ARM_GCC_541\Debug\CMG_IMU.a(PWM_CMG.o)
                0x00000cc0                PWM_CMG_ReadStatusRegister
 .text.PWM_CMG_ReadCapture
                0x00000ccc        0xc .\CortexM3\ARM_GCC_541\Debug\CMG_IMU.a(PWM_CMG.o)
                0x00000ccc                PWM_CMG_ReadCapture
 .text.PWM_CMG_ClearFIFO
                0x00000cd8       0x14 .\CortexM3\ARM_GCC_541\Debug\CMG_IMU.a(PWM_CMG.o)
                0x00000cd8                PWM_CMG_ClearFIFO
 .text.PWM_CMG_Init
                0x00000cec       0x64 .\CortexM3\ARM_GCC_541\Debug\CMG_IMU.a(PWM_CMG.o)
                0x00000cec                PWM_CMG_Init
 .text.PWM_CMG_Start
                0x00000d50       0x1c .\CortexM3\ARM_GCC_541\Debug\CMG_IMU.a(PWM_CMG.o)
                0x00000d50                PWM_CMG_Start
 .text.SW1_Read
                0x00000d6c       0x10 .\CortexM3\ARM_GCC_541\Debug\CMG_IMU.a(SW1.o)
                0x00000d6c                SW1_Read
 .text.LED1_Write
                0x00000d7c       0x18 .\CortexM3\ARM_GCC_541\Debug\CMG_IMU.a(LED1.o)
                0x00000d7c                LED1_Write
 .text.Gimbal_Encoder_GetCounter
                0x00000d94       0x10 .\CortexM3\ARM_GCC_541\Debug\CMG_IMU.a(Gimbal_Encoder.o)
                0x00000d94                Gimbal_Encoder_GetCounter
 .text.Gimbal_Encoder_SetCounter
                0x00000da4       0x1c .\CortexM3\ARM_GCC_541\Debug\CMG_IMU.a(Gimbal_Encoder.o)
                0x00000da4                Gimbal_Encoder_SetCounter
 .text.Gimbal_Encoder_GetEvents
                0x00000dc0       0x10 .\CortexM3\ARM_GCC_541\Debug\CMG_IMU.a(Gimbal_Encoder.o)
                0x00000dc0                Gimbal_Encoder_GetEvents
 .text.Gimbal_Encoder_SetInterruptMask
                0x00000dd0        0xc .\CortexM3\ARM_GCC_541\Debug\CMG_IMU.a(Gimbal_Encoder.o)
                0x00000dd0                Gimbal_Encoder_SetInterruptMask
 .text.Gimbal_Encoder_Enable
                0x00000ddc       0x24 .\CortexM3\ARM_GCC_541\Debug\CMG_IMU.a(Gimbal_Encoder.o)
                0x00000ddc                Gimbal_Encoder_Enable
 .text.Gimbal_Encoder_Start
                0x00000e00       0x24 .\CortexM3\ARM_GCC_541\Debug\CMG_IMU.a(Gimbal_Encoder.o)
                0x00000e00                Gimbal_Encoder_Start
 .text.Gimbal_Encoder_Cnt16_Enable
                0x00000e24       0x10 .\CortexM3\ARM_GCC_541\Debug\CMG_IMU.a(Gimbal_Encoder_Cnt16.o)
                0x00000e24                Gimbal_Encoder_Cnt16_Enable
 .text.Gimbal_Encoder_Cnt16_SetInterruptMode
                0x00000e34        0xc .\CortexM3\ARM_GCC_541\Debug\CMG_IMU.a(Gimbal_Encoder_Cnt16.o)
                0x00000e34                Gimbal_Encoder_Cnt16_SetInterruptMode
 .text.Gimbal_Encoder_Cnt16_ReadStatusRegister
                0x00000e40        0xc .\CortexM3\ARM_GCC_541\Debug\CMG_IMU.a(Gimbal_Encoder_Cnt16.o)
                0x00000e40                Gimbal_Encoder_Cnt16_ReadStatusRegister
 .text.Gimbal_Encoder_Cnt16_WriteCounter
                0x00000e4c        0xc .\CortexM3\ARM_GCC_541\Debug\CMG_IMU.a(Gimbal_Encoder_Cnt16.o)
                0x00000e4c                Gimbal_Encoder_Cnt16_WriteCounter
 .text.Gimbal_Encoder_Cnt16_ReadCounter
                0x00000e58       0x14 .\CortexM3\ARM_GCC_541\Debug\CMG_IMU.a(Gimbal_Encoder_Cnt16.o)
                0x00000e58                Gimbal_Encoder_Cnt16_ReadCounter
 .text.Gimbal_Encoder_Cnt16_ReadCapture
                0x00000e6c        0xc .\CortexM3\ARM_GCC_541\Debug\CMG_IMU.a(Gimbal_Encoder_Cnt16.o)
                0x00000e6c                Gimbal_Encoder_Cnt16_ReadCapture
 .text.Gimbal_Encoder_Cnt16_WritePeriod
                0x00000e78        0xc .\CortexM3\ARM_GCC_541\Debug\CMG_IMU.a(Gimbal_Encoder_Cnt16.o)
                0x00000e78                Gimbal_Encoder_Cnt16_WritePeriod
 .text.Gimbal_Encoder_Cnt16_WriteCompare
                0x00000e84        0xc .\CortexM3\ARM_GCC_541\Debug\CMG_IMU.a(Gimbal_Encoder_Cnt16.o)
                0x00000e84                Gimbal_Encoder_Cnt16_WriteCompare
 .text.Gimbal_Encoder_Cnt16_ClearFIFO
                0x00000e90       0x14 .\CortexM3\ARM_GCC_541\Debug\CMG_IMU.a(Gimbal_Encoder_Cnt16.o)
                0x00000e90                Gimbal_Encoder_Cnt16_ClearFIFO
 .text.Gimbal_Encoder_Cnt16_Init
                0x00000ea4       0x58 .\CortexM3\ARM_GCC_541\Debug\CMG_IMU.a(Gimbal_Encoder_Cnt16.o)
                0x00000ea4                Gimbal_Encoder_Cnt16_Init
 .text.Gimbal_Encoder_Cnt16_Start
                0x00000efc       0x1c .\CortexM3\ARM_GCC_541\Debug\CMG_IMU.a(Gimbal_Encoder_Cnt16.o)
                0x00000efc                Gimbal_Encoder_Cnt16_Start
 .text.Gimbal_Timer_Enable
                0x00000f18       0x28 .\CortexM3\ARM_GCC_541\Debug\CMG_IMU.a(Gimbal_Timer.o)
                0x00000f18                Gimbal_Timer_Enable
 .text.Gimbal_Timer_SetInterruptMode
                0x00000f40        0xc .\CortexM3\ARM_GCC_541\Debug\CMG_IMU.a(Gimbal_Timer.o)
                0x00000f40                Gimbal_Timer_SetInterruptMode
 .text.Gimbal_Timer_ReadStatusRegister
                0x00000f4c        0xc .\CortexM3\ARM_GCC_541\Debug\CMG_IMU.a(Gimbal_Timer.o)
                0x00000f4c                Gimbal_Timer_ReadStatusRegister
 .text.Gimbal_Timer_WritePeriod
                0x00000f58        0xc .\CortexM3\ARM_GCC_541\Debug\CMG_IMU.a(Gimbal_Timer.o)
                0x00000f58                Gimbal_Timer_WritePeriod
 .text.Gimbal_Timer_WriteCounter
                0x00000f64        0xc .\CortexM3\ARM_GCC_541\Debug\CMG_IMU.a(Gimbal_Timer.o)
                0x00000f64                Gimbal_Timer_WriteCounter
 .text.Gimbal_Timer_Init
                0x00000f70       0x64 .\CortexM3\ARM_GCC_541\Debug\CMG_IMU.a(Gimbal_Timer.o)
                0x00000f70                Gimbal_Timer_Init
 .text.Gimbal_Timer_Start
                0x00000fd4       0x1c .\CortexM3\ARM_GCC_541\Debug\CMG_IMU.a(Gimbal_Timer.o)
                0x00000fd4                Gimbal_Timer_Start
 .text.Gimbal_Control_Loop_Interrupt_SetVector
                0x00000ff0       0x10 .\CortexM3\ARM_GCC_541\Debug\CMG_IMU.a(Gimbal_Control_Loop_Interrupt.o)
                0x00000ff0                Gimbal_Control_Loop_Interrupt_SetVector
 .text.Gimbal_Control_Loop_Interrupt_SetPriority
                0x00001000       0x10 .\CortexM3\ARM_GCC_541\Debug\CMG_IMU.a(Gimbal_Control_Loop_Interrupt.o)
                0x00001000                Gimbal_Control_Loop_Interrupt_SetPriority
 .text.Gimbal_Control_Loop_Interrupt_Enable
                0x00001010       0x10 .\CortexM3\ARM_GCC_541\Debug\CMG_IMU.a(Gimbal_Control_Loop_Interrupt.o)
                0x00001010                Gimbal_Control_Loop_Interrupt_Enable
 .text.Gimbal_Control_Loop_Interrupt_Disable
                0x00001020       0x10 .\CortexM3\ARM_GCC_541\Debug\CMG_IMU.a(Gimbal_Control_Loop_Interrupt.o)
                0x00001020                Gimbal_Control_Loop_Interrupt_Disable
 .text.Gimbal_Control_Loop_Interrupt_StartEx
                0x00001030       0x1c .\CortexM3\ARM_GCC_541\Debug\CMG_IMU.a(Gimbal_Control_Loop_Interrupt.o)
                0x00001030                Gimbal_Control_Loop_Interrupt_StartEx
 .text.Handle_Encoder_GetCounter
                0x0000104c       0x10 .\CortexM3\ARM_GCC_541\Debug\CMG_IMU.a(Handle_Encoder.o)
                0x0000104c                Handle_Encoder_GetCounter
 .text.Handle_Encoder_SetCounter
                0x0000105c       0x1c .\CortexM3\ARM_GCC_541\Debug\CMG_IMU.a(Handle_Encoder.o)
                0x0000105c                Handle_Encoder_SetCounter
 .text.Handle_Encoder_GetEvents
                0x00001078       0x10 .\CortexM3\ARM_GCC_541\Debug\CMG_IMU.a(Handle_Encoder.o)
                0x00001078                Handle_Encoder_GetEvents
 .text.Handle_Encoder_SetInterruptMask
                0x00001088        0xc .\CortexM3\ARM_GCC_541\Debug\CMG_IMU.a(Handle_Encoder.o)
                0x00001088                Handle_Encoder_SetInterruptMask
 .text.Handle_Encoder_Enable
                0x00001094       0x24 .\CortexM3\ARM_GCC_541\Debug\CMG_IMU.a(Handle_Encoder.o)
                0x00001094                Handle_Encoder_Enable
 .text.Handle_Encoder_Start
                0x000010b8       0x24 .\CortexM3\ARM_GCC_541\Debug\CMG_IMU.a(Handle_Encoder.o)
                0x000010b8                Handle_Encoder_Start
 .text.Handle_Encoder_Cnt16_Enable
                0x000010dc       0x10 .\CortexM3\ARM_GCC_541\Debug\CMG_IMU.a(Handle_Encoder_Cnt16.o)
                0x000010dc                Handle_Encoder_Cnt16_Enable
 .text.Handle_Encoder_Cnt16_SetInterruptMode
                0x000010ec        0xc .\CortexM3\ARM_GCC_541\Debug\CMG_IMU.a(Handle_Encoder_Cnt16.o)
                0x000010ec                Handle_Encoder_Cnt16_SetInterruptMode
 .text.Handle_Encoder_Cnt16_ReadStatusRegister
                0x000010f8        0xc .\CortexM3\ARM_GCC_541\Debug\CMG_IMU.a(Handle_Encoder_Cnt16.o)
                0x000010f8                Handle_Encoder_Cnt16_ReadStatusRegister
 .text.Handle_Encoder_Cnt16_WriteCounter
                0x00001104        0xc .\CortexM3\ARM_GCC_541\Debug\CMG_IMU.a(Handle_Encoder_Cnt16.o)
                0x00001104                Handle_Encoder_Cnt16_WriteCounter
 .text.Handle_Encoder_Cnt16_ReadCounter
                0x00001110       0x14 .\CortexM3\ARM_GCC_541\Debug\CMG_IMU.a(Handle_Encoder_Cnt16.o)
                0x00001110                Handle_Encoder_Cnt16_ReadCounter
 .text.Handle_Encoder_Cnt16_ReadCapture
                0x00001124        0xc .\CortexM3\ARM_GCC_541\Debug\CMG_IMU.a(Handle_Encoder_Cnt16.o)
                0x00001124                Handle_Encoder_Cnt16_ReadCapture
 .text.Handle_Encoder_Cnt16_WritePeriod
                0x00001130        0xc .\CortexM3\ARM_GCC_541\Debug\CMG_IMU.a(Handle_Encoder_Cnt16.o)
                0x00001130                Handle_Encoder_Cnt16_WritePeriod
 .text.Handle_Encoder_Cnt16_WriteCompare
                0x0000113c        0xc .\CortexM3\ARM_GCC_541\Debug\CMG_IMU.a(Handle_Encoder_Cnt16.o)
                0x0000113c                Handle_Encoder_Cnt16_WriteCompare
 .text.Handle_Encoder_Cnt16_ClearFIFO
                0x00001148       0x14 .\CortexM3\ARM_GCC_541\Debug\CMG_IMU.a(Handle_Encoder_Cnt16.o)
                0x00001148                Handle_Encoder_Cnt16_ClearFIFO
 .text.Handle_Encoder_Cnt16_Init
                0x0000115c       0x58 .\CortexM3\ARM_GCC_541\Debug\CMG_IMU.a(Handle_Encoder_Cnt16.o)
                0x0000115c                Handle_Encoder_Cnt16_Init
 .text.Handle_Encoder_Cnt16_Start
                0x000011b4       0x1c .\CortexM3\ARM_GCC_541\Debug\CMG_IMU.a(Handle_Encoder_Cnt16.o)
                0x000011b4                Handle_Encoder_Cnt16_Start
 .text.Steering_Control_Loop_Interrupt_SetVector
                0x000011d0       0x10 .\CortexM3\ARM_GCC_541\Debug\CMG_IMU.a(Steering_Control_Loop_Interrupt.o)
                0x000011d0                Steering_Control_Loop_Interrupt_SetVector
 .text.Steering_Control_Loop_Interrupt_SetPriority
                0x000011e0       0x10 .\CortexM3\ARM_GCC_541\Debug\CMG_IMU.a(Steering_Control_Loop_Interrupt.o)
                0x000011e0                Steering_Control_Loop_Interrupt_SetPriority
 .text.Steering_Control_Loop_Interrupt_Enable
                0x000011f0       0x10 .\CortexM3\ARM_GCC_541\Debug\CMG_IMU.a(Steering_Control_Loop_Interrupt.o)
                0x000011f0                Steering_Control_Loop_Interrupt_Enable
 .text.Steering_Control_Loop_Interrupt_Disable
                0x00001200       0x10 .\CortexM3\ARM_GCC_541\Debug\CMG_IMU.a(Steering_Control_Loop_Interrupt.o)
                0x00001200                Steering_Control_Loop_Interrupt_Disable
 .text.Steering_Control_Loop_Interrupt_StartEx
                0x00001210       0x1c .\CortexM3\ARM_GCC_541\Debug\CMG_IMU.a(Steering_Control_Loop_Interrupt.o)
                0x00001210                Steering_Control_Loop_Interrupt_StartEx
 .text.Steering_Dir_Write
                0x0000122c       0x18 .\CortexM3\ARM_GCC_541\Debug\CMG_IMU.a(Steering_Dir.o)
                0x0000122c                Steering_Dir_Write
 .text.PWM_Steer_Enable
                0x00001244       0x10 .\CortexM3\ARM_GCC_541\Debug\CMG_IMU.a(PWM_Steer.o)
                0x00001244                PWM_Steer_Enable
 .text.PWM_Steer_WriteCounter
                0x00001254        0xc .\CortexM3\ARM_GCC_541\Debug\CMG_IMU.a(PWM_Steer.o)
                0x00001254                PWM_Steer_WriteCounter
 .text.PWM_Steer_WritePeriod
                0x00001260        0xc .\CortexM3\ARM_GCC_541\Debug\CMG_IMU.a(PWM_Steer.o)
                0x00001260                PWM_Steer_WritePeriod
 .text.PWM_Steer_WriteCompare
                0x0000126c        0xc .\CortexM3\ARM_GCC_541\Debug\CMG_IMU.a(PWM_Steer.o)
                0x0000126c                PWM_Steer_WriteCompare
 .text.PWM_Steer_SetInterruptMode
                0x00001278        0xc .\CortexM3\ARM_GCC_541\Debug\CMG_IMU.a(PWM_Steer.o)
                0x00001278                PWM_Steer_SetInterruptMode
 .text.PWM_Steer_ReadStatusRegister
                0x00001284        0xc .\CortexM3\ARM_GCC_541\Debug\CMG_IMU.a(PWM_Steer.o)
                0x00001284                PWM_Steer_ReadStatusRegister
 .text.PWM_Steer_ReadCapture
                0x00001290        0xc .\CortexM3\ARM_GCC_541\Debug\CMG_IMU.a(PWM_Steer.o)
                0x00001290                PWM_Steer_ReadCapture
 .text.PWM_Steer_ClearFIFO
                0x0000129c       0x14 .\CortexM3\ARM_GCC_541\Debug\CMG_IMU.a(PWM_Steer.o)
                0x0000129c                PWM_Steer_ClearFIFO
 .text.PWM_Steer_Init
                0x000012b0       0x60 .\CortexM3\ARM_GCC_541\Debug\CMG_IMU.a(PWM_Steer.o)
                0x000012b0                PWM_Steer_Init
 .text.PWM_Steer_Start
                0x00001310       0x1c .\CortexM3\ARM_GCC_541\Debug\CMG_IMU.a(PWM_Steer.o)
                0x00001310                PWM_Steer_Start
 *fill*         0x0000132c        0x4 
 .text          0x00001330       0x20 .\CortexM3\ARM_GCC_541\Debug\CMG_IMU.a(CyBootAsmGnu.o)
                0x00001330                CyDelayCycles
                0x00001340                CyEnterCriticalSection
                0x00001348                CyExitCriticalSection
 .text.cos      0x00001350       0x90 c:/program files (x86)/cypress/psoc creator/4.2/psoc creator/import/gnu/arm/5.4.1/bin/../lib/gcc/arm-none-eabi/5.4.1/../../../../arm-none-eabi/lib/armv7-m\libm.a(lib_a-s_cos.o)
                0x00001350                cos
 .text.__ieee754_rem_pio2
                0x000013e0      0x42c c:/program files (x86)/cypress/psoc creator/4.2/psoc creator/import/gnu/arm/5.4.1/bin/../lib/gcc/arm-none-eabi/5.4.1/../../../../arm-none-eabi/lib/armv7-m\libm.a(lib_a-e_rem_pio2.o)
                0x000013e0                __ieee754_rem_pio2
 *fill*         0x0000180c        0x4 
 .text.__kernel_cos
                0x00001810      0x248 c:/program files (x86)/cypress/psoc creator/4.2/psoc creator/import/gnu/arm/5.4.1/bin/../lib/gcc/arm-none-eabi/5.4.1/../../../../arm-none-eabi/lib/armv7-m\libm.a(lib_a-k_cos.o)
                0x00001810                __kernel_cos
 .text.__kernel_rem_pio2
                0x00001a58      0x7f0 c:/program files (x86)/cypress/psoc creator/4.2/psoc creator/import/gnu/arm/5.4.1/bin/../lib/gcc/arm-none-eabi/5.4.1/../../../../arm-none-eabi/lib/armv7-m\libm.a(lib_a-k_rem_pio2.o)
                0x00001a58                __kernel_rem_pio2
 .text.__kernel_sin
                0x00002248      0x16c c:/program files (x86)/cypress/psoc creator/4.2/psoc creator/import/gnu/arm/5.4.1/bin/../lib/gcc/arm-none-eabi/5.4.1/../../../../arm-none-eabi/lib/armv7-m\libm.a(lib_a-k_sin.o)
                0x00002248                __kernel_sin
 .text.fabs     0x000023b4        0x8 c:/program files (x86)/cypress/psoc creator/4.2/psoc creator/import/gnu/arm/5.4.1/bin/../lib/gcc/arm-none-eabi/5.4.1/../../../../arm-none-eabi/lib/armv7-m\libm.a(lib_a-s_fabs.o)
                0x000023b4                fabs
 *fill*         0x000023bc        0x4 
 .text.floor    0x000023c0      0x110 c:/program files (x86)/cypress/psoc creator/4.2/psoc creator/import/gnu/arm/5.4.1/bin/../lib/gcc/arm-none-eabi/5.4.1/../../../../arm-none-eabi/lib/armv7-m\libm.a(lib_a-s_floor.o)
                0x000023c0                floor
 .text.scalbn   0x000024d0       0xe4 c:/program files (x86)/cypress/psoc creator/4.2/psoc creator/import/gnu/arm/5.4.1/bin/../lib/gcc/arm-none-eabi/5.4.1/../../../../arm-none-eabi/lib/armv7-m\libm.a(lib_a-s_scalbn.o)
                0x000024d0                scalbn
 .text.copysign
                0x000025b4       0x10 c:/program files (x86)/cypress/psoc creator/4.2/psoc creator/import/gnu/arm/5.4.1/bin/../lib/gcc/arm-none-eabi/5.4.1/../../../../arm-none-eabi/lib/armv7-m\libm.a(lib_a-s_copysign.o)
                0x000025b4                copysign
 .text          0x000025c4      0x370 c:/program files (x86)/cypress/psoc creator/4.2/psoc creator/import/gnu/arm/5.4.1/bin/../lib/gcc/arm-none-eabi/5.4.1/armv7-m\libgcc.a(_arm_addsubdf3.o)
                0x000025c4                __aeabi_drsub
                0x000025cc                __aeabi_dsub
                0x000025cc                __subdf3
                0x000025d0                __aeabi_dadd
                0x000025d0                __adddf3
                0x00002848                __floatunsidf
                0x00002848                __aeabi_ui2d
                0x00002868                __floatsidf
                0x00002868                __aeabi_i2d
                0x0000288c                __aeabi_f2d
                0x0000288c                __extendsfdf2
                0x000028c8                __floatundidf
                0x000028c8                __aeabi_ul2d
                0x000028d8                __floatdidf
                0x000028d8                __aeabi_l2d
 .text          0x00002934      0x424 c:/program files (x86)/cypress/psoc creator/4.2/psoc creator/import/gnu/arm/5.4.1/bin/../lib/gcc/arm-none-eabi/5.4.1/armv7-m\libgcc.a(_arm_muldivdf3.o)
                0x00002934                __aeabi_dmul
                0x00002934                __muldf3
                0x00002b88                __divdf3
                0x00002b88                __aeabi_ddiv
 .text          0x00002d58      0x110 c:/program files (x86)/cypress/psoc creator/4.2/psoc creator/import/gnu/arm/5.4.1/bin/../lib/gcc/arm-none-eabi/5.4.1/armv7-m\libgcc.a(_arm_cmpdf2.o)
                0x00002d58                __gtdf2
                0x00002d58                __gedf2
                0x00002d60                __ltdf2
                0x00002d60                __ledf2
                0x00002d68                __nedf2
                0x00002d68                __eqdf2
                0x00002d68                __cmpdf2
                0x00002de4                __aeabi_cdrcmple
                0x00002df4                __aeabi_cdcmpeq
                0x00002df4                __aeabi_cdcmple
                0x00002e04                __aeabi_dcmpeq
                0x00002e18                __aeabi_dcmplt
                0x00002e2c                __aeabi_dcmple
                0x00002e40                __aeabi_dcmpge
                0x00002e54                __aeabi_dcmpgt
 .text          0x00002e68       0x50 c:/program files (x86)/cypress/psoc creator/4.2/psoc creator/import/gnu/arm/5.4.1/bin/../lib/gcc/arm-none-eabi/5.4.1/armv7-m\libgcc.a(_arm_fixdfsi.o)
                0x00002e68                __aeabi_d2iz
                0x00002e68                __fixdfsi
 .text          0x00002eb8       0xa0 c:/program files (x86)/cypress/psoc creator/4.2/psoc creator/import/gnu/arm/5.4.1/bin/../lib/gcc/arm-none-eabi/5.4.1/armv7-m\libgcc.a(_arm_truncdfsf2.o)
                0x00002eb8                __truncdfsf2
                0x00002eb8                __aeabi_d2f
 .text          0x00002f58      0x21c c:/program files (x86)/cypress/psoc creator/4.2/psoc creator/import/gnu/arm/5.4.1/bin/../lib/gcc/arm-none-eabi/5.4.1/armv7-m\libgcc.a(_arm_addsubsf3.o)
                0x00002f58                __aeabi_frsub
                0x00002f60                __subsf3
                0x00002f60                __aeabi_fsub
                0x00002f64                __aeabi_fadd
                0x00002f64                __addsf3
                0x000030c4                __aeabi_ui2f
                0x000030c4                __floatunsisf
                0x000030cc                __aeabi_i2f
                0x000030cc                __floatsisf
                0x000030e8                __aeabi_ul2f
                0x000030e8                __floatundisf
                0x000030f8                __aeabi_l2f
                0x000030f8                __floatdisf
 .text          0x00003174      0x2a0 c:/program files (x86)/cypress/psoc creator/4.2/psoc creator/import/gnu/arm/5.4.1/bin/../lib/gcc/arm-none-eabi/5.4.1/armv7-m\libgcc.a(_arm_muldivsf3.o)
                0x00003174                __mulsf3
                0x00003174                __aeabi_fmul
                0x000032dc                __aeabi_fdiv
                0x000032dc                __divsf3
 .text          0x00003414       0xec c:/program files (x86)/cypress/psoc creator/4.2/psoc creator/import/gnu/arm/5.4.1/bin/../lib/gcc/arm-none-eabi/5.4.1/armv7-m\libgcc.a(_arm_cmpsf2.o)
                0x00003414                __gesf2
                0x00003414                __gtsf2
                0x0000341c                __lesf2
                0x0000341c                __ltsf2
                0x00003424                __nesf2
                0x00003424                __eqsf2
                0x00003424                __cmpsf2
                0x00003484                __aeabi_cfrcmple
                0x0000348c                __aeabi_cfcmpeq
                0x0000348c                __aeabi_cfcmple
                0x0000349c                __aeabi_fcmpeq
                0x000034b0                __aeabi_fcmplt
                0x000034c4                __aeabi_fcmple
                0x000034d8                __aeabi_fcmpge
                0x000034ec                __aeabi_fcmpgt
 .text          0x00003500       0x4c c:/program files (x86)/cypress/psoc creator/4.2/psoc creator/import/gnu/arm/5.4.1/bin/../lib/gcc/arm-none-eabi/5.4.1/armv7-m\libgcc.a(_arm_fixsfsi.o)
                0x00003500                __aeabi_f2iz
                0x00003500                __fixsfsi
 .text.__errno  0x0000354c        0xc c:/program files (x86)/cypress/psoc creator/4.2/psoc creator/import/gnu/arm/5.4.1/bin/../lib/gcc/arm-none-eabi/5.4.1/../../../../arm-none-eabi/lib/armv7-m\libg_nano.a(lib_a-errno.o)
                0x0000354c                __errno
 .text.__libc_init_array
                0x00003558       0x4c c:/program files (x86)/cypress/psoc creator/4.2/psoc creator/import/gnu/arm/5.4.1/bin/../lib/gcc/arm-none-eabi/5.4.1/../../../../arm-none-eabi/lib/armv7-m\libg_nano.a(lib_a-init.o)
                0x00003558                __libc_init_array
 .text.memcpy   0x000035a4       0x16 c:/program files (x86)/cypress/psoc creator/4.2/psoc creator/import/gnu/arm/5.4.1/bin/../lib/gcc/arm-none-eabi/5.4.1/../../../../arm-none-eabi/lib/armv7-m\libg_nano.a(lib_a-memcpy-stub.o)
                0x000035a4                memcpy
 .text.memset   0x000035ba       0x10 c:/program files (x86)/cypress/psoc creator/4.2/psoc creator/import/gnu/arm/5.4.1/bin/../lib/gcc/arm-none-eabi/5.4.1/../../../../arm-none-eabi/lib/armv7-m\libg_nano.a(lib_a-memset.o)
                0x000035ba                memset
 *(.plt)
 *(.gnu.warning)
 *(.glue_7t)
 .glue_7t       0x000035ca        0x0 linker stubs
 *(.glue_7)
 .glue_7        0x000035ca        0x0 linker stubs
 *(.vfp11_veneer)
 .vfp11_veneer  0x000035ca        0x0 linker stubs
 *(.bootloader)
 *(.ARM.extab* .gnu.linkonce.armextab.*)
 *(.gcc_except_table)

.v4_bx          0x000035cc        0x0
 .v4_bx         0x000035cc        0x0 linker stubs

.iplt           0x000035cc        0x0
 .iplt          0x000035cc        0x0 c:/program files (x86)/cypress/psoc creator/4.2/psoc creator/import/gnu/arm/5.4.1/bin/../lib/gcc/arm-none-eabi/5.4.1/armv7-m/crtbegin.o

.eh_frame_hdr
 *(.eh_frame_hdr)

.eh_frame       0x000035cc        0x4
 *(.eh_frame)
 .eh_frame      0x000035cc        0x0 c:/program files (x86)/cypress/psoc creator/4.2/psoc creator/import/gnu/arm/5.4.1/bin/../lib/gcc/arm-none-eabi/5.4.1/armv7-m/crtbegin.o
 .eh_frame      0x000035cc        0x4 c:/program files (x86)/cypress/psoc creator/4.2/psoc creator/import/gnu/arm/5.4.1/bin/../lib/gcc/arm-none-eabi/5.4.1/armv7-m/crtend.o
                [!provide]                PROVIDE (__exidx_start, .)

.ARM.exidx
 *(.ARM.exidx* .gnu.linkonce.armexidx.*)
                0x000035d0                __exidx_end = .

.rodata         0x000035d0      0x250
 *(.rodata .rodata.* .gnu.linkonce.r.*)
 .rodata        0x000035d0       0x3a .\CortexM3\ARM_GCC_541\Debug\cyfitter_cfg.o
 *fill*         0x0000360a        0x2 
 .rodata.npio2_hw
                0x0000360c       0x80 c:/program files (x86)/cypress/psoc creator/4.2/psoc creator/import/gnu/arm/5.4.1/bin/../lib/gcc/arm-none-eabi/5.4.1/../../../../arm-none-eabi/lib/armv7-m\libm.a(lib_a-e_rem_pio2.o)
 .rodata.two_over_pi
                0x0000368c      0x108 c:/program files (x86)/cypress/psoc creator/4.2/psoc creator/import/gnu/arm/5.4.1/bin/../lib/gcc/arm-none-eabi/5.4.1/../../../../arm-none-eabi/lib/armv7-m\libm.a(lib_a-e_rem_pio2.o)
 .rodata.init_jk
                0x00003794       0x10 c:/program files (x86)/cypress/psoc creator/4.2/psoc creator/import/gnu/arm/5.4.1/bin/../lib/gcc/arm-none-eabi/5.4.1/../../../../arm-none-eabi/lib/armv7-m\libm.a(lib_a-k_rem_pio2.o)
 *fill*         0x000037a4        0x4 
 .rodata.PIo2   0x000037a8       0x40 c:/program files (x86)/cypress/psoc creator/4.2/psoc creator/import/gnu/arm/5.4.1/bin/../lib/gcc/arm-none-eabi/5.4.1/../../../../arm-none-eabi/lib/armv7-m\libm.a(lib_a-k_rem_pio2.o)
 .rodata.str1.1
                0x000037e8        0x2 c:/program files (x86)/cypress/psoc creator/4.2/psoc creator/import/gnu/arm/5.4.1/bin/../lib/gcc/arm-none-eabi/5.4.1/../../../../arm-none-eabi/lib/armv7-m\libg_nano.a(lib_a-impure.o)
                0x000037ec                . = ALIGN (0x4)
 *fill*         0x000037ea        0x2 
 *(.init)
 .init          0x000037ec        0x4 c:/program files (x86)/cypress/psoc creator/4.2/psoc creator/import/gnu/arm/5.4.1/bin/../lib/gcc/arm-none-eabi/5.4.1/armv7-m/crti.o
                0x000037ec                _init
 .init          0x000037f0        0x8 c:/program files (x86)/cypress/psoc creator/4.2/psoc creator/import/gnu/arm/5.4.1/bin/../lib/gcc/arm-none-eabi/5.4.1/armv7-m/crtn.o
                0x000037f8                . = ALIGN (0x4)
                0x000037f8                __preinit_array_start = .
 *(.preinit_array)
                0x000037f8                __preinit_array_end = .
                0x000037f8                . = ALIGN (0x4)
                0x000037f8                __init_array_start = .
 *(SORT(.init_array.*))
 *(.init_array)
 .init_array    0x000037f8        0x4 c:/program files (x86)/cypress/psoc creator/4.2/psoc creator/import/gnu/arm/5.4.1/bin/../lib/gcc/arm-none-eabi/5.4.1/armv7-m/crtbegin.o
 .init_array    0x000037fc        0x4 .\CortexM3\ARM_GCC_541\Debug\Cm3Start.o
                0x00003800                __init_array_end = .
                0x00003800                . = ALIGN (0x4)
 *(.fini)
 .fini          0x00003800        0x4 c:/program files (x86)/cypress/psoc creator/4.2/psoc creator/import/gnu/arm/5.4.1/bin/../lib/gcc/arm-none-eabi/5.4.1/armv7-m/crti.o
                0x00003800                _fini
 .fini          0x00003804        0x8 c:/program files (x86)/cypress/psoc creator/4.2/psoc creator/import/gnu/arm/5.4.1/bin/../lib/gcc/arm-none-eabi/5.4.1/armv7-m/crtn.o
                0x0000380c                . = ALIGN (0x4)
                0x0000380c                __fini_array_start = .
 *(.fini_array)
 .fini_array    0x0000380c        0x4 c:/program files (x86)/cypress/psoc creator/4.2/psoc creator/import/gnu/arm/5.4.1/bin/../lib/gcc/arm-none-eabi/5.4.1/armv7-m/crtbegin.o
 *(SORT(.fini_array.*))
                0x00003810                __fini_array_end = .
                0x00003810                . = ALIGN (0x4)
 *crtbegin.o(.ctors)
 *(EXCLUDE_FILE(*crtend.o) .ctors)
 *(SORT(.ctors.*))
 *crtend.o(.ctors)
                0x00003810                . = ALIGN (0x4)
 *crtbegin.o(.dtors)
 *(EXCLUDE_FILE(*crtend.o) .dtors)
 *(SORT(.dtors.*))
 *crtend.o(.dtors)
                0x00003810                . = ALIGN (0x4)
                0x00003810                __cy_regions = .
                0x00003810        0x4 LONG 0x3820 __cy_region_init_ram
                0x00003814        0x4 LONG 0x1fff80c8 __cy_region_start_data
                0x00003818        0x4 LONG 0x78 __cy_region_init_size_ram
                0x0000381c        0x4 LONG 0x70 __cy_region_zero_size_ram
                0x00003820                __cy_regions_end = .
                0x00003820                . = ALIGN (0x8)
                0x00003820                _etext = .

.cy_checksum_exclude
                0x00003820        0x0
 *(.cy_checksum_exclude)

.ramvectors     0x1fff8000       0xc0
                0x1fff8000                __cy_region_start_ram = .
 *(.ramvectors)
 .ramvectors    0x1fff8000       0xc0 .\CortexM3\ARM_GCC_541\Debug\Cm3Start.o
                0x1fff8000                CyRamVectors

.noinit         0x1fff80c0        0x1
 *(.noinit)
 .noinit        0x1fff80c0        0x1 .\CortexM3\ARM_GCC_541\Debug\CMG_IMU.a(CyLib.o)
                0x1fff80c0                CyResetStatus

.data           0x1fff80c8       0x78 load address 0x00003820
                0x1fff80c8                __cy_region_start_data = .
 *(.jcr)
 .jcr           0x1fff80c8        0x0 c:/program files (x86)/cypress/psoc creator/4.2/psoc creator/import/gnu/arm/5.4.1/bin/../lib/gcc/arm-none-eabi/5.4.1/armv7-m/crtbegin.o
 .jcr           0x1fff80c8        0x4 c:/program files (x86)/cypress/psoc creator/4.2/psoc creator/import/gnu/arm/5.4.1/bin/../lib/gcc/arm-none-eabi/5.4.1/armv7-m/crtend.o
 *(.got.plt)
 *(.got)
 *(.shdata)
 *(.data .data.* .gnu.linkonce.d.*)
 .data          0x1fff80cc       0x10 .\CortexM3\ARM_GCC_541\Debug\CMG_IMU.a(CyLib.o)
                0x1fff80cc                cydelay_32k_ms
                0x1fff80d0                cydelay_freq_khz
                0x1fff80d4                cydelay_freq_mhz
                0x1fff80d8                cydelay_freq_hz
 .data.impure_data
                0x1fff80dc       0x60 c:/program files (x86)/cypress/psoc creator/4.2/psoc creator/import/gnu/arm/5.4.1/bin/../lib/gcc/arm-none-eabi/5.4.1/../../../../arm-none-eabi/lib/armv7-m\libg_nano.a(lib_a-impure.o)
 .data._impure_ptr
                0x1fff813c        0x4 c:/program files (x86)/cypress/psoc creator/4.2/psoc creator/import/gnu/arm/5.4.1/bin/../lib/gcc/arm-none-eabi/5.4.1/../../../../arm-none-eabi/lib/armv7-m\libg_nano.a(lib_a-impure.o)
                0x1fff813c                _impure_ptr
                0x1fff8140                . = ALIGN (0x8)
 *(.ram)
                0x1fff8140                _edata = .

.igot.plt       0x1fff8140        0x0 load address 0x00003898
 .igot.plt      0x1fff8140        0x0 c:/program files (x86)/cypress/psoc creator/4.2/psoc creator/import/gnu/arm/5.4.1/bin/../lib/gcc/arm-none-eabi/5.4.1/armv7-m/crtbegin.o

.bss            0x1fff8140       0x70 load address 0x00003898
                0x1fff8140                PROVIDE (__bss_start__, .)
 *(.shbss)
 *(.bss .bss.* .gnu.linkonce.b.*)
 .bss           0x1fff8140       0x1c c:/program files (x86)/cypress/psoc creator/4.2/psoc creator/import/gnu/arm/5.4.1/bin/../lib/gcc/arm-none-eabi/5.4.1/armv7-m/crtbegin.o
 .bss           0x1fff815c       0x28 .\CortexM3\ARM_GCC_541\Debug\main.o
 .bss           0x1fff8184        0x4 .\CortexM3\ARM_GCC_541\Debug\CMG_IMU.a(UART.o)
                0x1fff8184                UART_initVar
                0x1fff8185                UART_txBufferRead
                0x1fff8186                UART_txBufferWrite
 .bss           0x1fff8188        0x1 .\CortexM3\ARM_GCC_541\Debug\CMG_IMU.a(Steering_Timer.o)
                0x1fff8188                Steering_Timer_initVar
 .bss           0x1fff8189        0x1 .\CortexM3\ARM_GCC_541\Debug\CMG_IMU.a(PWM_CMG.o)
                0x1fff8189                PWM_CMG_initVar
 .bss           0x1fff818a        0x1 .\CortexM3\ARM_GCC_541\Debug\CMG_IMU.a(Gimbal_Encoder.o)
                0x1fff818a                Gimbal_Encoder_initVar
 .bss           0x1fff818b        0x1 .\CortexM3\ARM_GCC_541\Debug\CMG_IMU.a(Gimbal_Encoder_Cnt16.o)
                0x1fff818b                Gimbal_Encoder_Cnt16_initVar
 .bss           0x1fff818c        0x1 .\CortexM3\ARM_GCC_541\Debug\CMG_IMU.a(Gimbal_Timer.o)
                0x1fff818c                Gimbal_Timer_initVar
 .bss           0x1fff818d        0x1 .\CortexM3\ARM_GCC_541\Debug\CMG_IMU.a(Handle_Encoder.o)
                0x1fff818d                Handle_Encoder_initVar
 .bss           0x1fff818e        0x1 .\CortexM3\ARM_GCC_541\Debug\CMG_IMU.a(Handle_Encoder_Cnt16.o)
                0x1fff818e                Handle_Encoder_Cnt16_initVar
 .bss           0x1fff818f        0x1 .\CortexM3\ARM_GCC_541\Debug\CMG_IMU.a(PWM_Steer.o)
                0x1fff818f                PWM_Steer_initVar
 *(COMMON)
 COMMON         0x1fff8190       0x18 .\CortexM3\ARM_GCC_541\Debug\main.o
                0x1fff8190                steeringTarget
                0x1fff8194                phi_w_dot
                0x1fff8198                speed_reading
                0x1fff819c                phi_w
                0x1fff81a0                phi_b_dot
                0x1fff81a4                phi_b
 COMMON         0x1fff81a8        0x8 .\CortexM3\ARM_GCC_541\Debug\CMG_IMU.a(UART.o)
                0x1fff81a8                UART_txBuffer
                0x1fff81b0                . = ALIGN (0x8)
 *(.ram.b)
                0x1fff81b0                _end = .
                0x1fff81b0                __end = .
                0x1fff81b0                PROVIDE (end, .)
                0x1fff81b0                PROVIDE (__bss_end__, .)
                0x00003820                __cy_region_init_ram = LOADADDR (.data)
                0x00000078                __cy_region_init_size_ram = (_edata - ADDR (.data))
                0x00000070                __cy_region_zero_size_ram = (_end - _edata)

.heap           0x1fff81b0       0x80 load address 0x00003898
                0x1fff81b0                . = _end
                0x1fff8230                . = (. + 0x80)
 *fill*         0x1fff81b0       0x80 
                0x1fff8230                __cy_heap_limit = .

.stack          0x20007800      0x800
                0x20007800                __cy_stack_limit = .
                0x20008000                . = (. + 0x800)
 *fill*         0x20007800      0x800 
                0x00000001                ASSERT ((__cy_stack_limit >= __cy_heap_limit), region RAM overflowed with stack)
                0x00000000                cy_checksum_exclude_size = (CY_APPL_LOADABLE == 0x1)?SIZEOF (.cy_checksum_exclude):0x0
                0x00000001                ASSERT ((cy_checksum_exclude_size <= CY_CHECKSUM_EXCLUDE_SIZE), CY_BOOT: Section .cy_checksum_exclude size exceedes specified limit.)

.cyloadermeta
 *(.cyloadermeta)

.cyloadablemeta
 *(.cyloadablemeta)

.cyconfigecc    0x80000000      0xf38
 *(.cyconfigecc)
 .cyconfigecc   0x80000000      0xf38 .\CortexM3\ARM_GCC_541\Debug\cymetadata.o
                0x80000000                cy_meta_configecc

.cycustnvl      0x90000000        0x4
 *(.cycustnvl)
 .cycustnvl     0x90000000        0x4 .\CortexM3\ARM_GCC_541\Debug\cymetadata.o
                0x90000000                cy_meta_custnvl

.cywolatch      0x90100000        0x4
 *(.cywolatch)
 .cywolatch     0x90100000        0x4 .\CortexM3\ARM_GCC_541\Debug\cymetadata.o
                0x90100000                cy_meta_wonvl

.cyeeprom       0x90200000        0x0
 *(.cyeeprom)
                0x00000001                ASSERT ((. <= ((0x90200000 + ee_offset) + ee_size)), .cyeeprom data will not fit in EEPROM)

.cyflashprotect
                0x90400000      0x100
 *(.cyflashprotect)
 .cyflashprotect
                0x90400000      0x100 .\CortexM3\ARM_GCC_541\Debug\cymetadata.o
                0x90400000                cy_meta_flashprotect

.cymeta         0x90500000        0xc
 *(.cymeta)
 .cymeta        0x90500000        0xc .\CortexM3\ARM_GCC_541\Debug\cymetadata.o
                0x90500000                cy_metadata

.rel.dyn        0x00003898        0x0 load address 0x9050000c
 .rel.iplt      0x00003898        0x0 c:/program files (x86)/cypress/psoc creator/4.2/psoc creator/import/gnu/arm/5.4.1/bin/../lib/gcc/arm-none-eabi/5.4.1/armv7-m/crtbegin.o

.stab
 *(.stab)

.stabstr
 *(.stabstr)

.debug
 *(.debug)

.line
 *(.line)

.debug_srcinfo
 *(.debug_srcinfo)

.debug_sfnames
 *(.debug_sfnames)

.debug_aranges  0x00000000      0xe08
 *(.debug_aranges)
 .debug_aranges
                0x00000000       0x50 .\CortexM3\ARM_GCC_541\Debug\main.o
 .debug_aranges
                0x00000050       0x58 .\CortexM3\ARM_GCC_541\Debug\cyfitter_cfg.o
 .debug_aranges
                0x000000a8       0x18 .\CortexM3\ARM_GCC_541\Debug\cymetadata.o
 .debug_aranges
                0x000000c0       0x48 .\CortexM3\ARM_GCC_541\Debug\Cm3Start.o
 .debug_aranges
                0x00000108       0x38 .\CortexM3\ARM_GCC_541\Debug\CMG_IMU.a(gimbal_direction.o)
 .debug_aranges
                0x00000140       0xf0 .\CortexM3\ARM_GCC_541\Debug\CMG_IMU.a(UART.o)
 .debug_aranges
                0x00000230       0x20 .\CortexM3\ARM_GCC_541\Debug\CMG_IMU.a(UART_INT.o)
 .debug_aranges
                0x00000250       0x80 .\CortexM3\ARM_GCC_541\Debug\CMG_IMU.a(Rpi_Tx_Interrupt.o)
 .debug_aranges
                0x000002d0       0x88 .\CortexM3\ARM_GCC_541\Debug\CMG_IMU.a(Steering_Timer.o)
 .debug_aranges
                0x00000358       0x80 .\CortexM3\ARM_GCC_541\Debug\CMG_IMU.a(Timer_Interrupt.o)
 .debug_aranges
                0x000003d8       0x70 .\CortexM3\ARM_GCC_541\Debug\CMG_IMU.a(UART_IntClock.o)
 .debug_aranges
                0x00000448      0x2a0 .\CortexM3\ARM_GCC_541\Debug\CMG_IMU.a(CyLib.o)
 .debug_aranges
                0x000006e8       0x98 .\CortexM3\ARM_GCC_541\Debug\CMG_IMU.a(cyPm.o)
 .debug_aranges
                0x00000780       0xa8 .\CortexM3\ARM_GCC_541\Debug\CMG_IMU.a(PWM_CMG.o)
 .debug_aranges
                0x00000828       0x38 .\CortexM3\ARM_GCC_541\Debug\CMG_IMU.a(SW1.o)
 .debug_aranges
                0x00000860       0x38 .\CortexM3\ARM_GCC_541\Debug\CMG_IMU.a(LED1.o)
 .debug_aranges
                0x00000898       0x60 .\CortexM3\ARM_GCC_541\Debug\CMG_IMU.a(Gimbal_Encoder.o)
 .debug_aranges
                0x000008f8       0x98 .\CortexM3\ARM_GCC_541\Debug\CMG_IMU.a(Gimbal_Encoder_Cnt16.o)
 .debug_aranges
                0x00000990       0x88 .\CortexM3\ARM_GCC_541\Debug\CMG_IMU.a(Gimbal_Timer.o)
 .debug_aranges
                0x00000a18       0x80 .\CortexM3\ARM_GCC_541\Debug\CMG_IMU.a(Gimbal_Control_Loop_Interrupt.o)
 .debug_aranges
                0x00000a98       0x60 .\CortexM3\ARM_GCC_541\Debug\CMG_IMU.a(Handle_Encoder.o)
 .debug_aranges
                0x00000af8       0x98 .\CortexM3\ARM_GCC_541\Debug\CMG_IMU.a(Handle_Encoder_Cnt16.o)
 .debug_aranges
                0x00000b90       0x80 .\CortexM3\ARM_GCC_541\Debug\CMG_IMU.a(Steering_Control_Loop_Interrupt.o)
 .debug_aranges
                0x00000c10       0x38 .\CortexM3\ARM_GCC_541\Debug\CMG_IMU.a(Steering_Dir.o)
 .debug_aranges
                0x00000c48       0x98 .\CortexM3\ARM_GCC_541\Debug\CMG_IMU.a(PWM_Steer.o)
 .debug_aranges
                0x00000ce0       0x20 .\CortexM3\ARM_GCC_541\Debug\CMG_IMU.a(CyBootAsmGnu.o)
 .debug_aranges
                0x00000d00       0x88 .\CortexM3\ARM_GCC_541\Debug\CMG_IMU.a(CyFlash.o)
 .debug_aranges
                0x00000d88       0x80 .\CortexM3\ARM_GCC_541\Debug\CMG_IMU.a(CySpc.o)

.debug_pubnames
 *(.debug_pubnames)

.debug_info     0x00000000     0x7071
 *(.debug_info .gnu.linkonce.wi.*)
 .debug_info    0x00000000      0x91a .\CortexM3\ARM_GCC_541\Debug\main.o
 .debug_info    0x0000091a      0x639 .\CortexM3\ARM_GCC_541\Debug\cyfitter_cfg.o
 .debug_info    0x00000f53      0x139 .\CortexM3\ARM_GCC_541\Debug\cymetadata.o
 .debug_info    0x0000108c      0x3bb .\CortexM3\ARM_GCC_541\Debug\Cm3Start.o
 .debug_info    0x00001447      0x11f .\CortexM3\ARM_GCC_541\Debug\CMG_IMU.a(gimbal_direction.o)
 .debug_info    0x00001566      0x6d1 .\CortexM3\ARM_GCC_541\Debug\CMG_IMU.a(UART.o)
 .debug_info    0x00001c37       0xf6 .\CortexM3\ARM_GCC_541\Debug\CMG_IMU.a(UART_INT.o)
 .debug_info    0x00001d2d      0x2d2 .\CortexM3\ARM_GCC_541\Debug\CMG_IMU.a(Rpi_Tx_Interrupt.o)
 .debug_info    0x00001fff      0x291 .\CortexM3\ARM_GCC_541\Debug\CMG_IMU.a(Steering_Timer.o)
 .debug_info    0x00002290      0x2d2 .\CortexM3\ARM_GCC_541\Debug\CMG_IMU.a(Timer_Interrupt.o)
 .debug_info    0x00002562      0x283 .\CortexM3\ARM_GCC_541\Debug\CMG_IMU.a(UART_IntClock.o)
 .debug_info    0x000027e5     0x1374 .\CortexM3\ARM_GCC_541\Debug\CMG_IMU.a(CyLib.o)
 .debug_info    0x00003b59      0xa2a .\CortexM3\ARM_GCC_541\Debug\CMG_IMU.a(cyPm.o)
 .debug_info    0x00004583      0x3a1 .\CortexM3\ARM_GCC_541\Debug\CMG_IMU.a(PWM_CMG.o)
 .debug_info    0x00004924      0x11f .\CortexM3\ARM_GCC_541\Debug\CMG_IMU.a(SW1.o)
 .debug_info    0x00004a43      0x11f .\CortexM3\ARM_GCC_541\Debug\CMG_IMU.a(LED1.o)
 .debug_info    0x00004b62      0x2d4 .\CortexM3\ARM_GCC_541\Debug\CMG_IMU.a(Gimbal_Encoder.o)
 .debug_info    0x00004e36      0x348 .\CortexM3\ARM_GCC_541\Debug\CMG_IMU.a(Gimbal_Encoder_Cnt16.o)
 .debug_info    0x0000517e      0x291 .\CortexM3\ARM_GCC_541\Debug\CMG_IMU.a(Gimbal_Timer.o)
 .debug_info    0x0000540f      0x2d2 .\CortexM3\ARM_GCC_541\Debug\CMG_IMU.a(Gimbal_Control_Loop_Interrupt.o)
 .debug_info    0x000056e1      0x2d4 .\CortexM3\ARM_GCC_541\Debug\CMG_IMU.a(Handle_Encoder.o)
 .debug_info    0x000059b5      0x348 .\CortexM3\ARM_GCC_541\Debug\CMG_IMU.a(Handle_Encoder_Cnt16.o)
 .debug_info    0x00005cfd      0x2d2 .\CortexM3\ARM_GCC_541\Debug\CMG_IMU.a(Steering_Control_Loop_Interrupt.o)
 .debug_info    0x00005fcf      0x11f .\CortexM3\ARM_GCC_541\Debug\CMG_IMU.a(Steering_Dir.o)
 .debug_info    0x000060ee      0x352 .\CortexM3\ARM_GCC_541\Debug\CMG_IMU.a(PWM_Steer.o)
 .debug_info    0x00006440       0x94 .\CortexM3\ARM_GCC_541\Debug\CMG_IMU.a(CyBootAsmGnu.o)
 .debug_info    0x000064d4      0x64d .\CortexM3\ARM_GCC_541\Debug\CMG_IMU.a(CyFlash.o)
 .debug_info    0x00006b21      0x550 .\CortexM3\ARM_GCC_541\Debug\CMG_IMU.a(CySpc.o)

.debug_abbrev   0x00000000     0x223d
 *(.debug_abbrev)
 .debug_abbrev  0x00000000      0x1ec .\CortexM3\ARM_GCC_541\Debug\main.o
 .debug_abbrev  0x000001ec      0x20d .\CortexM3\ARM_GCC_541\Debug\cyfitter_cfg.o
 .debug_abbrev  0x000003f9       0x77 .\CortexM3\ARM_GCC_541\Debug\cymetadata.o
 .debug_abbrev  0x00000470      0x1e8 .\CortexM3\ARM_GCC_541\Debug\Cm3Start.o
 .debug_abbrev  0x00000658       0x90 .\CortexM3\ARM_GCC_541\Debug\CMG_IMU.a(gimbal_direction.o)
 .debug_abbrev  0x000006e8      0x16f .\CortexM3\ARM_GCC_541\Debug\CMG_IMU.a(UART.o)
 .debug_abbrev  0x00000857       0x79 .\CortexM3\ARM_GCC_541\Debug\CMG_IMU.a(UART_INT.o)
 .debug_abbrev  0x000008d0      0x173 .\CortexM3\ARM_GCC_541\Debug\CMG_IMU.a(Rpi_Tx_Interrupt.o)
 .debug_abbrev  0x00000a43      0x11a .\CortexM3\ARM_GCC_541\Debug\CMG_IMU.a(Steering_Timer.o)
 .debug_abbrev  0x00000b5d      0x173 .\CortexM3\ARM_GCC_541\Debug\CMG_IMU.a(Timer_Interrupt.o)
 .debug_abbrev  0x00000cd0      0x139 .\CortexM3\ARM_GCC_541\Debug\CMG_IMU.a(UART_IntClock.o)
 .debug_abbrev  0x00000e09      0x254 .\CortexM3\ARM_GCC_541\Debug\CMG_IMU.a(CyLib.o)
 .debug_abbrev  0x0000105d      0x1ab .\CortexM3\ARM_GCC_541\Debug\CMG_IMU.a(cyPm.o)
 .debug_abbrev  0x00001208      0x133 .\CortexM3\ARM_GCC_541\Debug\CMG_IMU.a(PWM_CMG.o)
 .debug_abbrev  0x0000133b       0x90 .\CortexM3\ARM_GCC_541\Debug\CMG_IMU.a(SW1.o)
 .debug_abbrev  0x000013cb       0x90 .\CortexM3\ARM_GCC_541\Debug\CMG_IMU.a(LED1.o)
 .debug_abbrev  0x0000145b      0x151 .\CortexM3\ARM_GCC_541\Debug\CMG_IMU.a(Gimbal_Encoder.o)
 .debug_abbrev  0x000015ac      0x117 .\CortexM3\ARM_GCC_541\Debug\CMG_IMU.a(Gimbal_Encoder_Cnt16.o)
 .debug_abbrev  0x000016c3      0x11a .\CortexM3\ARM_GCC_541\Debug\CMG_IMU.a(Gimbal_Timer.o)
 .debug_abbrev  0x000017dd      0x173 .\CortexM3\ARM_GCC_541\Debug\CMG_IMU.a(Gimbal_Control_Loop_Interrupt.o)
 .debug_abbrev  0x00001950      0x151 .\CortexM3\ARM_GCC_541\Debug\CMG_IMU.a(Handle_Encoder.o)
 .debug_abbrev  0x00001aa1      0x117 .\CortexM3\ARM_GCC_541\Debug\CMG_IMU.a(Handle_Encoder_Cnt16.o)
 .debug_abbrev  0x00001bb8      0x173 .\CortexM3\ARM_GCC_541\Debug\CMG_IMU.a(Steering_Control_Loop_Interrupt.o)
 .debug_abbrev  0x00001d2b       0x90 .\CortexM3\ARM_GCC_541\Debug\CMG_IMU.a(Steering_Dir.o)
 .debug_abbrev  0x00001dbb      0x133 .\CortexM3\ARM_GCC_541\Debug\CMG_IMU.a(PWM_Steer.o)
 .debug_abbrev  0x00001eee       0x14 .\CortexM3\ARM_GCC_541\Debug\CMG_IMU.a(CyBootAsmGnu.o)
 .debug_abbrev  0x00001f02      0x1a7 .\CortexM3\ARM_GCC_541\Debug\CMG_IMU.a(CyFlash.o)
 .debug_abbrev  0x000020a9      0x194 .\CortexM3\ARM_GCC_541\Debug\CMG_IMU.a(CySpc.o)

.debug_line     0x00000000     0x3199
 *(.debug_line)
 .debug_line    0x00000000      0x407 .\CortexM3\ARM_GCC_541\Debug\main.o
 .debug_line    0x00000407      0x204 .\CortexM3\ARM_GCC_541\Debug\cyfitter_cfg.o
 .debug_line    0x0000060b      0x141 .\CortexM3\ARM_GCC_541\Debug\cymetadata.o
 .debug_line    0x0000074c      0x234 .\CortexM3\ARM_GCC_541\Debug\Cm3Start.o
 .debug_line    0x00000980       0x9d .\CortexM3\ARM_GCC_541\Debug\CMG_IMU.a(gimbal_direction.o)
 .debug_line    0x00000a1d      0x2f5 .\CortexM3\ARM_GCC_541\Debug\CMG_IMU.a(UART.o)
 .debug_line    0x00000d12       0x7d .\CortexM3\ARM_GCC_541\Debug\CMG_IMU.a(UART_INT.o)
 .debug_line    0x00000d8f      0x13d .\CortexM3\ARM_GCC_541\Debug\CMG_IMU.a(Rpi_Tx_Interrupt.o)
 .debug_line    0x00000ecc      0x15c .\CortexM3\ARM_GCC_541\Debug\CMG_IMU.a(Steering_Timer.o)
 .debug_line    0x00001028      0x13c .\CortexM3\ARM_GCC_541\Debug\CMG_IMU.a(Timer_Interrupt.o)
 .debug_line    0x00001164      0x17c .\CortexM3\ARM_GCC_541\Debug\CMG_IMU.a(UART_IntClock.o)
 .debug_line    0x000012e0      0x816 .\CortexM3\ARM_GCC_541\Debug\CMG_IMU.a(CyLib.o)
 .debug_line    0x00001af6      0x367 .\CortexM3\ARM_GCC_541\Debug\CMG_IMU.a(cyPm.o)
 .debug_line    0x00001e5d      0x1ae .\CortexM3\ARM_GCC_541\Debug\CMG_IMU.a(PWM_CMG.o)
 .debug_line    0x0000200b       0x90 .\CortexM3\ARM_GCC_541\Debug\CMG_IMU.a(SW1.o)
 .debug_line    0x0000209b       0x91 .\CortexM3\ARM_GCC_541\Debug\CMG_IMU.a(LED1.o)
 .debug_line    0x0000212c      0x128 .\CortexM3\ARM_GCC_541\Debug\CMG_IMU.a(Gimbal_Encoder.o)
 .debug_line    0x00002254      0x194 .\CortexM3\ARM_GCC_541\Debug\CMG_IMU.a(Gimbal_Encoder_Cnt16.o)
 .debug_line    0x000023e8      0x15a .\CortexM3\ARM_GCC_541\Debug\CMG_IMU.a(Gimbal_Timer.o)
 .debug_line    0x00002542      0x14a .\CortexM3\ARM_GCC_541\Debug\CMG_IMU.a(Gimbal_Control_Loop_Interrupt.o)
 .debug_line    0x0000268c      0x128 .\CortexM3\ARM_GCC_541\Debug\CMG_IMU.a(Handle_Encoder.o)
 .debug_line    0x000027b4      0x194 .\CortexM3\ARM_GCC_541\Debug\CMG_IMU.a(Handle_Encoder_Cnt16.o)
 .debug_line    0x00002948      0x14c .\CortexM3\ARM_GCC_541\Debug\CMG_IMU.a(Steering_Control_Loop_Interrupt.o)
 .debug_line    0x00002a94       0x99 .\CortexM3\ARM_GCC_541\Debug\CMG_IMU.a(Steering_Dir.o)
 .debug_line    0x00002b2d      0x18c .\CortexM3\ARM_GCC_541\Debug\CMG_IMU.a(PWM_Steer.o)
 .debug_line    0x00002cb9       0x66 .\CortexM3\ARM_GCC_541\Debug\CMG_IMU.a(CyBootAsmGnu.o)
 .debug_line    0x00002d1f      0x21a .\CortexM3\ARM_GCC_541\Debug\CMG_IMU.a(CyFlash.o)
 .debug_line    0x00002f39      0x260 .\CortexM3\ARM_GCC_541\Debug\CMG_IMU.a(CySpc.o)

.debug_frame    0x00000000     0x2308
 *(.debug_frame)
 .debug_frame   0x00000000      0x100 .\CortexM3\ARM_GCC_541\Debug\main.o
 .debug_frame   0x00000100       0xe4 .\CortexM3\ARM_GCC_541\Debug\cyfitter_cfg.o
 .debug_frame   0x000001e4       0xb8 .\CortexM3\ARM_GCC_541\Debug\Cm3Start.o
 .debug_frame   0x0000029c       0x50 .\CortexM3\ARM_GCC_541\Debug\CMG_IMU.a(gimbal_direction.o)
 .debug_frame   0x000002ec      0x25c .\CortexM3\ARM_GCC_541\Debug\CMG_IMU.a(UART.o)
 .debug_frame   0x00000548       0x20 .\CortexM3\ARM_GCC_541\Debug\CMG_IMU.a(UART_INT.o)
 .debug_frame   0x00000568      0x104 .\CortexM3\ARM_GCC_541\Debug\CMG_IMU.a(Rpi_Tx_Interrupt.o)
 .debug_frame   0x0000066c      0x108 .\CortexM3\ARM_GCC_541\Debug\CMG_IMU.a(Steering_Timer.o)
 .debug_frame   0x00000774      0x104 .\CortexM3\ARM_GCC_541\Debug\CMG_IMU.a(Timer_Interrupt.o)
 .debug_frame   0x00000878       0xe0 .\CortexM3\ARM_GCC_541\Debug\CMG_IMU.a(UART_IntClock.o)
 .debug_frame   0x00000958      0x738 .\CortexM3\ARM_GCC_541\Debug\CMG_IMU.a(CyLib.o)
 .debug_frame   0x00001090      0x1f8 .\CortexM3\ARM_GCC_541\Debug\CMG_IMU.a(cyPm.o)
 .debug_frame   0x00001288      0x154 .\CortexM3\ARM_GCC_541\Debug\CMG_IMU.a(PWM_CMG.o)
 .debug_frame   0x000013dc       0x50 .\CortexM3\ARM_GCC_541\Debug\CMG_IMU.a(SW1.o)
 .debug_frame   0x0000142c       0x50 .\CortexM3\ARM_GCC_541\Debug\CMG_IMU.a(LED1.o)
 .debug_frame   0x0000147c       0xdc .\CortexM3\ARM_GCC_541\Debug\CMG_IMU.a(Gimbal_Encoder.o)
 .debug_frame   0x00001558      0x134 .\CortexM3\ARM_GCC_541\Debug\CMG_IMU.a(Gimbal_Encoder_Cnt16.o)
 .debug_frame   0x0000168c      0x108 .\CortexM3\ARM_GCC_541\Debug\CMG_IMU.a(Gimbal_Timer.o)
 .debug_frame   0x00001794      0x104 .\CortexM3\ARM_GCC_541\Debug\CMG_IMU.a(Gimbal_Control_Loop_Interrupt.o)
 .debug_frame   0x00001898       0xdc .\CortexM3\ARM_GCC_541\Debug\CMG_IMU.a(Handle_Encoder.o)
 .debug_frame   0x00001974      0x134 .\CortexM3\ARM_GCC_541\Debug\CMG_IMU.a(Handle_Encoder_Cnt16.o)
 .debug_frame   0x00001aa8      0x104 .\CortexM3\ARM_GCC_541\Debug\CMG_IMU.a(Steering_Control_Loop_Interrupt.o)
 .debug_frame   0x00001bac       0x50 .\CortexM3\ARM_GCC_541\Debug\CMG_IMU.a(Steering_Dir.o)
 .debug_frame   0x00001bfc      0x134 .\CortexM3\ARM_GCC_541\Debug\CMG_IMU.a(PWM_Steer.o)
 .debug_frame   0x00001d30      0x194 .\CortexM3\ARM_GCC_541\Debug\CMG_IMU.a(CyFlash.o)
 .debug_frame   0x00001ec4      0x180 .\CortexM3\ARM_GCC_541\Debug\CMG_IMU.a(CySpc.o)
 .debug_frame   0x00002044       0x38 c:/program files (x86)/cypress/psoc creator/4.2/psoc creator/import/gnu/arm/5.4.1/bin/../lib/gcc/arm-none-eabi/5.4.1/../../../../arm-none-eabi/lib/armv7-m\libm.a(lib_a-s_cos.o)
 .debug_frame   0x0000207c       0x48 c:/program files (x86)/cypress/psoc creator/4.2/psoc creator/import/gnu/arm/5.4.1/bin/../lib/gcc/arm-none-eabi/5.4.1/../../../../arm-none-eabi/lib/armv7-m\libm.a(lib_a-e_rem_pio2.o)
 .debug_frame   0x000020c4       0x4c c:/program files (x86)/cypress/psoc creator/4.2/psoc creator/import/gnu/arm/5.4.1/bin/../lib/gcc/arm-none-eabi/5.4.1/../../../../arm-none-eabi/lib/armv7-m\libm.a(lib_a-k_cos.o)
 .debug_frame   0x00002110       0x50 c:/program files (x86)/cypress/psoc creator/4.2/psoc creator/import/gnu/arm/5.4.1/bin/../lib/gcc/arm-none-eabi/5.4.1/../../../../arm-none-eabi/lib/armv7-m\libm.a(lib_a-k_rem_pio2.o)
 .debug_frame   0x00002160       0x48 c:/program files (x86)/cypress/psoc creator/4.2/psoc creator/import/gnu/arm/5.4.1/bin/../lib/gcc/arm-none-eabi/5.4.1/../../../../arm-none-eabi/lib/armv7-m\libm.a(lib_a-k_sin.o)
 .debug_frame   0x000021a8       0x20 c:/program files (x86)/cypress/psoc creator/4.2/psoc creator/import/gnu/arm/5.4.1/bin/../lib/gcc/arm-none-eabi/5.4.1/../../../../arm-none-eabi/lib/armv7-m\libm.a(lib_a-s_fabs.o)
 .debug_frame   0x000021c8       0x34 c:/program files (x86)/cypress/psoc creator/4.2/psoc creator/import/gnu/arm/5.4.1/bin/../lib/gcc/arm-none-eabi/5.4.1/../../../../arm-none-eabi/lib/armv7-m\libm.a(lib_a-s_floor.o)
 .debug_frame   0x000021fc       0x30 c:/program files (x86)/cypress/psoc creator/4.2/psoc creator/import/gnu/arm/5.4.1/bin/../lib/gcc/arm-none-eabi/5.4.1/../../../../arm-none-eabi/lib/armv7-m\libm.a(lib_a-s_scalbn.o)
 .debug_frame   0x0000222c       0x20 c:/program files (x86)/cypress/psoc creator/4.2/psoc creator/import/gnu/arm/5.4.1/bin/../lib/gcc/arm-none-eabi/5.4.1/../../../../arm-none-eabi/lib/armv7-m\libm.a(lib_a-s_copysign.o)
 .debug_frame   0x0000224c       0x20 c:/program files (x86)/cypress/psoc creator/4.2/psoc creator/import/gnu/arm/5.4.1/bin/../lib/gcc/arm-none-eabi/5.4.1/../../../../arm-none-eabi/lib/armv7-m\libg_nano.a(lib_a-errno.o)
 .debug_frame   0x0000226c       0x28 c:/program files (x86)/cypress/psoc creator/4.2/psoc creator/import/gnu/arm/5.4.1/bin/../lib/gcc/arm-none-eabi/5.4.1/../../../../arm-none-eabi/lib/armv7-m\libg_nano.a(lib_a-exit.o)
 .debug_frame   0x00002294       0x2c c:/program files (x86)/cypress/psoc creator/4.2/psoc creator/import/gnu/arm/5.4.1/bin/../lib/gcc/arm-none-eabi/5.4.1/../../../../arm-none-eabi/lib/armv7-m\libg_nano.a(lib_a-init.o)
 .debug_frame   0x000022c0       0x28 c:/program files (x86)/cypress/psoc creator/4.2/psoc creator/import/gnu/arm/5.4.1/bin/../lib/gcc/arm-none-eabi/5.4.1/../../../../arm-none-eabi/lib/armv7-m\libg_nano.a(lib_a-memcpy-stub.o)
 .debug_frame   0x000022e8       0x20 c:/program files (x86)/cypress/psoc creator/4.2/psoc creator/import/gnu/arm/5.4.1/bin/../lib/gcc/arm-none-eabi/5.4.1/../../../../arm-none-eabi/lib/armv7-m\libg_nano.a(lib_a-memset.o)

.debug_str      0x00000000     0x30e6
 *(.debug_str)
 .debug_str     0x00000000      0x55f .\CortexM3\ARM_GCC_541\Debug\main.o
                                0x5b8 (size before relaxing)
 .debug_str     0x0000055f      0x1bb .\CortexM3\ARM_GCC_541\Debug\cyfitter_cfg.o
                                0x34e (size before relaxing)
 .debug_str     0x0000071a       0x7f .\CortexM3\ARM_GCC_541\Debug\cymetadata.o
                                0x1e8 (size before relaxing)
 .debug_str     0x00000799      0x13e .\CortexM3\ARM_GCC_541\Debug\Cm3Start.o
                                0x30e (size before relaxing)
 .debug_str     0x000008d7       0x8b .\CortexM3\ARM_GCC_541\Debug\CMG_IMU.a(gimbal_direction.o)
                                0x21d (size before relaxing)
 .debug_str     0x00000962      0x330 .\CortexM3\ARM_GCC_541\Debug\CMG_IMU.a(UART.o)
                                0x4fa (size before relaxing)
 .debug_str     0x00000c92       0x2d .\CortexM3\ARM_GCC_541\Debug\CMG_IMU.a(UART_INT.o)
                                0x1ea (size before relaxing)
 .debug_str     0x00000cbf      0x17f .\CortexM3\ARM_GCC_541\Debug\CMG_IMU.a(Rpi_Tx_Interrupt.o)
                                0x344 (size before relaxing)
 .debug_str     0x00000e3e      0x1b3 .\CortexM3\ARM_GCC_541\Debug\CMG_IMU.a(Steering_Timer.o)
                                0x389 (size before relaxing)
 .debug_str     0x00000ff1      0x15a .\CortexM3\ARM_GCC_541\Debug\CMG_IMU.a(Timer_Interrupt.o)
                                0x336 (size before relaxing)
 .debug_str     0x0000114b      0x189 .\CortexM3\ARM_GCC_541\Debug\CMG_IMU.a(UART_IntClock.o)
                                0x33a (size before relaxing)
 .debug_str     0x000012d4      0x7cd .\CortexM3\ARM_GCC_541\Debug\CMG_IMU.a(CyLib.o)
                                0xa4b (size before relaxing)
 .debug_str     0x00001aa1      0x365 .\CortexM3\ARM_GCC_541\Debug\CMG_IMU.a(cyPm.o)
                                0x737 (size before relaxing)
 .debug_str     0x00001e06      0x18a .\CortexM3\ARM_GCC_541\Debug\CMG_IMU.a(PWM_CMG.o)
                                0x3b5 (size before relaxing)
 .debug_str     0x00001f90       0x48 .\CortexM3\ARM_GCC_541\Debug\CMG_IMU.a(SW1.o)
                                0x1dc (size before relaxing)
 .debug_str     0x00001fd8       0x4b .\CortexM3\ARM_GCC_541\Debug\CMG_IMU.a(LED1.o)
                                0x1e1 (size before relaxing)
 .debug_str     0x00002023      0x155 .\CortexM3\ARM_GCC_541\Debug\CMG_IMU.a(Gimbal_Encoder.o)
                                0x38a (size before relaxing)
 .debug_str     0x00002178      0x219 .\CortexM3\ARM_GCC_541\Debug\CMG_IMU.a(Gimbal_Encoder_Cnt16.o)
                                0x479 (size before relaxing)
 .debug_str     0x00002391      0x16e .\CortexM3\ARM_GCC_541\Debug\CMG_IMU.a(Gimbal_Timer.o)
                                0x369 (size before relaxing)
 .debug_str     0x000024ff      0x210 .\CortexM3\ARM_GCC_541\Debug\CMG_IMU.a(Gimbal_Control_Loop_Interrupt.o)
                                0x3fa (size before relaxing)
 .debug_str     0x0000270f      0x14e .\CortexM3\ARM_GCC_541\Debug\CMG_IMU.a(Handle_Encoder.o)
                                0x38a (size before relaxing)
 .debug_str     0x0000285d      0x20a .\CortexM3\ARM_GCC_541\Debug\CMG_IMU.a(Handle_Encoder_Cnt16.o)
                                0x479 (size before relaxing)
 .debug_str     0x00002a67      0x22a .\CortexM3\ARM_GCC_541\Debug\CMG_IMU.a(Steering_Control_Loop_Interrupt.o)
                                0x416 (size before relaxing)
 .debug_str     0x00002c91       0x6b .\CortexM3\ARM_GCC_541\Debug\CMG_IMU.a(Steering_Dir.o)
                                0x209 (size before relaxing)
 .debug_str     0x00002cfc      0x18a .\CortexM3\ARM_GCC_541\Debug\CMG_IMU.a(PWM_Steer.o)
                                0x3ae (size before relaxing)
 .debug_str     0x00002e86      0x1b4 .\CortexM3\ARM_GCC_541\Debug\CMG_IMU.a(CyFlash.o)
                                0x3c4 (size before relaxing)
 .debug_str     0x0000303a       0xac .\CortexM3\ARM_GCC_541\Debug\CMG_IMU.a(CySpc.o)
                                0x33c (size before relaxing)

.debug_loc      0x00000000     0x23e3
 *(.debug_loc)
 .debug_loc     0x00000000      0x1e6 .\CortexM3\ARM_GCC_541\Debug\main.o
 .debug_loc     0x000001e6      0x259 .\CortexM3\ARM_GCC_541\Debug\cyfitter_cfg.o
 .debug_loc     0x0000043f      0x144 .\CortexM3\ARM_GCC_541\Debug\Cm3Start.o
 .debug_loc     0x00000583       0x42 .\CortexM3\ARM_GCC_541\Debug\CMG_IMU.a(gimbal_direction.o)
 .debug_loc     0x000005c5      0x276 .\CortexM3\ARM_GCC_541\Debug\CMG_IMU.a(UART.o)
 .debug_loc     0x0000083b       0x56 .\CortexM3\ARM_GCC_541\Debug\CMG_IMU.a(Rpi_Tx_Interrupt.o)
 .debug_loc     0x00000891       0x56 .\CortexM3\ARM_GCC_541\Debug\CMG_IMU.a(Timer_Interrupt.o)
 .debug_loc     0x000008e7      0x128 .\CortexM3\ARM_GCC_541\Debug\CMG_IMU.a(UART_IntClock.o)
 .debug_loc     0x00000a0f      0xa11 .\CortexM3\ARM_GCC_541\Debug\CMG_IMU.a(CyLib.o)
 .debug_loc     0x00001420      0x1e4 .\CortexM3\ARM_GCC_541\Debug\CMG_IMU.a(cyPm.o)
 .debug_loc     0x00001604       0x26 .\CortexM3\ARM_GCC_541\Debug\CMG_IMU.a(PWM_CMG.o)
 .debug_loc     0x0000162a       0x42 .\CortexM3\ARM_GCC_541\Debug\CMG_IMU.a(SW1.o)
 .debug_loc     0x0000166c       0x42 .\CortexM3\ARM_GCC_541\Debug\CMG_IMU.a(LED1.o)
 .debug_loc     0x000016ae       0x78 .\CortexM3\ARM_GCC_541\Debug\CMG_IMU.a(Gimbal_Encoder.o)
 .debug_loc     0x00001726       0x3d .\CortexM3\ARM_GCC_541\Debug\CMG_IMU.a(Gimbal_Encoder_Cnt16.o)
 .debug_loc     0x00001763       0x56 .\CortexM3\ARM_GCC_541\Debug\CMG_IMU.a(Gimbal_Control_Loop_Interrupt.o)
 .debug_loc     0x000017b9       0x78 .\CortexM3\ARM_GCC_541\Debug\CMG_IMU.a(Handle_Encoder.o)
 .debug_loc     0x00001831       0x3d .\CortexM3\ARM_GCC_541\Debug\CMG_IMU.a(Handle_Encoder_Cnt16.o)
 .debug_loc     0x0000186e       0x56 .\CortexM3\ARM_GCC_541\Debug\CMG_IMU.a(Steering_Control_Loop_Interrupt.o)
 .debug_loc     0x000018c4       0x42 .\CortexM3\ARM_GCC_541\Debug\CMG_IMU.a(Steering_Dir.o)
 .debug_loc     0x00001906       0x26 .\CortexM3\ARM_GCC_541\Debug\CMG_IMU.a(PWM_Steer.o)
 .debug_loc     0x0000192c      0x3b2 .\CortexM3\ARM_GCC_541\Debug\CMG_IMU.a(CyFlash.o)
 .debug_loc     0x00001cde      0x705 .\CortexM3\ARM_GCC_541\Debug\CMG_IMU.a(CySpc.o)

.debug_macinfo
 *(.debug_macinfo)

.debug_ranges   0x00000000      0xc30
 *(.debug_ranges)
 .debug_ranges  0x00000000       0x40 .\CortexM3\ARM_GCC_541\Debug\main.o
 .debug_ranges  0x00000040       0x48 .\CortexM3\ARM_GCC_541\Debug\cyfitter_cfg.o
 .debug_ranges  0x00000088       0x38 .\CortexM3\ARM_GCC_541\Debug\Cm3Start.o
 .debug_ranges  0x000000c0       0x28 .\CortexM3\ARM_GCC_541\Debug\CMG_IMU.a(gimbal_direction.o)
 .debug_ranges  0x000000e8       0xe0 .\CortexM3\ARM_GCC_541\Debug\CMG_IMU.a(UART.o)
 .debug_ranges  0x000001c8       0x10 .\CortexM3\ARM_GCC_541\Debug\CMG_IMU.a(UART_INT.o)
 .debug_ranges  0x000001d8       0x70 .\CortexM3\ARM_GCC_541\Debug\CMG_IMU.a(Rpi_Tx_Interrupt.o)
 .debug_ranges  0x00000248       0x78 .\CortexM3\ARM_GCC_541\Debug\CMG_IMU.a(Steering_Timer.o)
 .debug_ranges  0x000002c0       0x70 .\CortexM3\ARM_GCC_541\Debug\CMG_IMU.a(Timer_Interrupt.o)
 .debug_ranges  0x00000330       0x60 .\CortexM3\ARM_GCC_541\Debug\CMG_IMU.a(UART_IntClock.o)
 .debug_ranges  0x00000390      0x290 .\CortexM3\ARM_GCC_541\Debug\CMG_IMU.a(CyLib.o)
 .debug_ranges  0x00000620       0x88 .\CortexM3\ARM_GCC_541\Debug\CMG_IMU.a(cyPm.o)
 .debug_ranges  0x000006a8       0x98 .\CortexM3\ARM_GCC_541\Debug\CMG_IMU.a(PWM_CMG.o)
 .debug_ranges  0x00000740       0x28 .\CortexM3\ARM_GCC_541\Debug\CMG_IMU.a(SW1.o)
 .debug_ranges  0x00000768       0x28 .\CortexM3\ARM_GCC_541\Debug\CMG_IMU.a(LED1.o)
 .debug_ranges  0x00000790       0x50 .\CortexM3\ARM_GCC_541\Debug\CMG_IMU.a(Gimbal_Encoder.o)
 .debug_ranges  0x000007e0       0x88 .\CortexM3\ARM_GCC_541\Debug\CMG_IMU.a(Gimbal_Encoder_Cnt16.o)
 .debug_ranges  0x00000868       0x78 .\CortexM3\ARM_GCC_541\Debug\CMG_IMU.a(Gimbal_Timer.o)
 .debug_ranges  0x000008e0       0x70 .\CortexM3\ARM_GCC_541\Debug\CMG_IMU.a(Gimbal_Control_Loop_Interrupt.o)
 .debug_ranges  0x00000950       0x50 .\CortexM3\ARM_GCC_541\Debug\CMG_IMU.a(Handle_Encoder.o)
 .debug_ranges  0x000009a0       0x88 .\CortexM3\ARM_GCC_541\Debug\CMG_IMU.a(Handle_Encoder_Cnt16.o)
 .debug_ranges  0x00000a28       0x70 .\CortexM3\ARM_GCC_541\Debug\CMG_IMU.a(Steering_Control_Loop_Interrupt.o)
 .debug_ranges  0x00000a98       0x28 .\CortexM3\ARM_GCC_541\Debug\CMG_IMU.a(Steering_Dir.o)
 .debug_ranges  0x00000ac0       0x88 .\CortexM3\ARM_GCC_541\Debug\CMG_IMU.a(PWM_Steer.o)
 .debug_ranges  0x00000b48       0x78 .\CortexM3\ARM_GCC_541\Debug\CMG_IMU.a(CyFlash.o)
 .debug_ranges  0x00000bc0       0x70 .\CortexM3\ARM_GCC_541\Debug\CMG_IMU.a(CySpc.o)

.comment        0x00000000       0x6e
 .comment       0x00000000       0x6e .\CortexM3\ARM_GCC_541\Debug\main.o
                                 0x6f (size before relaxing)
 .comment       0x0000006e       0x6f .\CortexM3\ARM_GCC_541\Debug\cyfitter_cfg.o
 .comment       0x0000006e       0x6f .\CortexM3\ARM_GCC_541\Debug\cymetadata.o
 .comment       0x0000006e       0x6f .\CortexM3\ARM_GCC_541\Debug\Cm3Start.o
 .comment       0x0000006e       0x6f .\CortexM3\ARM_GCC_541\Debug\CMG_IMU.a(gimbal_direction.o)
 .comment       0x0000006e       0x6f .\CortexM3\ARM_GCC_541\Debug\CMG_IMU.a(UART.o)
 .comment       0x0000006e       0x6f .\CortexM3\ARM_GCC_541\Debug\CMG_IMU.a(UART_INT.o)
 .comment       0x0000006e       0x6f .\CortexM3\ARM_GCC_541\Debug\CMG_IMU.a(Rpi_Tx_Interrupt.o)
 .comment       0x0000006e       0x6f .\CortexM3\ARM_GCC_541\Debug\CMG_IMU.a(Steering_Timer.o)
 .comment       0x0000006e       0x6f .\CortexM3\ARM_GCC_541\Debug\CMG_IMU.a(Timer_Interrupt.o)
 .comment       0x0000006e       0x6f .\CortexM3\ARM_GCC_541\Debug\CMG_IMU.a(UART_IntClock.o)
 .comment       0x0000006e       0x6f .\CortexM3\ARM_GCC_541\Debug\CMG_IMU.a(CyLib.o)
 .comment       0x0000006e       0x6f .\CortexM3\ARM_GCC_541\Debug\CMG_IMU.a(cyPm.o)
 .comment       0x0000006e       0x6f .\CortexM3\ARM_GCC_541\Debug\CMG_IMU.a(PWM_CMG.o)
 .comment       0x0000006e       0x6f .\CortexM3\ARM_GCC_541\Debug\CMG_IMU.a(SW1.o)
 .comment       0x0000006e       0x6f .\CortexM3\ARM_GCC_541\Debug\CMG_IMU.a(LED1.o)
 .comment       0x0000006e       0x6f .\CortexM3\ARM_GCC_541\Debug\CMG_IMU.a(Gimbal_Encoder.o)
 .comment       0x0000006e       0x6f .\CortexM3\ARM_GCC_541\Debug\CMG_IMU.a(Gimbal_Encoder_Cnt16.o)
 .comment       0x0000006e       0x6f .\CortexM3\ARM_GCC_541\Debug\CMG_IMU.a(Gimbal_Timer.o)
 .comment       0x0000006e       0x6f .\CortexM3\ARM_GCC_541\Debug\CMG_IMU.a(Gimbal_Control_Loop_Interrupt.o)
 .comment       0x0000006e       0x6f .\CortexM3\ARM_GCC_541\Debug\CMG_IMU.a(Handle_Encoder.o)
 .comment       0x0000006e       0x6f .\CortexM3\ARM_GCC_541\Debug\CMG_IMU.a(Handle_Encoder_Cnt16.o)
 .comment       0x0000006e       0x6f .\CortexM3\ARM_GCC_541\Debug\CMG_IMU.a(Steering_Control_Loop_Interrupt.o)
 .comment       0x0000006e       0x6f .\CortexM3\ARM_GCC_541\Debug\CMG_IMU.a(Steering_Dir.o)
 .comment       0x0000006e       0x6f .\CortexM3\ARM_GCC_541\Debug\CMG_IMU.a(PWM_Steer.o)
 .comment       0x0000006e       0x6f .\CortexM3\ARM_GCC_541\Debug\CMG_IMU.a(CyFlash.o)
 .comment       0x0000006e       0x6f .\CortexM3\ARM_GCC_541\Debug\CMG_IMU.a(CySpc.o)

.debug_weaknames
 *(.debug_weaknames)

.debug_funcnames
 *(.debug_funcnames)

.debug_typenames
 *(.debug_typenames)

.debug_varnames
 *(.debug_varnames)

.note.gnu.arm.ident
 *(.note.gnu.arm.ident)

.ARM.attributes
                0x00000000       0x29
 *(.ARM.attributes)
 .ARM.attributes
                0x00000000       0x1d c:/program files (x86)/cypress/psoc creator/4.2/psoc creator/import/gnu/arm/5.4.1/bin/../lib/gcc/arm-none-eabi/5.4.1/armv7-m/crti.o
 .ARM.attributes
                0x0000001d       0x2d c:/program files (x86)/cypress/psoc creator/4.2/psoc creator/import/gnu/arm/5.4.1/bin/../lib/gcc/arm-none-eabi/5.4.1/armv7-m/crtbegin.o
 .ARM.attributes
                0x0000004a       0x1b c:/program files (x86)/cypress/psoc creator/4.2/psoc creator/import/gnu/arm/5.4.1/bin/../lib/gcc/arm-none-eabi/5.4.1/../../../../arm-none-eabi/lib/armv7-m/crt0.o
 .ARM.attributes
                0x00000065       0x33 .\CortexM3\ARM_GCC_541\Debug\main.o
 .ARM.attributes
                0x00000098       0x33 .\CortexM3\ARM_GCC_541\Debug\cyfitter_cfg.o
 .ARM.attributes
                0x000000cb       0x33 .\CortexM3\ARM_GCC_541\Debug\cymetadata.o
 .ARM.attributes
                0x000000fe       0x33 .\CortexM3\ARM_GCC_541\Debug\Cm3Start.o
 .ARM.attributes
                0x00000131       0x33 .\CortexM3\ARM_GCC_541\Debug\CMG_IMU.a(gimbal_direction.o)
 .ARM.attributes
                0x00000164       0x33 .\CortexM3\ARM_GCC_541\Debug\CMG_IMU.a(UART.o)
 .ARM.attributes
                0x00000197       0x33 .\CortexM3\ARM_GCC_541\Debug\CMG_IMU.a(UART_INT.o)
 .ARM.attributes
                0x000001ca       0x33 .\CortexM3\ARM_GCC_541\Debug\CMG_IMU.a(Rpi_Tx_Interrupt.o)
 .ARM.attributes
                0x000001fd       0x33 .\CortexM3\ARM_GCC_541\Debug\CMG_IMU.a(Steering_Timer.o)
 .ARM.attributes
                0x00000230       0x33 .\CortexM3\ARM_GCC_541\Debug\CMG_IMU.a(Timer_Interrupt.o)
 .ARM.attributes
                0x00000263       0x33 .\CortexM3\ARM_GCC_541\Debug\CMG_IMU.a(UART_IntClock.o)
 .ARM.attributes
                0x00000296       0x33 .\CortexM3\ARM_GCC_541\Debug\CMG_IMU.a(CyLib.o)
 .ARM.attributes
                0x000002c9       0x33 .\CortexM3\ARM_GCC_541\Debug\CMG_IMU.a(cyPm.o)
 .ARM.attributes
                0x000002fc       0x33 .\CortexM3\ARM_GCC_541\Debug\CMG_IMU.a(PWM_CMG.o)
 .ARM.attributes
                0x0000032f       0x33 .\CortexM3\ARM_GCC_541\Debug\CMG_IMU.a(SW1.o)
 .ARM.attributes
                0x00000362       0x33 .\CortexM3\ARM_GCC_541\Debug\CMG_IMU.a(LED1.o)
 .ARM.attributes
                0x00000395       0x33 .\CortexM3\ARM_GCC_541\Debug\CMG_IMU.a(Gimbal_Encoder.o)
 .ARM.attributes
                0x000003c8       0x33 .\CortexM3\ARM_GCC_541\Debug\CMG_IMU.a(Gimbal_Encoder_Cnt16.o)
 .ARM.attributes
                0x000003fb       0x33 .\CortexM3\ARM_GCC_541\Debug\CMG_IMU.a(Gimbal_Timer.o)
 .ARM.attributes
                0x0000042e       0x33 .\CortexM3\ARM_GCC_541\Debug\CMG_IMU.a(Gimbal_Control_Loop_Interrupt.o)
 .ARM.attributes
                0x00000461       0x33 .\CortexM3\ARM_GCC_541\Debug\CMG_IMU.a(Handle_Encoder.o)
 .ARM.attributes
                0x00000494       0x33 .\CortexM3\ARM_GCC_541\Debug\CMG_IMU.a(Handle_Encoder_Cnt16.o)
 .ARM.attributes
                0x000004c7       0x33 .\CortexM3\ARM_GCC_541\Debug\CMG_IMU.a(Steering_Control_Loop_Interrupt.o)
 .ARM.attributes
                0x000004fa       0x33 .\CortexM3\ARM_GCC_541\Debug\CMG_IMU.a(Steering_Dir.o)
 .ARM.attributes
                0x0000052d       0x33 .\CortexM3\ARM_GCC_541\Debug\CMG_IMU.a(PWM_Steer.o)
 .ARM.attributes
                0x00000560       0x21 .\CortexM3\ARM_GCC_541\Debug\CMG_IMU.a(CyBootAsmGnu.o)
 .ARM.attributes
                0x00000581       0x33 .\CortexM3\ARM_GCC_541\Debug\CMG_IMU.a(CyFlash.o)
 .ARM.attributes
                0x000005b4       0x33 .\CortexM3\ARM_GCC_541\Debug\CMG_IMU.a(CySpc.o)
 .ARM.attributes
                0x000005e7       0x2d c:/program files (x86)/cypress/psoc creator/4.2/psoc creator/import/gnu/arm/5.4.1/bin/../lib/gcc/arm-none-eabi/5.4.1/../../../../arm-none-eabi/lib/armv7-m\libm.a(lib_a-s_cos.o)
 .ARM.attributes
                0x00000614       0x2d c:/program files (x86)/cypress/psoc creator/4.2/psoc creator/import/gnu/arm/5.4.1/bin/../lib/gcc/arm-none-eabi/5.4.1/../../../../arm-none-eabi/lib/armv7-m\libm.a(lib_a-e_rem_pio2.o)
 .ARM.attributes
                0x00000641       0x2d c:/program files (x86)/cypress/psoc creator/4.2/psoc creator/import/gnu/arm/5.4.1/bin/../lib/gcc/arm-none-eabi/5.4.1/../../../../arm-none-eabi/lib/armv7-m\libm.a(lib_a-k_cos.o)
 .ARM.attributes
                0x0000066e       0x2d c:/program files (x86)/cypress/psoc creator/4.2/psoc creator/import/gnu/arm/5.4.1/bin/../lib/gcc/arm-none-eabi/5.4.1/../../../../arm-none-eabi/lib/armv7-m\libm.a(lib_a-k_rem_pio2.o)
 .ARM.attributes
                0x0000069b       0x2d c:/program files (x86)/cypress/psoc creator/4.2/psoc creator/import/gnu/arm/5.4.1/bin/../lib/gcc/arm-none-eabi/5.4.1/../../../../arm-none-eabi/lib/armv7-m\libm.a(lib_a-k_sin.o)
 .ARM.attributes
                0x000006c8       0x2d c:/program files (x86)/cypress/psoc creator/4.2/psoc creator/import/gnu/arm/5.4.1/bin/../lib/gcc/arm-none-eabi/5.4.1/../../../../arm-none-eabi/lib/armv7-m\libm.a(lib_a-s_fabs.o)
 .ARM.attributes
                0x000006f5       0x2d c:/program files (x86)/cypress/psoc creator/4.2/psoc creator/import/gnu/arm/5.4.1/bin/../lib/gcc/arm-none-eabi/5.4.1/../../../../arm-none-eabi/lib/armv7-m\libm.a(lib_a-s_floor.o)
 .ARM.attributes
                0x00000722       0x2d c:/program files (x86)/cypress/psoc creator/4.2/psoc creator/import/gnu/arm/5.4.1/bin/../lib/gcc/arm-none-eabi/5.4.1/../../../../arm-none-eabi/lib/armv7-m\libm.a(lib_a-s_scalbn.o)
 .ARM.attributes
                0x0000074f       0x2d c:/program files (x86)/cypress/psoc creator/4.2/psoc creator/import/gnu/arm/5.4.1/bin/../lib/gcc/arm-none-eabi/5.4.1/../../../../arm-none-eabi/lib/armv7-m\libm.a(lib_a-s_copysign.o)
 .ARM.attributes
                0x0000077c       0x1d c:/program files (x86)/cypress/psoc creator/4.2/psoc creator/import/gnu/arm/5.4.1/bin/../lib/gcc/arm-none-eabi/5.4.1/armv7-m\libgcc.a(_arm_addsubdf3.o)
 .ARM.attributes
                0x00000799       0x1d c:/program files (x86)/cypress/psoc creator/4.2/psoc creator/import/gnu/arm/5.4.1/bin/../lib/gcc/arm-none-eabi/5.4.1/armv7-m\libgcc.a(_arm_muldivdf3.o)
 .ARM.attributes
                0x000007b6       0x1d c:/program files (x86)/cypress/psoc creator/4.2/psoc creator/import/gnu/arm/5.4.1/bin/../lib/gcc/arm-none-eabi/5.4.1/armv7-m\libgcc.a(_arm_cmpdf2.o)
 .ARM.attributes
                0x000007d3       0x1d c:/program files (x86)/cypress/psoc creator/4.2/psoc creator/import/gnu/arm/5.4.1/bin/../lib/gcc/arm-none-eabi/5.4.1/armv7-m\libgcc.a(_arm_fixdfsi.o)
 .ARM.attributes
                0x000007f0       0x1d c:/program files (x86)/cypress/psoc creator/4.2/psoc creator/import/gnu/arm/5.4.1/bin/../lib/gcc/arm-none-eabi/5.4.1/armv7-m\libgcc.a(_arm_truncdfsf2.o)
 .ARM.attributes
                0x0000080d       0x1d c:/program files (x86)/cypress/psoc creator/4.2/psoc creator/import/gnu/arm/5.4.1/bin/../lib/gcc/arm-none-eabi/5.4.1/armv7-m\libgcc.a(_arm_addsubsf3.o)
 .ARM.attributes
                0x0000082a       0x1d c:/program files (x86)/cypress/psoc creator/4.2/psoc creator/import/gnu/arm/5.4.1/bin/../lib/gcc/arm-none-eabi/5.4.1/armv7-m\libgcc.a(_arm_muldivsf3.o)
 .ARM.attributes
                0x00000847       0x1d c:/program files (x86)/cypress/psoc creator/4.2/psoc creator/import/gnu/arm/5.4.1/bin/../lib/gcc/arm-none-eabi/5.4.1/armv7-m\libgcc.a(_arm_cmpsf2.o)
 .ARM.attributes
                0x00000864       0x1d c:/program files (x86)/cypress/psoc creator/4.2/psoc creator/import/gnu/arm/5.4.1/bin/../lib/gcc/arm-none-eabi/5.4.1/armv7-m\libgcc.a(_arm_fixsfsi.o)
 .ARM.attributes
                0x00000881       0x2d c:/program files (x86)/cypress/psoc creator/4.2/psoc creator/import/gnu/arm/5.4.1/bin/../lib/gcc/arm-none-eabi/5.4.1/../../../../arm-none-eabi/lib/armv7-m\libg_nano.a(lib_a-errno.o)
 .ARM.attributes
                0x000008ae       0x2d c:/program files (x86)/cypress/psoc creator/4.2/psoc creator/import/gnu/arm/5.4.1/bin/../lib/gcc/arm-none-eabi/5.4.1/../../../../arm-none-eabi/lib/armv7-m\libg_nano.a(lib_a-exit.o)
 .ARM.attributes
                0x000008db       0x2d c:/program files (x86)/cypress/psoc creator/4.2/psoc creator/import/gnu/arm/5.4.1/bin/../lib/gcc/arm-none-eabi/5.4.1/../../../../arm-none-eabi/lib/armv7-m\libg_nano.a(lib_a-impure.o)
 .ARM.attributes
                0x00000908       0x2d c:/program files (x86)/cypress/psoc creator/4.2/psoc creator/import/gnu/arm/5.4.1/bin/../lib/gcc/arm-none-eabi/5.4.1/../../../../arm-none-eabi/lib/armv7-m\libg_nano.a(lib_a-init.o)
 .ARM.attributes
                0x00000935       0x2d c:/program files (x86)/cypress/psoc creator/4.2/psoc creator/import/gnu/arm/5.4.1/bin/../lib/gcc/arm-none-eabi/5.4.1/../../../../arm-none-eabi/lib/armv7-m\libg_nano.a(lib_a-memcpy-stub.o)
 .ARM.attributes
                0x00000962       0x2d c:/program files (x86)/cypress/psoc creator/4.2/psoc creator/import/gnu/arm/5.4.1/bin/../lib/gcc/arm-none-eabi/5.4.1/../../../../arm-none-eabi/lib/armv7-m\libg_nano.a(lib_a-memset.o)
 .ARM.attributes
                0x0000098f       0x2d c:/program files (x86)/cypress/psoc creator/4.2/psoc creator/import/gnu/arm/5.4.1/bin/../lib/gcc/arm-none-eabi/5.4.1/armv7-m/crtend.o
 .ARM.attributes
                0x000009bc       0x1d c:/program files (x86)/cypress/psoc creator/4.2/psoc creator/import/gnu/arm/5.4.1/bin/../lib/gcc/arm-none-eabi/5.4.1/armv7-m/crtn.o

/DISCARD/
 *(.note.GNU-stack)
OUTPUT(C:\Users\jebush2\Desktop\PSoC 3-19-2019\Smart Bike PSoC\CMG_IMU.cydsn\CortexM3\ARM_GCC_541\Debug\CMG_IMU.elf elf32-littlearm)
